--------- beginning of main
D/PodcastCatcher BaseActivity( 3737): onPanelSlide() + offset: 0.17677756
D/PodcastCatcher BaseActivity( 3737): onPanelSlide() + offset: 0.14611872
D/PodcastCatcher BaseActivity( 3737): onPanelSlide() + offset: 0.11806914
D/PodcastCatcher BaseActivity( 3737): onPanelSlide() + offset: 0.09393346
D/PodcastCatcher BaseActivity( 3737): onPanelSlide() + offset: 0.07110241
D/PodcastCatcher BaseActivity( 3737): onPanelSlide() + offset: 0.052837573
D/PodcastCatcher BaseActivity( 3737): onPanelSlide() + offset: 0.040443573
D/PodcastCatcher BaseActivity( 3737): onPanelSlide() + offset: 0.03457273
D/PodcastCatcher BaseActivity( 3737): onPanelSlide() + offset: 0.026092628
D/PodcastCatcher BaseActivity( 3737): onPanelSlide() + offset: 0.01826484
D/PodcastCatcher BaseActivity( 3737): onPanelSlide() + offset: 0.014350946
D/PodcastCatcher BaseActivity( 3737): onPanelSlide() + offset: 0.010437052
D/PodcastCatcher BaseActivity( 3737): onPanelSlide() + offset: 0.007175473
D/PodcastCatcher BaseActivity( 3737): onPanelSlide() + offset: 0.00456621
D/PodcastCatcher BaseActivity( 3737): onPanelSlide() + offset: 0.0032615785
D/PodcastCatcher BaseActivity( 3737): onPanelSlide() + offset: 0.0019569471
D/PodcastCatcher BaseActivity( 3737): onPanelSlide() + offset: 6.5231574E-4
D/PodcastCatcher BaseActivity( 3737): onPanelSlide() + offset: 0.0
D/PodcastCatcher BaseActivity( 3737): onPanelCollpased()
W/EGL_emulation( 3737): eglSurfaceAttrib not implemented
W/OpenGLRenderer( 3737): Failed to set EGL_SWAP_BEHAVIOR on surface 0xa326fae0, error=EGL_SUCCESS
D/PhoneStatusBar( 1347): disable: < expand ICONS* alerts SYSTEM_INFO* back home recent clock search >
W/EGL_emulation( 1347): eglSurfaceAttrib not implemented
W/OpenGLRenderer( 1347): Failed to set EGL_SWAP_BEHAVIOR on surface 0xa587f100, error=EGL_SUCCESS
D/AndroidRuntime( 3862): 
D/AndroidRuntime( 3862): >>>>>> AndroidRuntime START com.android.internal.os.RuntimeInit <<<<<<
D/AndroidRuntime( 3862): CheckJNI is ON
E/memtrack( 3862): Couldn't load memtrack module (No such file or directory)
E/android.os.Debug( 3862): failed to load memtrack module: -2
D/AndroidRuntime( 3862): Calling main entry com.android.commands.pm.Pm
--------- beginning of system
D/DefContainer( 1699): Copying /data/local/tmp/com.fireminder.podcastcatcher to base.apk
D/PackageManager( 1231): Renaming /data/app/vmdl1657813492.tmp to /data/app/com.fireminder.podcastcatcher-1
I/ActivityManager( 1231): Force stopping com.fireminder.podcastcatcher appid=10057 user=-1: uninstall pkg
I/ActivityManager( 1231): Killing 3737:com.fireminder.podcastcatcher/u0a57 (adj 1): stop com.fireminder.podcastcatcher
W/MediaFocusControl( 1231):   AudioFocus   audio focus client died
I/MediaFocusControl( 1231): AudioFocus  removeFocusStackEntry(): removing entry for android.os.BinderProxy@2e20d748
I/WindowState( 1231): WIN DEATH: Window{20ff2e8b u0 com.fireminder.podcastcatcher/com.fireminder.podcastcatcher.ui.activities.PodcastsActivity}
D/NuPlayerDriver(  942): reset(0xb5c1c520)
D/NuPlayerDriver(  942): notifyResetComplete(0xb5c1c520)
W/AudioFlinger(  942): session id 130 not found for pid 3737
W/SurfaceFlinger(  931): couldn't log to binary event log: overflow.
W/ActivityManager( 1231): Scheduling restart of crashed service com.fireminder.podcastcatcher/.services.SubscriptionService in 1000ms
W/ActivityManager( 1231): Scheduling restart of crashed service com.fireminder.podcastcatcher/.mediaplayer.MediaPlayerService in 10999ms
W/ActivityManager( 1231): Scheduling restart of crashed service com.fireminder.podcastcatcher/.services.DownloadManagerService in 20999ms
W/ActivityManager( 1231): Force removing ActivityRecord{a486c9e u0 com.fireminder.podcastcatcher/.ui.activities.PodcastsActivity t16}: app died, no saved state
I/ActivityManager( 1231):   Force stopping service ServiceRecord{26439250 u0 com.fireminder.podcastcatcher/.mediaplayer.MediaPlayerService}
I/ActivityManager( 1231):   Force stopping service ServiceRecord{3e296141 u0 com.fireminder.podcastcatcher/.services.SubscriptionService}
W/ActivityManager( 1231): Spurious death for ProcessRecord{1b39dc49 3737:com.fireminder.podcastcatcher/u0a57}, curProc for 3737: null
I/art     ( 1231): Background sticky concurrent mark sweep GC freed 37584(1489KB) AllocSpace objects, 2(372KB) LOS objects, 6% free, 13MB/15MB, paused 6.484ms total 115.698ms
D/Documents( 2964): userMode=0, userSortOrder=0 --> mode=1, sortOrder=2
W/EGL_emulation( 2964): eglSurfaceAttrib not implemented
W/OpenGLRenderer( 2964): Failed to set EGL_SWAP_BEHAVIOR on surface 0xb0aa9e60, error=EGL_SUCCESS
I/PackageManager( 1231): Package com.fireminder.podcastcatcher codePath changed from /data/app/com.fireminder.podcastcatcher-2 to /data/app/com.fireminder.podcastcatcher-1; Retaining data and using new
I/art     ( 1231): DexFile_isDexOptNeeded failed to open oat file '/data/dalvik-cache/x86/data@app@com.fireminder.podcastcatcher-1@base.apk@classes.dex' for file location '/data/app/com.fireminder.podcastcatcher-1/base.apk': Failed to open oat filename for reading: No such file or directory
I/art     ( 1231): DexFile_isDexOptNeeded failed to open oat file '/data/app/com.fireminder.podcastcatcher-1/x86/base.odex' for file location '/data/app/com.fireminder.podcastcatcher-1/base.apk': Failed to open oat filename for reading: No such file or directory
I/PackageManager( 1231): Running dexopt on: /data/app/com.fireminder.podcastcatcher-1/base.apk pkg=com.fireminder.podcastcatcher isa=x86 vmSafeMode=false
I/dex2oat ( 3873): /system/bin/dex2oat --zip-fd=6 --zip-location=/data/app/com.fireminder.podcastcatcher-1/base.apk --oat-fd=7 --oat-location=/data/dalvik-cache/x86/data@app@com.fireminder.podcastcatcher-1@base.apk@classes.dex --instruction-set=x86 --instruction-set-features=default --runtime-arg -Xms64m --runtime-arg -Xmx512m
D/PhoneStatusBar( 1347): disable: < expand icons* alerts system_info* back home recent clock search >
W/dex2oat ( 3873): Before Android 4.1, method int android.support.v7.internal.widget.ListViewCompat.lookForSelectablePosition(int, boolean) would have incorrectly overridden the package-private method in android.widget.ListView
W/dex2oat ( 3873): Before Android 4.1, method void it.gmariotti.cardslib.library.prototypes.LinearListView.drawDividersHorizontal(android.graphics.Canvas) would have incorrectly overridden the package-private method in android.widget.LinearLayout
W/dex2oat ( 3873): Before Android 4.1, method void it.gmariotti.cardslib.library.prototypes.LinearListView.drawDividersVertical(android.graphics.Canvas) would have incorrectly overridden the package-private method in android.widget.LinearLayout
W/dex2oat ( 3873): Before Android 4.1, method void it.gmariotti.cardslib.library.prototypes.LinearListView.drawHorizontalDivider(android.graphics.Canvas, int) would have incorrectly overridden the package-private method in android.widget.LinearLayout
W/dex2oat ( 3873): Before Android 4.1, method void it.gmariotti.cardslib.library.prototypes.LinearListView.drawVerticalDivider(android.graphics.Canvas, int) would have incorrectly overridden the package-private method in android.widget.LinearLayout
W/InputMethodManagerService( 1231): Got RemoteException sending setActive(false) notification to pid 3737 uid 10057
I/Choreographer( 2964): Skipped 209 frames!  The application may be doing too much work on its main thread.
W/EGL_emulation( 1347): eglSurfaceAttrib not implemented
W/OpenGLRenderer( 1347): Failed to set EGL_SWAP_BEHAVIOR on surface 0xa587f100, error=EGL_SUCCESS
I/Choreographer( 1347): Skipped 194 frames!  The application may be doing too much work on its main thread.
I/dex2oat ( 3873): dex2oat took 17.320s (threads: 1)
I/ActivityManager( 1231): Force stopping com.fireminder.podcastcatcher appid=10057 user=-1: update pkg
W/PackageManager( 1231): Code path for pkg : com.fireminder.podcastcatcher changing from /data/app/com.fireminder.podcastcatcher-2 to /data/app/com.fireminder.podcastcatcher-1
W/PackageManager( 1231): Resource path for pkg : com.fireminder.podcastcatcher changing from /data/app/com.fireminder.podcastcatcher-2 to /data/app/com.fireminder.podcastcatcher-1
W/JavaBinder( 1231): Binder has been finalized when calling linkToDeath() with recip=0xa74bea00)
I/ActivityManager( 1231): Force stopping com.fireminder.podcastcatcher appid=10057 user=0: pkg removed
I/InputReader( 1231): Reconfiguring input devices.  changes=0x00000010
D/BackupManagerService( 1231): Received broadcast Intent { act=android.intent.action.PACKAGE_REMOVED dat=package:com.fireminder.podcastcatcher flg=0x4000010 (has extras) }
D/JobSchedulerService( 1231): Receieved: android.intent.action.PACKAGE_REMOVED
I/art     ( 1347): Explicit concurrent mark sweep GC freed 40885(1762KB) AllocSpace objects, 3(121KB) LOS objects, 25% free, 11MB/15MB, paused 1.382ms total 41.703ms
D/Documents( 2964): Update found 6 roots in 6ms
I/ConfigFetchService( 1762): PackageReceiver: Intent { act=android.intent.action.PACKAGE_REMOVED dat=package:com.fireminder.podcastcatcher flg=0x4000010 cmp=com.google.android.gms/.config.ConfigFetchService$PackageReceiver (has extras) }
I/ConfigService( 1715): onCreate
I/ConfigService( 1715): onBind for Intent { act=com.google.android.gms.config.UPDATE pkg=com.google.android.gms } action com.google.android.gms.config.UPDATE
I/ConfigService( 1715): onBind returning update interface
I/ConfigService( 1715): onBind for Intent { act=com.google.android.gms.config.START pkg=com.google.android.gms } action com.google.android.gms.config.START
I/ConfigService( 1715): onBind returning config service
I/ConfigFetchService( 1762): onStartCommand Intent { act=android.intent.action.PACKAGE_REMOVED dat=package:com.fireminder.podcastcatcher cmp=com.google.android.gms/.config.ConfigFetchService (has extras) }
D/BackupManagerService( 1231): Received broadcast Intent { act=android.intent.action.PACKAGE_ADDED dat=package:com.fireminder.podcastcatcher flg=0x4000010 (has extras) }
W/BackupManagerService( 1231): Removing schedule queue dupe of com.fireminder.podcastcatcher
I/InputReader( 1231): Reconfiguring input devices.  changes=0x00000010
D/Documents( 2964): Update found 6 roots in 0ms
I/ConfigFetchService( 1762): service connected
W/ContextImpl( 1897): Calling a method in the system process without a qualified user: android.app.ContextImpl.startService:1686 android.content.ContextWrapper.startService:515 android.content.ContextWrapper.startService:515 com.android.keychain.KeyChainBroadcastReceiver.onReceive:12 android.app.ActivityThread.handleReceiver:2579 
I/ConfigClient( 1762): service connected
I/ConfigService( 1715): onDestroy
I/ConfigFetchService( 1762): PackageReceiver: Intent { act=android.intent.action.PACKAGE_ADDED dat=package:com.fireminder.podcastcatcher flg=0x4000010 cmp=com.google.android.gms/.config.ConfigFetchService$PackageReceiver (has extras) }
I/ConfigService( 1715): onCreate
I/ConfigService( 1715): onBind for Intent { act=com.google.android.gms.config.UPDATE pkg=com.google.android.gms } action com.google.android.gms.config.UPDATE
D/PackageBroadcastService( 1762): Received broadcast action=android.intent.action.PACKAGE_REMOVED and uri=com.fireminder.podcastcatcher
I/ConfigService( 1715): onBind returning update interface
W/Settings( 1231): Setting install_non_market_apps has moved from android.provider.Settings.Global to android.provider.Settings.Secure, returning read-only value.
W/VoiceInteractionManagerService( 1231): no available voice recognition services found for user 0
I/InputReader( 1231): Reconfiguring input devices.  changes=0x00000010
I/Launcher( 1502): Deferring update until onResume
I/ConfigService( 1715): onBind for Intent { act=com.google.android.gms.config.START pkg=com.google.android.gms } action com.google.android.gms.config.START
I/ConfigService( 1715): onBind returning config service
I/ConfigFetchService( 1762): onStartCommand Intent { act=android.intent.action.PACKAGE_ADDED dat=package:com.fireminder.podcastcatcher cmp=com.google.android.gms/.config.ConfigFetchService (has extras) }
I/ConfigFetchService( 1762): launchTask
I/ConfigFetchService( 1762): service connected
I/ConfigClient( 1762): service connected
D/PackageBroadcastService( 1762): Received broadcast action=android.intent.action.PACKAGE_ADDED and uri=com.fireminder.podcastcatcher
I/art     ( 1231): Explicit concurrent mark sweep GC freed 10873(750KB) AllocSpace objects, 4(64KB) LOS objects, 28% free, 9MB/13MB, paused 1.904ms total 152.797ms
D/AndroidRuntime( 3862): Shutting down VM
I/art     ( 3862): Debugger is no longer active
W/art     ( 3862): Suspending all threads took: 5.091ms
I/PeopleContactsSync( 1762): CP2 sync disabled
D/PackageBroadcastService( 1762): Received broadcast action=android.intent.action.PACKAGE_REPLACED and uri=com.fireminder.podcastcatcher
I/PeopleContactsSync( 1762): CP2 sync disabled
D/AndroidRuntime( 3889): 
D/AndroidRuntime( 3889): >>>>>> AndroidRuntime START com.android.internal.os.RuntimeInit <<<<<<
D/AndroidRuntime( 3889): CheckJNI is ON
E/memtrack( 3889): Couldn't load memtrack module (No such file or directory)
E/android.os.Debug( 3889): failed to load memtrack module: -2
D/AndroidRuntime( 3889): Calling main entry com.android.commands.am.Am
I/ActivityManager( 1231): START u0 {act=android.intent.action.MAIN cat=[android.intent.category.LAUNCHER] flg=0x10000000 cmp=com.fireminder.podcastcatcher/.ui.activities.PodcastsActivity} from uid 0 on display 0
E/gralloc_goldfish(  931): gralloc_alloc: Mismatched usage flags: 576 x 576, usage 333
W/GraphicBufferAllocator(  931): alloc(576, 576, 1, 00000333, ...) failed -22 (Invalid argument)
E/        (  931): GraphicBufferAlloc::createGraphicBuffer(w=576, h=576) failed (Invalid argument), handle=0x0
E/BufferQueueProducer( 1231): [ScreenshotClient] dequeueBuffer: createGraphicBuffer failed
W/WindowManager( 1231): Screenshot failure taking screenshot for (1080x1920) to layer 21015
E/ActivityManager( 1231): Invalid thumbnail dimensions: 576x576
D/AndroidRuntime( 3889): Shutting down VM
I/art     ( 3889): Debugger is no longer active
I/art     ( 3899): Not late-enabling -Xcheck:jni (already on)
I/ActivityManager( 1231): Start proc com.fireminder.podcastcatcher for activity com.fireminder.podcastcatcher/.ui.activities.PodcastsActivity: pid=3899 uid=10057 gids={50057, 9997, 3003, 1028, 1015} abi=x86
W/System.err( 3899): java.io.IOException: Address already in use
W/System.err( 3899): 	at android.net.LocalSocketImpl.bindLocal(Native Method)
W/System.err( 3899): 	at android.net.LocalSocketImpl.bind(LocalSocketImpl.java:306)
W/System.err( 3899): 	at android.net.LocalServerSocket.<init>(LocalServerSocket.java:52)
W/System.err( 3899): 	at com.facebook.stetho.server.LocalSocketHttpServer.bindToSocket(LocalSocketHttpServer.java:278)
W/System.err( 3899): 	at com.facebook.stetho.server.LocalSocketHttpServer.listenOnAddress(LocalSocketHttpServer.java:138)
W/System.err( 3899): 	at com.facebook.stetho.server.LocalSocketHttpServer.run(LocalSocketHttpServer.java:134)
W/System.err( 3899): 	at com.facebook.stetho.Stetho$1.run(Stetho.java:80)
E/stetho  ( 3899): Could not bind to socket.
I/art     ( 3899): Background sticky concurrent mark sweep GC freed 2762(218KB) AllocSpace objects, 0(0B) LOS objects, 21% free, 892KB/1135KB, paused 7.068ms total 90.066ms
E/PodcastCatcher PodcastCatcherProvider( 3899): buildExpandedSelection: match: 100
E/PodcastCatcher PodcastCatcherProvider( 3899): buildExpandedSelection: uri: content://com.fireminder.podcastcatcher/podcasts
I/PodcastCatcher SelectionBuilder( 3899): query(columns=null, distinct=false) SelectionBuilder[table=podcasts, selection=, selectionArgs=[]projectionMap = {} ]
E/PodcastCatcher PodcastCatcherProvider( 3899): buildExpandedSelection: match: 201
E/PodcastCatcher PodcastCatcherProvider( 3899): buildExpandedSelection: uri: content://com.fireminder.podcastcatcher/episodes/74257705
I/PodcastCatcher SelectionBuilder( 3899): query(columns=null, distinct=false) SelectionBuilder[table=episodes, selection=(episodeId=?), selectionArgs=[74257705]projectionMap = {} ]
I/art     ( 3899): Background sticky concurrent mark sweep GC freed 1138(151KB) AllocSpace objects, 2(32KB) LOS objects, 9% free, 1769KB/1959KB, paused 5.940ms total 55.555ms
I/art     ( 3899): Background sticky concurrent mark sweep GC freed 0(0B) AllocSpace objects, 0(0B) LOS objects, 9% free, 1769KB/1959KB, paused 8.800ms total 34.816ms
E/PodcastCatcher PodcastCatcherProvider( 3899): buildExpandedSelection: match: 101
E/PodcastCatcher PodcastCatcherProvider( 3899): buildExpandedSelection: uri: content://com.fireminder.podcastcatcher/podcasts/8b5f15a9
I/PodcastCatcher SelectionBuilder( 3899): query(columns=null, distinct=false) SelectionBuilder[table=podcasts, selection=(podcastId=?), selectionArgs=[8b5f15a9]projectionMap = {} ]
D/OpenGLRenderer( 3899): Render dirty regions requested: true
W/CursorWrapperInner( 3899): Cursor finalized without prior close()
D/        ( 3899): HostConnection::get() New Host Connection established 0xa6ce61f0, tid 3899
D/Atlas   ( 3899): Validating map...
D/        ( 3899): HostConnection::get() New Host Connection established 0xa6ce6900, tid 3917
I/OpenGLRenderer( 3899): Initialized EGL, version 1.4
D/OpenGLRenderer( 3899): Enabling debug mode 0
W/EGL_emulation( 3899): eglSurfaceAttrib not implemented
W/OpenGLRenderer( 3899): Failed to set EGL_SWAP_BEHAVIOR on surface 0xa5dd4480, error=EGL_SUCCESS
W/Settings( 3899): Setting airplane_mode_on has moved from android.provider.Settings.System to android.provider.Settings.Global, returning read-only value.
W/CursorWrapperInner( 3899): Cursor finalized without prior close()
I/ActivityManager( 1231): Displayed com.fireminder.podcastcatcher/.ui.activities.PodcastsActivity: +1s435ms
D/TaskPersister( 1231): removeObsoleteFile: deleting file=16_task.xml
V/ConfigFetchTask( 1762): ConfigFetchTask getDeviceDataVersionInfo(): ABFEt1UdB22Lz__LvnwIWWqR5YnZtrhVdfDiDI3M73_Aj9UcDLNmAtO9hrdXgVHmxbQxl_0ArIt1XmX_GDODq4_WmrWWXOOO-dETrTFAtkibGNTWuR-v6vw8aGS4T3gZP8hB5xqcte6JXgWh-IYwEUtYqOgBkA3jRYil78jv3gm_gpsGHoqfbX_vywF33351D2ckJCLd3yYtKMbIJDfZTz8M6OKcmVyC1-3QUPNKu8ZELeLif1Oha9JYRp74X6Mfuap5FTFX9AoW7uxA0vRTZLGTUC7GrpZf9L6CQMZCv61KVHe_uKKUtnQ
I/GoogleHttpClient( 1762): Falling back to old SSLCertificateSocketFactory
I/ConfigFetchService( 1762): fetch service done; releasing wakelock
I/ConfigFetchService( 1762): stopping self
I/ConfigService( 1715): onDestroy
D/AndroidRuntime( 3925): 
D/AndroidRuntime( 3925): >>>>>> AndroidRuntime START com.android.internal.os.RuntimeInit <<<<<<
D/AndroidRuntime( 3925): CheckJNI is ON
E/memtrack( 3925): Couldn't load memtrack module (No such file or directory)
E/android.os.Debug( 3925): failed to load memtrack module: -2
D/AndroidRuntime( 3925): Calling main entry com.android.commands.pm.Pm
I/ActivityManager( 1231): Force stopping com.fireminder.podcastcatcher appid=10057 user=-1: uninstall pkg
I/ActivityManager( 1231): Killing 3899:com.fireminder.podcastcatcher/u0a57 (adj 1): stop com.fireminder.podcastcatcher
W/InputDispatcher( 1231): channel '2ba6b82d com.fireminder.podcastcatcher/com.fireminder.podcastcatcher.ui.activities.PodcastsActivity (server)' ~ Consumer closed input channel or an error occurred.  events=0x9
E/InputDispatcher( 1231): channel '2ba6b82d com.fireminder.podcastcatcher/com.fireminder.podcastcatcher.ui.activities.PodcastsActivity (server)' ~ Channel is unrecoverably broken and will be disposed!
I/WindowState( 1231): WIN DEATH: Window{2ba6b82d u0 com.fireminder.podcastcatcher/com.fireminder.podcastcatcher.ui.activities.PodcastsActivity}
W/InputDispatcher( 1231): Attempted to unregister already unregistered input channel '2ba6b82d com.fireminder.podcastcatcher/com.fireminder.podcastcatcher.ui.activities.PodcastsActivity (server)'
W/ActivityManager( 1231): Scheduling restart of crashed service com.fireminder.podcastcatcher/.mediaplayer.MediaPlayerService in 1000ms
W/ActivityManager( 1231): Force removing ActivityRecord{34b8a281 u0 com.fireminder.podcastcatcher/.ui.activities.PodcastsActivity t17}: app died, no saved state
I/ActivityManager( 1231):   Force stopping service ServiceRecord{f3d6b0a u0 com.fireminder.podcastcatcher/.mediaplayer.MediaPlayerService}
W/SurfaceFlinger(  931): couldn't log to binary event log: overflow.
W/ActivityManager( 1231): Spurious death for ProcessRecord{77fcf7b 3899:com.fireminder.podcastcatcher/u0a57}, curProc for 3899: null
W/EGL_emulation( 2964): eglSurfaceAttrib not implemented
W/OpenGLRenderer( 2964): Failed to set EGL_SWAP_BEHAVIOR on surface 0xa56ced00, error=EGL_SUCCESS
W/InputMethodManagerService( 1231): Got RemoteException sending setActive(false) notification to pid 3899 uid 10057
I/ActivityManager( 1231): Force stopping com.fireminder.podcastcatcher appid=10057 user=0: pkg removed
W/GeofencerStateMachine( 1675): Ignoring removeGeofence because network location is disabled.
I/InputReader( 1231): Reconfiguring input devices.  changes=0x00000010
D/Documents( 2964): Update found 6 roots in 96ms
I/art     ( 1231): Explicit concurrent mark sweep GC freed 10383(758KB) AllocSpace objects, 4(64KB) LOS objects, 28% free, 9MB/13MB, paused 2.908ms total 192.664ms
I/LatinIME:LogUtils( 1389): Dictionary info: dictionary = main:en ; version = 47 ; date = 1402373178
D/BackupManagerService( 1231): Received broadcast Intent { act=android.intent.action.PACKAGE_REMOVED dat=package:com.fireminder.podcastcatcher flg=0x4000010 (has extras) }
I/ConfigFetchService( 1762): PackageReceiver: Intent { act=android.intent.action.PACKAGE_REMOVED dat=package:com.fireminder.podcastcatcher flg=0x4000010 cmp=com.google.android.gms/.config.ConfigFetchService$PackageReceiver (has extras) }
D/JobSchedulerService( 1231): Receieved: android.intent.action.PACKAGE_REMOVED
I/ConfigService( 1715): onCreate
I/ConfigService( 1715): onBind for Intent { act=com.google.android.gms.config.UPDATE pkg=com.google.android.gms } action com.google.android.gms.config.UPDATE
I/ConfigFetchService( 1762): onStartCommand Intent { act=android.intent.action.PACKAGE_REMOVED dat=package:com.fireminder.podcastcatcher cmp=com.google.android.gms/.config.ConfigFetchService (has extras) }
I/ConfigService( 1715): onBind returning update interface
D/TaskPersister( 1231): removeObsoleteFile: deleting file=17_task.xml
I/ConfigService( 1715): onBind for Intent { act=com.google.android.gms.config.START pkg=com.google.android.gms } action com.google.android.gms.config.START
I/ConfigService( 1715): onBind returning config service
D/VoicemailCleanupService( 1570): Cleaning up data for package: com.fireminder.podcastcatcher
I/art     ( 1231): Explicit concurrent mark sweep GC freed 8587(783KB) AllocSpace objects, 2(32KB) LOS objects, 28% free, 9MB/13MB, paused 2.650ms total 366.649ms
I/ConfigService( 1715): onDestroy
D/AndroidRuntime( 3925): Shutting down VM
I/art     ( 3925): Debugger is no longer active
W/art     ( 3925): Suspending all threads took: 6.180ms
I/LocationSettingsChecker( 2594): Removing dialog suppression flag for package com.fireminder.podcastcatcher
W/ContextImpl( 1897): Calling a method in the system process without a qualified user: android.app.ContextImpl.startService:1686 android.content.ContextWrapper.startService:515 android.content.ContextWrapper.startService:515 com.android.keychain.KeyChainBroadcastReceiver.onReceive:12 android.app.ActivityThread.handleReceiver:2579 
D/PackageBroadcastService( 1762): Received broadcast action=android.intent.action.PACKAGE_REMOVED and uri=com.fireminder.podcastcatcher
D/AccountUtils( 1762): Clearing selected account for com.fireminder.podcastcatcher
I/Launcher( 1502): Deferring update until onResume
I/Launcher( 1502): Deferring update until onResume
D/DownloadManager( 1427): Deleted 59 downloads owned by UID 10057
D/Documents( 2964): userMode=0, userSortOrder=0 --> mode=1, sortOrder=2
I/PeopleContactsSync( 1762): CP2 sync disabled
I/Icing   ( 1762): doRemovePackageData com.fireminder.podcastcatcher
E/SQLiteLog( 1789): (284) automatic index on assetrefs(dataitems_id)
W/GmsApplication( 1762): Using Auth Proxy for data requests.
W/GmsApplication( 1762): Using Auth Proxy for data requests.
W/art     ( 1762): Suspending all threads took: 9.752ms
E/StrictMode( 1762): A resource was acquired at attached stack trace but never released. See java.io.Closeable for information on avoiding resource leaks.
E/StrictMode( 1762): java.lang.Throwable: Explicit termination method 'close' not called
E/StrictMode( 1762): 	at dalvik.system.CloseGuard.open(CloseGuard.java:184)
E/StrictMode( 1762): 	at android.database.sqlite.SQLiteDatabase.openInner(SQLiteDatabase.java:807)
E/StrictMode( 1762): 	at android.database.sqlite.SQLiteDatabase.open(SQLiteDatabase.java:791)
E/StrictMode( 1762): 	at android.database.sqlite.SQLiteDatabase.openDatabase(SQLiteDatabase.java:694)
E/StrictMode( 1762): 	at android.app.ContextImpl.openOrCreateDatabase(ContextImpl.java:1142)
E/StrictMode( 1762): 	at android.content.ContextWrapper.openOrCreateDatabase(ContextWrapper.java:267)
E/StrictMode( 1762): 	at android.database.sqlite.SQLiteOpenHelper.getDatabaseLocked(SQLiteOpenHelper.java:223)
E/StrictMode( 1762): 	at android.database.sqlite.SQLiteOpenHelper.getReadableDatabase(SQLiteOpenHelper.java:187)
E/StrictMode( 1762): 	at com.google.android.gms.googlehelp.d.d.a(SourceFile:56)
E/StrictMode( 1762): 	at com.google.android.gms.googlehelp.d.a.b(SourceFile:49)
E/StrictMode( 1762): 	at com.google.android.gms.googlehelp.d.d.a(SourceFile:146)
E/StrictMode( 1762): 	at com.google.android.gms.googlehelp.service.ClearHelpHistoryIntentService.onHandleIntent(SourceFile:47)
E/StrictMode( 1762): 	at android.app.IntentService$ServiceHandler.handleMessage(IntentService.java:65)
E/StrictMode( 1762): 	at android.os.Handler.dispatchMessage(Handler.java:102)
E/StrictMode( 1762): 	at android.os.Looper.loop(Looper.java:135)
E/StrictMode( 1762): 	at android.os.HandlerThread.run(HandlerThread.java:61)
W/DriveInitializer( 1762): Awaiting to be initialized
W/DriveInitializer( 1762): Background init thread started
W/FieldDefinition( 1762): Ignoring isIndexed constraint as field also has uniqueness constraint (on just this field, and therefore SQLite will have to create an index on that. For field: com.google.android.gms.drive.database.model.au@29c255dc
W/DriveInitializer( 1762): Background init thread ended
W/art     ( 1762): Suspending all threads took: 15.649ms
E/StrictMode( 1762): A resource was acquired at attached stack trace but never released. See java.io.Closeable for information on avoiding resource leaks.
E/StrictMode( 1762): java.lang.Throwable: Explicit termination method 'close' not called
E/StrictMode( 1762): 	at dalvik.system.CloseGuard.open(CloseGuard.java:184)
E/StrictMode( 1762): 	at android.database.sqlite.SQLiteConnectionPool.open(SQLiteConnectionPool.java:190)
E/StrictMode( 1762): 	at android.database.sqlite.SQLiteConnectionPool.open(SQLiteConnectionPool.java:177)
E/StrictMode( 1762): 	at android.database.sqlite.SQLiteDatabase.openInner(SQLiteDatabase.java:806)
E/StrictMode( 1762): 	at android.database.sqlite.SQLiteDatabase.open(SQLiteDatabase.java:791)
E/StrictMode( 1762): 	at android.database.sqlite.SQLiteDatabase.openDatabase(SQLiteDatabase.java:694)
E/StrictMode( 1762): 	at android.app.ContextImpl.openOrCreateDatabase(ContextImpl.java:1142)
E/StrictMode( 1762): 	at android.content.ContextWrapper.openOrCreateDatabase(ContextWrapper.java:267)
E/StrictMode( 1762): 	at android.database.sqlite.SQLiteOpenHelper.getDatabaseLocked(SQLiteOpenHelper.java:223)
E/StrictMode( 1762): 	at android.database.sqlite.SQLiteOpenHelper.getReadableDatabase(SQLiteOpenHelper.java:187)
E/StrictMode( 1762): 	at com.google.android.gms.googlehelp.d.d.a(SourceFile:56)
E/StrictMode( 1762): 	at com.google.android.gms.googlehelp.d.a.b(SourceFile:49)
E/StrictMode( 1762): 	at com.google.android.gms.googlehelp.d.d.a(SourceFile:146)
E/StrictMode( 1762): 	at com.google.android.gms.googlehelp.service.ClearHelpHistoryIntentService.onHandleIntent(SourceFile:47)
E/StrictMode( 1762): 	at android.app.IntentService$ServiceHandler.handleMessage(IntentService.java:65)
E/StrictMode( 1762): 	at android.os.Handler.dispatchMessage(Handler.java:102)
E/StrictMode( 1762): 	at android.os.Looper.loop(Looper.java:135)
E/StrictMode( 1762): 	at android.os.HandlerThread.run(HandlerThread.java:61)
W/SQLiteConnectionPool( 1762): A SQLiteConnection object for database '/data/data/com.google.android.gms/databases/metrics.db' was leaked!  Please fix your application to end transactions in progress properly and to close the database when it is no longer needed.
E/StrictMode( 1762): A resource was acquired at attached stack trace but never released. See java.io.Closeable for information on avoiding resource leaks.
E/StrictMode( 1762): java.lang.Throwable: Explicit termination method 'close' not called
E/StrictMode( 1762): 	at dalvik.system.CloseGuard.open(CloseGuard.java:184)
E/StrictMode( 1762): 	at android.database.sqlite.SQLiteConnection.<init>(SQLiteConnection.java:170)
E/StrictMode( 1762): 	at android.database.sqlite.SQLiteConnection.open(SQLiteConnection.java:190)
E/StrictMode( 1762): 	at android.database.sqlite.SQLiteConnectionPool.openConnectionLocked(SQLiteConnectionPool.java:463)
E/StrictMode( 1762): 	at android.database.sqlite.SQLiteConnectionPool.open(SQLiteConnectionPool.java:185)
E/StrictMode( 1762): 	at android.database.sqlite.SQLiteConnectionPool.open(SQLiteConnectionPool.java:177)
E/StrictMode( 1762): 	at android.database.sqlite.SQLiteDatabase.openInner(SQLiteDatabase.java:806)
E/StrictMode( 1762): 	at android.database.sqlite.SQLiteDatabase.open(SQLiteDatabase.java:791)
E/StrictMode( 1762): 	at android.database.sqlite.SQLiteDatabase.openDatabase(SQLiteDatabase.java:694)
E/StrictMode( 1762): 	at android.app.ContextImpl.openOrCreateDatabase(ContextImpl.java:1142)
E/StrictMode( 1762): 	at android.content.ContextWrapper.openOrCreateDatabase(ContextWrapper.java:267)
E/StrictMode( 1762): 	at android.database.sqlite.SQLiteOpenHelper.getDatabaseLocked(SQLiteOpenHelper.java:223)
E/StrictMode( 1762): 	at android.database.sqlite.SQLiteOpenHelper.getReadableDatabase(SQLiteOpenHelper.java:187)
E/StrictMode( 1762): 	at com.google.android.gms.googlehelp.d.d.a(SourceFile:56)
E/StrictMode( 1762): 	at com.google.android.gms.googlehelp.d.a.b(SourceFile:49)
E/StrictMode( 1762): 	at com.google.android.gms.googlehelp.d.d.a(SourceFile:146)
E/StrictMode( 1762): 	at com.google.android.gms.googlehelp.service.ClearHelpHistoryIntentService.onHandleIntent(SourceFile:47)
E/StrictMode( 1762): 	at android.app.IntentService$ServiceHandler.handleMessage(IntentService.java:65)
E/StrictMode( 1762): 	at android.os.Handler.dispatchMessage(Handler.java:102)
E/StrictMode( 1762): 	at android.os.Looper.loop(Looper.java:135)
E/StrictMode( 1762): 	at android.os.HandlerThread.run(HandlerThread.java:61)
E/StrictMode( 1762): A resource was acquired at attached stack trace but never released. See java.io.Closeable for information on avoiding resource leaks.
E/StrictMode( 1762): java.lang.Throwable: Explicit termination method 'close' not called
E/StrictMode( 1762): 	at dalvik.system.CloseGuard.open(CloseGuard.java:184)
E/StrictMode( 1762): 	at android.database.sqlite.SQLiteDatabase.openInner(SQLiteDatabase.java:807)
E/StrictMode( 1762): 	at android.database.sqlite.SQLiteDatabase.open(SQLiteDatabase.java:791)
E/StrictMode( 1762): 	at android.database.sqlite.SQLiteDatabase.openDatabase(SQLiteDatabase.java:694)
E/StrictMode( 1762): 	at android.app.ContextImpl.openOrCreateDatabase(ContextImpl.java:1142)
E/StrictMode( 1762): 	at android.content.ContextWrapper.openOrCreateDatabase(ContextWrapper.java:267)
E/StrictMode( 1762): 	at android.database.sqlite.SQLiteOpenHelper.getDatabaseLocked(SQLiteOpenHelper.java:223)
E/StrictMode( 1762): 	at android.database.sqlite.SQLiteOpenHelper.getReadableDatabase(SQLiteOpenHelper.java:187)
E/StrictMode( 1762): 	at com.google.android.gms.googlehelp.d.b.a(SourceFile:91)
E/StrictMode( 1762): 	at com.google.android.gms.googlehelp.d.a.b(SourceFile:49)
E/StrictMode( 1762): 	at com.google.android.gms.googlehelp.d.b.d(SourceFile:452)
E/StrictMode( 1762): 	at com.google.android.gms.googlehelp.service.ClearHelpHistoryIntentService.onHandleIntent(SourceFile:48)
E/StrictMode( 1762): 	at android.app.IntentService$ServiceHandler.handleMessage(IntentService.java:65)
E/StrictMode( 1762): 	at android.os.Handler.dispatchMessage(Handler.java:102)
E/StrictMode( 1762): 	at android.os.Looper.loop(Looper.java:135)
E/StrictMode( 1762): 	at android.os.HandlerThread.run(HandlerThread.java:61)
E/StrictMode( 1762): A resource was acquired at attached stack trace but never released. See java.io.Closeable for information on avoiding resource leaks.
E/StrictMode( 1762): java.lang.Throwable: Explicit termination method 'close' not called
E/StrictMode( 1762): 	at dalvik.system.CloseGuard.open(CloseGuard.java:184)
E/StrictMode( 1762): 	at android.database.sqlite.SQLiteConnectionPool.open(SQLiteConnectionPool.java:190)
E/StrictMode( 1762): 	at android.database.sqlite.SQLiteConnectionPool.open(SQLiteConnectionPool.java:177)
E/StrictMode( 1762): 	at android.database.sqlite.SQLiteDatabase.openInner(SQLiteDatabase.java:806)
E/StrictMode( 1762): 	at android.database.sqlite.SQLiteDatabase.open(SQLiteDatabase.java:791)
E/StrictMode( 1762): 	at android.database.sqlite.SQLiteDatabase.openDatabase(SQLiteDatabase.java:694)
E/StrictMode( 1762): 	at android.app.ContextImpl.openOrCreateDatabase(ContextImpl.java:1142)
E/StrictMode( 1762): 	at android.content.ContextWrapper.openOrCreateDatabase(ContextWrapper.java:267)
E/StrictMode( 1762): 	at android.database.sqlite.SQLiteOpenHelper.getDatabaseLocked(SQLiteOpenHelper.java:223)
E/StrictMode( 1762): 	at android.database.sqlite.SQLiteOpenHelper.getReadableDatabase(SQLiteOpenHelper.java:187)
E/StrictMode( 1762): 	at com.google.android.gms.googlehelp.d.b.a(SourceFile:91)
E/StrictMode( 1762): 	at com.google.android.gms.googlehelp.d.a.b(SourceFile:49)
E/StrictMode( 1762): 	at com.google.android.gms.googlehelp.d.b.d(SourceFile:452)
E/StrictMode( 1762): 	at com.google.android.gms.googlehelp.service.ClearHelpHistoryIntentService.onHandleIntent(SourceFile:48)
E/StrictMode( 1762): 	at android.app.IntentService$ServiceHandler.handleMessage(IntentService.java:65)
E/StrictMode( 1762): 	at android.os.Handler.dispatchMessage(Handler.java:102)
E/StrictMode( 1762): 	at android.os.Looper.loop(Looper.java:135)
E/StrictMode( 1762): 	at android.os.HandlerThread.run(HandlerThread.java:61)
W/SQLiteConnectionPool( 1762): A SQLiteConnection object for database '/data/data/com.google.android.gms/databases/help_responses.db' was leaked!  Please fix your application to end transactions in progress properly and to close the database when it is no longer needed.
E/StrictMode( 1762): A resource was acquired at attached stack trace but never released. See java.io.Closeable for information on avoiding resource leaks.
E/StrictMode( 1762): java.lang.Throwable: Explicit termination method 'close' not called
E/StrictMode( 1762): 	at dalvik.system.CloseGuard.open(CloseGuard.java:184)
E/StrictMode( 1762): 	at android.database.sqlite.SQLiteConnection.<init>(SQLiteConnection.java:170)
E/StrictMode( 1762): 	at android.database.sqlite.SQLiteConnection.open(SQLiteConnection.java:190)
E/StrictMode( 1762): 	at android.database.sqlite.SQLiteConnectionPool.openConnectionLocked(SQLiteConnectionPool.java:463)
E/StrictMode( 1762): 	at android.database.sqlite.SQLiteConnectionPool.open(SQLiteConnectionPool.java:185)
E/StrictMode( 1762): 	at android.database.sqlite.SQLiteConnectionPool.open(SQLiteConnectionPool.java:177)
E/StrictMode( 1762): 	at android.database.sqlite.SQLiteDatabase.openInner(SQLiteDatabase.java:806)
E/StrictMode( 1762): 	at android.database.sqlite.SQLiteDatabase.open(SQLiteDatabase.java:791)
E/StrictMode( 1762): 	at android.database.sqlite.SQLiteDatabase.openDatabase(SQLiteDatabase.java:694)
E/StrictMode( 1762): 	at android.app.ContextImpl.openOrCreateDatabase(ContextImpl.java:1142)
E/StrictMode( 1762): 	at android.content.ContextWrapper.openOrCreateDatabase(ContextWrapper.java:267)
E/StrictMode( 1762): 	at android.database.sqlite.SQLiteOpenHelper.getDatabaseLocked(SQLiteOpenHelper.java:223)
E/StrictMode( 1762): 	at android.database.sqlite.SQLiteOpenHelper.getReadableDatabase(SQLiteOpenHelper.java:187)
E/StrictMode( 1762): 	at com.google.android.gms.googlehelp.d.b.a(SourceFile:91)
E/StrictMode( 1762): 	at com.google.android.gms.googlehelp.d.a.b(SourceFile:49)
E/StrictMode( 1762): 	at com.google.android.gms.googlehelp.d.b.d(SourceFile:452)
E/StrictMode( 1762): 	at com.google.android.gms.googlehelp.service.ClearHelpHistoryIntentService.onHandleIntent(SourceFile:48)
E/StrictMode( 1762): 	at android.app.IntentService$ServiceHandler.handleMessage(IntentService.java:65)
E/StrictMode( 1762): 	at android.os.Handler.dispatchMessage(Handler.java:102)
E/StrictMode( 1762): 	at android.os.Looper.loop(Looper.java:135)
E/StrictMode( 1762): 	at android.os.HandlerThread.run(HandlerThread.java:61)
E/StrictMode( 1762): A resource was acquired at attached stack trace but never released. See java.io.Closeable for information on avoiding resource leaks.
E/StrictMode( 1762): java.lang.Throwable: Explicit termination method 'close' not called
E/StrictMode( 1762): 	at dalvik.system.CloseGuard.open(CloseGuard.java:184)
E/StrictMode( 1762): 	at android.database.sqlite.SQLiteDatabase.openInner(SQLiteDatabase.java:807)
E/StrictMode( 1762): 	at android.database.sqlite.SQLiteDatabase.open(SQLiteDatabase.java:791)
E/StrictMode( 1762): 	at android.database.sqlite.SQLiteDatabase.openDatabase(SQLiteDatabase.java:694)
E/StrictMode( 1762): 	at android.app.ContextImpl.openOrCreateDatabase(ContextImpl.java:1142)
E/StrictMode( 1762): 	at android.content.ContextWrapper.openOrCreateDatabase(ContextWrapper.java:267)
E/StrictMode( 1762): 	at android.database.sqlite.SQLiteOpenHelper.getDatabaseLocked(SQLiteOpenHelper.java:223)
E/StrictMode( 1762): 	at android.database.sqlite.SQLiteOpenHelper.getReadableDatabase(SQLiteOpenHelper.java:187)
E/StrictMode( 1762): 	at com.google.android.gms.googlehelp.search.a.a(SourceFile:55)
E/StrictMode( 1762): 	at com.google.android.gms.googlehelp.d.a.b(SourceFile:49)
E/StrictMode( 1762): 	at com.google.android.gms.googlehelp.search.a.e(SourceFile:113)
E/StrictMode( 1762): 	at com.google.android.gms.googlehelp.service.ClearHelpHistoryIntentService.onHandleIntent(SourceFile:49)
E/StrictMode( 1762): 	at android.app.IntentService$ServiceHandler.handleMessage(IntentService.java:65)
E/StrictMode( 1762): 	at android.os.Handler.dispatchMessage(Handler.java:102)
E/StrictMode( 1762): 	at android.os.Looper.loop(Looper.java:135)
E/StrictMode( 1762): 	at android.os.HandlerThread.run(HandlerThread.java:61)
E/StrictMode( 1762): A resource was acquired at attached stack trace but never released. See java.io.Closeable for information on avoiding resource leaks.
E/StrictMode( 1762): java.lang.Throwable: Explicit termination method 'close' not called
E/StrictMode( 1762): 	at dalvik.system.CloseGuard.open(CloseGuard.java:184)
E/StrictMode( 1762): 	at android.database.sqlite.SQLiteConnectionPool.open(SQLiteConnectionPool.java:190)
E/StrictMode( 1762): 	at android.database.sqlite.SQLiteConnectionPool.open(SQLiteConnectionPool.java:177)
E/StrictMode( 1762): 	at android.database.sqlite.SQLiteDatabase.openInner(SQLiteDatabase.java:806)
E/StrictMode( 1762): 	at android.database.sqlite.SQLiteDatabase.open(SQLiteDatabase.java:791)
E/StrictMode( 1762): 	at android.database.sqlite.SQLiteDatabase.openDatabase(SQLiteDatabase.java:694)
E/StrictMode( 1762): 	at android.app.ContextImpl.openOrCreateDatabase(ContextImpl.java:1142)
E/StrictMode( 1762): 	at android.content.ContextWrapper.openOrCreateDatabase(ContextWrapper.java:267)
E/StrictMode( 1762): 	at android.database.sqlite.SQLiteOpenHelper.getDatabaseLocked(SQLiteOpenHelper.java:223)
E/StrictMode( 1762): 	at android.database.sqlite.SQLiteOpenHelper.getReadableDatabase(SQLiteOpenHelper.java:187)
E/StrictMode( 1762): 	at com.google.android.gms.googlehelp.search.a.a(SourceFile:55)
E/StrictMode( 1762): 	at com.google.android.gms.googlehelp.d.a.b(SourceFile:49)
E/StrictMode( 1762): 	at com.google.android.gms.googlehelp.search.a.e(SourceFile:113)
E/StrictMode( 1762): 	at com.google.android.gms.googlehelp.service.ClearHelpHistoryIntentService.onHandleIntent(SourceFile:49)
E/StrictMode( 1762): 	at android.app.IntentService$ServiceHandler.handleMessage(IntentService.java:65)
E/StrictMode( 1762): 	at android.os.Handler.dispatchMessage(Handler.java:102)
E/StrictMode( 1762): 	at android.os.Looper.loop(Looper.java:135)
E/StrictMode( 1762): 	at android.os.HandlerThread.run(HandlerThread.java:61)
W/SQLiteConnectionPool( 1762): A SQLiteConnection object for database '/data/data/com.google.android.gms/databases/history_query.db' was leaked!  Please fix your application to end transactions in progress properly and to close the database when it is no longer needed.
E/StrictMode( 1762): A resource was acquired at attached stack trace but never released. See java.io.Closeable for information on avoiding resource leaks.
E/StrictMode( 1762): java.lang.Throwable: Explicit termination method 'close' not called
E/StrictMode( 1762): 	at dalvik.system.CloseGuard.open(CloseGuard.java:184)
E/StrictMode( 1762): 	at android.database.sqlite.SQLiteConnection.<init>(SQLiteConnection.java:170)
E/StrictMode( 1762): 	at android.database.sqlite.SQLiteConnection.open(SQLiteConnection.java:190)
E/StrictMode( 1762): 	at android.database.sqlite.SQLiteConnectionPool.openConnectionLocked(SQLiteConnectionPool.java:463)
E/StrictMode( 1762): 	at android.database.sqlite.SQLiteConnectionPool.open(SQLiteConnectionPool.java:185)
E/StrictMode( 1762): 	at android.database.sqlite.SQLiteConnectionPool.open(SQLiteConnectionPool.java:177)
E/StrictMode( 1762): 	at android.database.sqlite.SQLiteDatabase.openInner(SQLiteDatabase.java:806)
E/StrictMode( 1762): 	at android.database.sqlite.SQLiteDatabase.open(SQLiteDatabase.java:791)
E/StrictMode( 1762): 	at android.database.sqlite.SQLiteDatabase.openDatabase(SQLiteDatabase.java:694)
E/StrictMode( 1762): 	at android.app.ContextImpl.openOrCreateDatabase(ContextImpl.java:1142)
E/StrictMode( 1762): 	at android.content.ContextWrapper.openOrCreateDatabase(ContextWrapper.java:267)
E/StrictMode( 1762): 	at android.database.sqlite.SQLiteOpenHelper.getDatabaseLocked(SQLiteOpenHelper.java:223)
E/StrictMode( 1762): 	at android.database.sqlite.SQLiteOpenHelper.getReadableDatabase(SQLiteOpenHelper.java:187)
E/StrictMode( 1762): 	at com.google.android.gms.googlehelp.search.a.a(SourceFile:55)
E/StrictMode( 1762): 	at com.google.android.gms.googlehelp.d.a.b(SourceFile:49)
E/StrictMode( 1762): 	at com.google.android.gms.googlehelp.search.a.e(SourceFile:113)
E/StrictMode( 1762): 	at com.google.android.gms.googlehelp.service.ClearHelpHistoryIntentService.onHandleIntent(SourceFile:49)
E/StrictMode( 1762): 	at android.app.IntentService$ServiceHandler.handleMessage(IntentService.java:65)
E/StrictMode( 1762): 	at android.os.Handler.dispatchMessage(Handler.java:102)
E/StrictMode( 1762): 	at android.os.Looper.loop(Looper.java:135)
E/StrictMode( 1762): 	at android.os.HandlerThread.run(HandlerThread.java:61)
D/AndroidRuntime( 3974): 
D/AndroidRuntime( 3974): >>>>>> AndroidRuntime START com.android.internal.os.RuntimeInit <<<<<<
D/AndroidRuntime( 3974): CheckJNI is ON
E/memtrack( 3974): Couldn't load memtrack module (No such file or directory)
E/android.os.Debug( 3974): failed to load memtrack module: -2
D/AndroidRuntime( 3974): Calling main entry com.android.commands.pm.Pm
D/DefContainer( 1699): Copying /data/local/tmp/app-release.apk to base.apk
D/PackageManager( 1231): Renaming /data/app/vmdl1263768680.tmp to /data/app/com.fireminder.podcastcatcher-1
I/art     ( 1231): DexFile_isDexOptNeeded failed to open oat file '/data/dalvik-cache/x86/data@app@com.fireminder.podcastcatcher-1@base.apk@classes.dex' for file location '/data/app/com.fireminder.podcastcatcher-1/base.apk': Failed to open oat filename for reading: No such file or directory
I/art     ( 1231): DexFile_isDexOptNeeded failed to open oat file '/data/app/com.fireminder.podcastcatcher-1/x86/base.odex' for file location '/data/app/com.fireminder.podcastcatcher-1/base.apk': Failed to open oat filename for reading: No such file or directory
I/PackageManager( 1231): Running dexopt on: /data/app/com.fireminder.podcastcatcher-1/base.apk pkg=com.fireminder.podcastcatcher isa=x86 vmSafeMode=false
I/art     ( 1231): Background sticky concurrent mark sweep GC freed 34726(1385KB) AllocSpace objects, 2(372KB) LOS objects, 7% free, 13MB/15MB, paused 13.819ms total 53.277ms
I/dex2oat ( 3986): /system/bin/dex2oat --zip-fd=6 --zip-location=/data/app/com.fireminder.podcastcatcher-1/base.apk --oat-fd=7 --oat-location=/data/dalvik-cache/x86/data@app@com.fireminder.podcastcatcher-1@base.apk@classes.dex --instruction-set=x86 --instruction-set-features=default --runtime-arg -Xms64m --runtime-arg -Xmx512m
W/dex2oat ( 3986): Before Android 4.1, method int android.support.v7.internal.widget.ListViewCompat.lookForSelectablePosition(int, boolean) would have incorrectly overridden the package-private method in android.widget.ListView
W/dex2oat ( 3986): Before Android 4.1, method void it.gmariotti.cardslib.library.prototypes.LinearListView.drawDividersHorizontal(android.graphics.Canvas) would have incorrectly overridden the package-private method in android.widget.LinearLayout
W/dex2oat ( 3986): Before Android 4.1, method void it.gmariotti.cardslib.library.prototypes.LinearListView.drawDividersVertical(android.graphics.Canvas) would have incorrectly overridden the package-private method in android.widget.LinearLayout
W/dex2oat ( 3986): Before Android 4.1, method void it.gmariotti.cardslib.library.prototypes.LinearListView.drawHorizontalDivider(android.graphics.Canvas, int) would have incorrectly overridden the package-private method in android.widget.LinearLayout
W/dex2oat ( 3986): Before Android 4.1, method void it.gmariotti.cardslib.library.prototypes.LinearListView.drawVerticalDivider(android.graphics.Canvas, int) would have incorrectly overridden the package-private method in android.widget.LinearLayout
I/dex2oat ( 3986): dex2oat took 13.069s (threads: 1)
V/BackupManagerService( 1231): restoreAtInstall pkg=com.fireminder.podcastcatcher token=a restoreSet=0
V/BackupManagerService( 1231): Finishing install immediately
I/InputReader( 1231): Reconfiguring input devices.  changes=0x00000010
W/Settings( 1231): Setting install_non_market_apps has moved from android.provider.Settings.Global to android.provider.Settings.Secure, returning read-only value.
D/Documents( 2964): Update found 6 roots in 30ms
I/ConfigFetchService( 1762): PackageReceiver: Intent { act=android.intent.action.PACKAGE_ADDED dat=package:com.fireminder.podcastcatcher flg=0x4000010 cmp=com.google.android.gms/.config.ConfigFetchService$PackageReceiver (has extras) }
I/ConfigService( 1715): onCreate
I/ConfigService( 1715): onBind for Intent { act=com.google.android.gms.config.UPDATE pkg=com.google.android.gms } action com.google.android.gms.config.UPDATE
D/BackupManagerService( 1231): Received broadcast Intent { act=android.intent.action.PACKAGE_ADDED dat=package:com.fireminder.podcastcatcher flg=0x4000010 (has extras) }
W/BackupManagerService( 1231): Removing schedule queue dupe of com.fireminder.podcastcatcher
I/ConfigService( 1715): onBind returning update interface
I/ConfigService( 1715): onBind for Intent { act=com.google.android.gms.config.START pkg=com.google.android.gms } action com.google.android.gms.config.START
I/ConfigService( 1715): onBind returning config service
I/ConfigFetchService( 1762): onStartCommand Intent { act=android.intent.action.PACKAGE_ADDED dat=package:com.fireminder.podcastcatcher cmp=com.google.android.gms/.config.ConfigFetchService (has extras) }
I/ConfigFetchService( 1762): launchTask
I/ConfigFetchService( 1762): service connected
I/ConfigClient( 1762): service connected
D/PackageBroadcastService( 1762): Received broadcast action=android.intent.action.PACKAGE_ADDED and uri=com.fireminder.podcastcatcher
W/VoiceInteractionManagerService( 1231): no available voice recognition services found for user 0
I/PeopleContactsSync( 1762): CP2 sync disabled
I/art     ( 1231): Explicit concurrent mark sweep GC freed 83009(4MB) AllocSpace objects, 9(824KB) LOS objects, 28% free, 9MB/13MB, paused 1.526ms total 191.810ms
I/art     ( 1231): WaitForGcToComplete blocked for 203.345ms for cause Background
D/AndroidRuntime( 3974): Shutting down VM
I/art     ( 3974): Debugger is no longer active
I/Launcher( 1502): Deferring update until onResume
I/Launcher( 1502): Deferring update until onResume
W/AudioTrack( 1231): AUDIO_OUTPUT_FLAG_FAST denied by client
I/ActivityManager( 1231): START u0 {act=android.intent.action.MAIN cat=[android.intent.category.HOME] flg=0x10200000 cmp=com.android.launcher/com.android.launcher2.Launcher} from uid 1000 on display 0
E/gralloc_goldfish(  931): gralloc_alloc: Mismatched usage flags: 576 x 576, usage 333
W/GraphicBufferAllocator(  931): alloc(576, 576, 1, 00000333, ...) failed -22 (Invalid argument)
E/        (  931): GraphicBufferAlloc::createGraphicBuffer(w=576, h=576) failed (Invalid argument), handle=0x0
E/BufferQueueProducer( 1231): [ScreenshotClient] dequeueBuffer: createGraphicBuffer failed
W/WindowManager( 1231): Screenshot failure taking screenshot for (1080x1920) to layer 21015
E/ActivityManager( 1231): Invalid thumbnail dimensions: 576x576
W/EGL_emulation( 1502): eglSurfaceAttrib not implemented
W/OpenGLRenderer( 1502): Failed to set EGL_SWAP_BEHAVIOR on surface 0xa5943a80, error=EGL_SUCCESS
