D/PodcastCatcher PodcastCatcherProvider( 4002): insert episode_publication_date=1364504928000 episode_description=Suze Orman shares her street smarts about math, investing and the recent economic melt-down on our show about the science of finance. episode_content_duration=0 episode_stream_uri=http://www.podtrac.com/pts/redirect.mp3/feeds.soundcloud.com/stream/85375899-startalk-making-cents-of-money.mp3 podcastId=fd5cbd33 episode_title=Making Cents of Money episode_local_uri= episode_percent_elapsed=0 episode_complete=0 episode_is_downloaded=0 episodeId=e6e99d0b
D/PodcastCatcher PodcastCatcherProvider( 4002): insert episode_publication_date=1364504917000 episode_description=Travel back to the future for a discussion of time travel and the movies that depict such excellent adventures. episode_content_duration=0 episode_stream_uri=http://www.podtrac.com/pts/redirect.mp3/feeds.soundcloud.com/stream/85375861-startalk-time-travel-at-the-movies.mp3 podcastId=fd5cbd33 episode_title=Time Travel at the Movies episode_local_uri= episode_percent_elapsed=0 episode_complete=0 episode_is_downloaded=0 episodeId=50be4014
D/PodcastCatcher PodcastCatcherProvider( 4002): insert episode_publication_date=1364504905000 episode_description=Are you on our wavelength? Learn about the many ways the electromagnetic spectrum infiltrates our lives and illuminates the universe. episode_content_duration=0 episode_stream_uri=http://www.podtrac.com/pts/redirect.mp3/feeds.soundcloud.com/stream/85375833-startalk-let-there-be-light.mp3 podcastId=fd5cbd33 episode_title=Let There Be Light episode_local_uri= episode_percent_elapsed=0 episode_complete=0 episode_is_downloaded=0 episodeId=deb493ce
D/PodcastCatcher PodcastCatcherProvider( 4002): insert episode_publication_date=1364504891000 episode_description=From Comedy Central's World News Headquarters in New York, Neil sits down with Jon Stewart of The Daily Show to discuss the comic (and cosmic) connections between the worlds of science and politics. episode_content_duration=0 episode_stream_uri=http://www.podtrac.com/pts/redirect.mp3/feeds.soundcloud.com/stream/85375801-startalk-the-political-science-of-the.mp3 podcastId=fd5cbd33 episode_title=The Political Science of The Daily Show episode_local_uri= episode_percent_elapsed=0 episode_complete=0 episode_is_downloaded=0 episodeId=b5281c09
D/PodcastCatcher PodcastCatcherProvider( 4002): insert episode_publication_date=1364504864000 episode_description=Extreme weather events dominate the news -- tornadoes, hurricanes, winter snowmageddons, floods. What is fantasy and what is reality in the cultural conversation about climate? episode_content_duration=0 episode_stream_uri=http://www.podtrac.com/pts/redirect.mp3/feeds.soundcloud.com/stream/85375736-startalk-climate-confusion.mp3 podcastId=fd5cbd33 episode_title=Climate Confusion episode_local_uri= episode_percent_elapsed=0 episode_complete=0 episode_is_downloaded=0 episodeId=5efb80c6
D/PodcastCatcher PodcastCatcherProvider( 4002): insert episode_publication_date=1364504723000 episode_description=Faster than a speeding bullet? More powerful than a locomotive? James Kakalios, physics professor and author of "The Physics of Superheroes" discusses the science behind the amazing powers of our favorite caped crusaders. episode_content_duration=0 episode_stream_uri=http://www.podtrac.com/pts/redirect.mp3/feeds.soundcloud.com/stream/85375423-startalk-the-physics-of-superheroes.mp3 podcastId=fd5cbd33 episode_title=The Physics of Superheroes episode_local_uri= episode_percent_elapsed=0 episode_complete=0 episode_is_downloaded=0 episodeId=2fce97d8
D/PodcastCatcher PodcastCatcherProvider( 4002): insert episode_publication_date=1364504705000 episode_description=Neil, comedian co-host Leighann Lord, and Phil Plait, the "Bad Astronomer," discuss The Good, The Bad, and The Ugly of science in the movies. episode_content_duration=0 episode_stream_uri=http://www.podtrac.com/pts/redirect.mp3/feeds.soundcloud.com/stream/85375391-startalk-science-at-the-movies.mp3 podcastId=fd5cbd33 episode_title=Science at the Movies episode_local_uri= episode_percent_elapsed=0 episode_complete=0 episode_is_downloaded=0 episodeId=2cb1d4fd
D/PodcastCatcher PodcastCatcherProvider( 4002): insert episode_publication_date=1364504682000 episode_description=Learn about the evolution of paints, powders, perfumes and other potions as we discuss the artful science of cosmetics. episode_content_duration=0 episode_stream_uri=http://www.podtrac.com/pts/redirect.mp3/feeds.soundcloud.com/stream/85375329-startalk-the-cosmic-chemistry-of.mp3 podcastId=fd5cbd33 episode_title=The Cosmic Chemistry of Cosmetics episode_local_uri= episode_percent_elapsed=0 episode_complete=0 episode_is_downloaded=0 episodeId=2b1b51f1
D/PodcastCatcher PodcastCatcherProvider( 4002): insert episode_publication_date=1364504656000 episode_description=How do we know what we know?  The brain is an amazing product of evolutionary engineering, but many influences can play with our perceptions. episode_content_duration=0 episode_stream_uri=http://www.podtrac.com/pts/redirect.mp3/feeds.soundcloud.com/stream/85375287-startalk-are-you-out-of-your-mind.mp3 podcastId=fd5cbd33 episode_title=Are You Out of Your Mind? episode_local_uri= episode_percent_elapsed=0 episode_complete=0 episode_is_downloaded=0 episodeId=201e2945
D/PodcastCatcher PodcastCatcherProvider( 4002): insert episode_publication_date=1364504636000 episode_description=Japan was recently hit by a triple punch: a powerful 9.0 magnitude earthquake generated a huge tsunami, which then critically damaged a nuclear power plant. episode_content_duration=0 episode_stream_uri=http://www.podtrac.com/pts/redirect.mp3/feeds.soundcloud.com/stream/85375241-startalk-a-violent-earth.mp3 podcastId=fd5cbd33 episode_title=A Violent Earth episode_local_uri= episode_percent_elapsed=0 episode_complete=0 episode_is_downloaded=0 episodeId=5f9b64b0
D/PodcastCatcher PodcastCatcherProvider( 4002): insert episode_publication_date=1364504618000 episode_description=What ingredients provide "The Right Stuff" for an astronaut's dinner? From BBQ to ice cream, we feast on food fit for the stars. episode_content_duration=0 episode_stream_uri=http://www.podtrac.com/pts/redirect.mp3/feeds.soundcloud.com/stream/85375203-startalk-cosmic-cuisine.mp3 podcastId=fd5cbd33 episode_title=Cosmic Cuisine episode_local_uri= episode_percent_elapsed=0 episode_complete=0 episode_is_downloaded=0 episodeId=3c39c673
D/PodcastCatcher PodcastCatcherProvider( 4002): insert episode_publication_date=1364504513000 episode_description=Paleontologist Peter Ward explains how life's tendency toward self-destruction has led to massive extinction events in Earth's history. What does the past -- and the smell of rotten eggs -- have to teach us about the fate of humanity? episode_content_duration=0 episode_stream_uri=http://www.podtrac.com/pts/redirect.mp3/feeds.soundcloud.com/stream/85374961-startalk-appetite-for-destruction.mp3 podcastId=fd5cbd33 episode_title=Appetite for Destruction episode_local_uri= episode_percent_elapsed=0 episode_complete=0 episode_is_downloaded=0 episodeId=8a0625fa
D/PodcastCatcher PodcastCatcherProvider( 4002): insert episode_publication_date=1364504482000 episode_description=Expert-in-everything John Hodgman addresses a range of topics, from the possibility of alien or robot invasion, to what lobsters have in common with Star Trek's Spock. episode_content_duration=0 episode_stream_uri=http://www.podtrac.com/pts/redirect.mp3/feeds.soundcloud.com/stream/85374890-startalk-a-conversation-with-john.mp3 podcastId=fd5cbd33 episode_title=A Conversation with John Hodgman episode_local_uri= episode_percent_elapsed=0 episode_complete=0 episode_is_downloaded=0 episodeId=98cc51de
D/PodcastCatcher PodcastCatcherProvider( 4002): insert episode_publication_date=1364504461000 episode_description=Take a tour of the solar system with Mars Exploration Rover scientist Steve Squyres and planetary scientist Heidi Hammel. episode_content_duration=0 episode_stream_uri=http://www.podtrac.com/pts/redirect.mp3/feeds.soundcloud.com/stream/85374850-startalk-tour-of-the-solar-system.mp3 podcastId=fd5cbd33 episode_title=Tour of the Solar System episode_local_uri= episode_percent_elapsed=0 episode_complete=0 episode_is_downloaded=0 episodeId=d8779f9d
D/PodcastCatcher PodcastCatcherProvider( 4002): insert episode_publication_date=1364504436000 episode_description=From Aristotle's misguided meanderings to modern open heart surgery. episode_content_duration=0 episode_stream_uri=http://www.podtrac.com/pts/redirect.mp3/feeds.soundcloud.com/stream/85374789-startalk-matters-of-the-heart.mp3 podcastId=fd5cbd33 episode_title=Matters of the Heart episode_local_uri= episode_percent_elapsed=0 episode_complete=0 episode_is_downloaded=0 episodeId=d9ea6870
D/PodcastCatcher PodcastCatcherProvider( 4002): insert episode_publication_date=1364504414000 episode_description=In this episode, we highlight a few star moments from our constellation of past shows. episode_content_duration=0 episode_stream_uri=http://www.podtrac.com/pts/redirect.mp3/feeds.soundcloud.com/stream/85374735-startalk-startalk-time-capsule.mp3 podcastId=fd5cbd33 episode_title=StarTalk Time Capsule episode_local_uri= episode_percent_elapsed=0 episode_complete=0 episode_is_downloaded=0 episodeId=b6d0c1b4
D/PodcastCatcher PodcastCatcherProvider( 4002): insert episode_publication_date=1364504392000 episode_description=How are the universal laws of matter, energy and motion expressed on the football field? episode_content_duration=0 episode_stream_uri=http://www.podtrac.com/pts/redirect.mp3/feeds.soundcloud.com/stream/85374696-startalk-the-physics-of-football.mp3 podcastId=fd5cbd33 episode_title=The Physics of Football episode_local_uri= episode_percent_elapsed=0 episode_complete=0 episode_is_downloaded=0 episodeId=a563d27f
D/PodcastCatcher PodcastCatcherProvider( 4002): insert episode_publication_date=1364504369000 episode_description=Have you ever seen mysterious lights in the sky, or glimpsed an alien spacecraft? This show provides a probing yet playful discussion about Unidentified Flying Objects. episode_content_duration=0 episode_stream_uri=http://www.podtrac.com/pts/redirect.mp3/feeds.soundcloud.com/stream/85374645-startalk-the-out-of-this-world-ufo-show.mp3 podcastId=fd5cbd33 episode_title=The Out-of-this-World UFO Show episode_local_uri= episode_percent_elapsed=0 episode_complete=0 episode_is_downloaded=0 episodeId=7f674b6d
D/PodcastCatcher PodcastCatcherProvider( 4002): insert episode_publication_date=1364504346000 episode_description=When tasting the first sparkling champagne, Benedictine monk Dom Perignon supposedly said, "Come quickly, I am drinking the stars!" It's more likely the quote originates from a late 19th century advertisement, but the sentiment is universally appealing. episode_content_duration=0 episode_stream_uri=http://www.podtrac.com/pts/redirect.mp3/feeds.soundcloud.com/stream/85374603-startalk-wit-and-wisdom-about-wine.mp3 podcastId=fd5cbd33 episode_title=Wit and Wisdom about Wine episode_local_uri= episode_percent_elapsed=0 episode_complete=0 episode_is_downloaded=0 episodeId=19f2ec5a
D/PodcastCatcher PodcastCatcherProvider( 4002): insert episode_publication_date=1364504323000 episode_description=While cathedrals give people a place to contemplate Heaven from our place here on Earth, astronauts on the ISS can view Earth from "the heavens" above.  This show highlights the many ways the ISS is like a modern-day cathedral. episode_content_duration=0 episode_stream_uri=http://www.podtrac.com/pts/redirect.mp3/feeds.soundcloud.com/stream/85374571-startalk-the-international-space.mp3 podcastId=fd5cbd33 episode_title=The International Space Station: A Space Age Cathedral episode_local_uri= episode_percent_elapsed=0 episode_complete=0 episode_is_downloaded=0 episodeId=f3074518
D/PodcastCatcher PodcastCatcherProvider( 4002): insert episode_publication_date=1364504304000 episode_description=For our holiday show, Neil and his comedian co-hosts discuss the constellations of the winter sky, the star of Bethlehem, and the physics of Santa.  Seth MacFarlane and other special guests call in to comment on the science of the season. episode_content_duration=0 episode_stream_uri=http://www.podtrac.com/pts/redirect.mp3/feeds.soundcloud.com/stream/85374516-startalk-holiday-lights.mp3 podcastId=fd5cbd33 episode_title=Holiday Lights episode_local_uri= episode_percent_elapsed=0 episode_complete=0 episode_is_downloaded=0 episodeId=538ce3ad
D/PodcastCatcher PodcastCatcherProvider( 4002): insert episode_publication_date=1364504281000 episode_description=Do sci-fi classics like Star Trek provide a glimpse into future trends and styles? Neil chats with stylist James Aguiar about the science fiction and facts of fashion. episode_content_duration=0 episode_stream_uri=http://www.podtrac.com/pts/redirect.mp3/feeds.soundcloud.com/stream/85374461-startalk-science-is-fierce.mp3 podcastId=fd5cbd33 episode_title=Science is Fierce episode_local_uri= episode_percent_elapsed=0 episode_complete=0 episode_is_downloaded=0 episodeId=2657a358
D/PodcastCatcher PodcastCatcherProvider( 4002): insert episode_publication_date=1364504259000 episode_description=Jon Stewart is the first guest of the new season.  He and Neil discuss the Daily Show book, Earth: A Visitor's Guide to the Human Race. episode_content_duration=0 episode_stream_uri=http://www.podtrac.com/pts/redirect.mp3/feeds.soundcloud.com/stream/85374416-startalk-an-aliens-guide-to-earth.mp3 podcastId=fd5cbd33 episode_title=An Aliens Guide to Earth episode_local_uri= episode_percent_elapsed=0 episode_complete=0 episode_is_downloaded=0 episodeId=e25db11c
E/PodcastCatcher PodcastCatcherProvider( 4002): buildExpandedSelection: match: 101
E/PodcastCatcher PodcastCatcherProvider( 4002): buildExpandedSelection: uri: content://com.fireminder.podcastcatcher/podcasts/fd5cbd33
I/PodcastCatcher SelectionBuilder( 4002): query(columns=null, distinct=false) SelectionBuilder[table=podcasts, selection=(podcastId=?), selectionArgs=[fd5cbd33]projectionMap = {} ]
E/PodcastCatcher PodcastCatcherProvider( 4002): buildExpandedSelection: match: 200
E/PodcastCatcher PodcastCatcherProvider( 4002): buildExpandedSelection: uri: content://com.fireminder.podcastcatcher/episodes
I/PodcastCatcher SelectionBuilder( 4002): query(columns=null, distinct=false) SelectionBuilder[table=episodes, selection=(podcastId=?), selectionArgs=[fd5cbd33]projectionMap = {} ]
D/DownloadManager( 1427): [62] Starting
W/DownloadManager( 1427): fallocate() not supported; falling back to ftruncate()
W/CursorWrapperInner( 4002): Cursor finalized without prior close()
W/CursorWrapperInner( 4002): Cursor finalized without prior close()
I/ActivityManager( 1231): Waited long enough for: ServiceRecord{34474ab1 u0 com.fireminder.podcastcatcher/.services.DownloadManagerService}
I/ActivityManager( 1231): Waited long enough for: ServiceRecord{3102eb96 u0 com.android.providers.downloads/.DownloadService}
I/UsageStatsService( 1231): User[0] Flushing usage stats to disk
I/LatinIME:LogUtils( 1389): Dictionary info: dictionary = UserHistoryDictionary.en_US ; version = 1428026228 ; date = 1428084777
W/OpenGLRenderer( 1502): Incorrectly called buildLayer on View: ShortcutAndWidgetContainer, destroying layer...
D/DownloadManager( 1427): [62] Finished with status SUCCESS
I/ProcessStatsService( 1231): Prepared write state in 0ms
I/art     ( 1231): Explicit concurrent mark sweep GC freed 33679(1634KB) AllocSpace objects, 9(144KB) LOS objects, 28% free, 9MB/13MB, paused 1.382ms total 29.706ms
E/PodcastCatcher PodcastCatcherProvider( 4002): buildExpandedSelection: match: 201
E/PodcastCatcher PodcastCatcherProvider( 4002): buildExpandedSelection: uri: content://com.fireminder.podcastcatcher/episodes/e25db11c
I/PodcastCatcher SelectionBuilder( 4002): query(columns=null, distinct=false) SelectionBuilder[table=episodes, selection=(episodeId=?), selectionArgs=[e25db11c]projectionMap = {} ]
I/PodcastCatcher SelectionBuilder( 4002): update() SelectionBuilder[table=episodes, selection=(episodeId=?), selectionArgs=[e25db11c]projectionMap = {} ]
I/iu.UploadsManager( 1762): End new media; added: 0, uploading: 0, time: 18 ms
I/iu.UploadsManager( 1762): End new media; added: 0, uploading: 0, time: 19 ms
I/EventLogService( 1762): Aggregate from 1428082993303 (log), 1428082993303 (data)
D/AndroidRuntime( 4166): 
D/AndroidRuntime( 4166): >>>>>> AndroidRuntime START com.android.internal.os.RuntimeInit <<<<<<
D/AndroidRuntime( 4166): CheckJNI is ON
E/memtrack( 4166): Couldn't load memtrack module (No such file or directory)
E/android.os.Debug( 4166): failed to load memtrack module: -2
D/AndroidRuntime( 4166): Calling main entry com.android.commands.pm.Pm
I/PackageManager( 1231): Package doesn't exist in get block uninstall com.immersion.fireminder
W/PackageManager( 1231): Package named 'com.immersion.fireminder' doesn't exist.
I/art     ( 1231): Explicit concurrent mark sweep GC freed 4144(269KB) AllocSpace objects, 2(39KB) LOS objects, 28% free, 9MB/13MB, paused 1.805ms total 24.356ms
E/Pm      ( 4166): Failure details: Bundle[{android.content.pm.extra.STATUS=1, android.content.pm.extra.PACKAGE_NAME=com.immersion.fireminder, android.content.pm.extra.LEGACY_STATUS=-1, android.content.pm.extra.STATUS_MESSAGE=DELETE_FAILED_INTERNAL_ERROR}]
D/AndroidRuntime( 4166): Shutting down VM
I/art     ( 4166): Debugger is no longer active
D/AndroidRuntime( 4177): 
D/AndroidRuntime( 4177): >>>>>> AndroidRuntime START com.android.internal.os.RuntimeInit <<<<<<
D/AndroidRuntime( 4177): CheckJNI is ON
E/memtrack( 4177): Couldn't load memtrack module (No such file or directory)
E/android.os.Debug( 4177): failed to load memtrack module: -2
D/AndroidRuntime( 4177): Calling main entry com.android.commands.pm.Pm
I/ActivityManager( 1231): Force stopping com.fireminder.podcastcatcher appid=10058 user=-1: uninstall pkg
I/ActivityManager( 1231): Killing 4002:com.fireminder.podcastcatcher/u0a58 (adj 11): stop com.fireminder.podcastcatcher
W/ActivityManager( 1231): Scheduling restart of crashed service com.fireminder.podcastcatcher/.services.DownloadManagerService in 1000ms
W/ActivityManager( 1231): Scheduling restart of crashed service com.fireminder.podcastcatcher/.mediaplayer.MediaPlayerService in 1000ms
W/ActivityManager( 1231): Scheduling restart of crashed service com.fireminder.podcastcatcher/.services.SubscriptionService in 10999ms
I/ActivityManager( 1231):   Force stopping service ServiceRecord{2e8de3f2 u0 com.fireminder.podcastcatcher/.mediaplayer.MediaPlayerService}
I/ActivityManager( 1231):   Force stopping service ServiceRecord{1f7b2cbd u0 com.fireminder.podcastcatcher/.services.SubscriptionService}
W/ActivityManager( 1231): Spurious death for ProcessRecord{d09fa43 4002:com.fireminder.podcastcatcher/u0a58}, curProc for 4002: null
W/InputMethodManagerService( 1231): Got RemoteException sending setActive(false) notification to pid 4002 uid 10058
I/ActivityManager( 1231): Force stopping com.fireminder.podcastcatcher appid=10058 user=0: pkg removed
I/InputReader( 1231): Reconfiguring input devices.  changes=0x00000010
W/GeofencerStateMachine( 1675): Ignoring removeGeofence because network location is disabled.
I/art     ( 1502): Explicit concurrent mark sweep GC freed 1566(100KB) AllocSpace objects, 4(369KB) LOS objects, 18% free, 17MB/21MB, paused 1.617ms total 71.363ms
D/Documents( 2964): Update found 6 roots in 53ms
I/ConfigFetchService( 1762): PackageReceiver: Intent { act=android.intent.action.PACKAGE_REMOVED dat=package:com.fireminder.podcastcatcher flg=0x4000010 cmp=com.google.android.gms/.config.ConfigFetchService$PackageReceiver (has extras) }
I/ConfigService( 1715): onCreate
I/ConfigService( 1715): onBind for Intent { act=com.google.android.gms.config.UPDATE pkg=com.google.android.gms } action com.google.android.gms.config.UPDATE
I/ConfigFetchService( 1762): onStartCommand Intent { act=android.intent.action.PACKAGE_REMOVED dat=package:com.fireminder.podcastcatcher cmp=com.google.android.gms/.config.ConfigFetchService (has extras) }
D/VoicemailCleanupService( 1570): Cleaning up data for package: com.fireminder.podcastcatcher
I/LatinIME:LogUtils( 1389): Dictionary info: dictionary = main:en ; version = 47 ; date = 1402373178
I/ConfigService( 1715): onBind returning update interface
I/art     ( 1231): Explicit concurrent mark sweep GC freed 5725(435KB) AllocSpace objects, 2(32KB) LOS objects, 28% free, 9MB/13MB, paused 31.572ms total 190.364ms
I/ConfigService( 1715): onBind for Intent { act=com.google.android.gms.config.START pkg=com.google.android.gms } action com.google.android.gms.config.START
I/ConfigService( 1715): onBind returning config service
D/BackupManagerService( 1231): Received broadcast Intent { act=android.intent.action.PACKAGE_REMOVED dat=package:com.fireminder.podcastcatcher flg=0x4000010 (has extras) }
D/JobSchedulerService( 1231): Receieved: android.intent.action.PACKAGE_REMOVED
W/AccountManagerService( 1231): deleting account dummyaccount because type com.fireminder no longer has a registered authenticator
I/AccountManagerService( 1231): the accounts changed, sending broadcast of android.accounts.LOGIN_ACCOUNTS_CHANGED
D/TaskPersister( 1231): removeObsoleteFile: deleting file=18_task.xml
I/ConfigService( 1715): onDestroy
I/LocationSettingsChecker( 2594): Removing dialog suppression flag for package com.fireminder.podcastcatcher
W/ContextImpl( 1897): Calling a method in the system process without a qualified user: android.app.ContextImpl.startService:1686 android.content.ContextWrapper.startService:515 android.content.ContextWrapper.startService:515 com.android.keychain.KeyChainBroadcastReceiver.onReceive:12 android.app.ActivityThread.handleReceiver:2579 
D/PackageBroadcastService( 1762): Received broadcast action=android.intent.action.PACKAGE_REMOVED and uri=com.fireminder.podcastcatcher
D/AccountUtils( 1762): Clearing selected account for com.fireminder.podcastcatcher
I/ContactsProvider( 1570): Accounts changed
D/DownloadManager( 1427): Deleted 1 downloads owned by UID 10058
I/art     ( 1231): Explicit concurrent mark sweep GC freed 10945(1084KB) AllocSpace objects, 3(48KB) LOS objects, 28% free, 10MB/14MB, paused 10.137ms total 417.271ms
D/AndroidRuntime( 4177): Shutting down VM
I/art     ( 4177): Debugger is no longer active
I/ContactsProvider( 1570): Accounts changed
I/Kids    ( 1762): [CommonUtils] disabled. skipping.
V/UdcLoginAccountsChangedReceiver( 1762): Received broadcast intent with action: android.accounts.LOGIN_ACCOUNTS_CHANGED
V/GLSUser ( 1715): [LoginAccountsChangedWakefulBroadcastReceiver] recieved broadcast intent with action: android.accounts.LOGIN_ACCOUNTS_CHANGED
V/GLSUser ( 1715): [ AccountStateSummary ] - get() - <StoredState>[isConsistent= true, expectedNames=null, expectedHmacs=*****]
V/GLSUser ( 1715): AccountStateSummary - No changes.
I/GLSUser ( 1715): [LoginAccountsChangedIntentService] Updating account challenges...
I/GLSUser ( 1715): [LoginAccountsChangedIntentService] FRP is not supported on current device.
D/AccountChangedReceiver( 1762): Received intent: Intent { act=android.accounts.LOGIN_ACCOUNTS_CHANGED flg=0x4000010 cmp=com.google.android.gms/.common.account.AccountNameChangeBroadcastReceiver }
I/GCoreUlr( 1675): Starting service, intent=Intent { act=com.google.android.location.reporting.ACTION_UPDATE_WORLD cmp=com.google.android.gms/com.google.android.location.reporting.service.DispatchingService (has extras) }, extras=Bundle[{receiverAction=android.accounts.LOGIN_ACCOUNTS_CHANGED}]
I/GCoreUlr( 1675): WorldUpdater received intent Intent { act=com.google.android.location.reporting.ACTION_UPDATE_WORLD cmp=com.google.android.gms/com.google.android.location.reporting.service.DispatchingService (has extras) } with receiverAction android.accounts.LOGIN_ACCOUNTS_CHANGED
D/AccountUpdateService( 1762): Received intent: Intent { act=android.accounts.LOGIN_ACCOUNTS_CHANGED cmp=com.google.android.gms/.common.account.AccountNameUpdateIntentService }
I/Exchange( 4095): Accounts changed - requesting FolderSync for unsynced accounts
V/BackupManagerService( 1231): Running a backup pass
V/BackupManagerService( 1231): clearing pending backups
V/PerformBackupTask( 1231): Beginning backup of 7 targets
I/PerformBackupTask( 1231): Initializing (wiping) backup state and transport storage
I/Email   ( 4112): System accounts updated.
I/Exchange( 4095): EasService.onCreate
I/NotifActionUtils( 4112): resendNotifications account: null, folder: null
I/NotifUtils( 4112): resendNotifications cancelExisting: false, account: null, folder: null
I/Exchange( 4095): RestartPingTask
I/Exchange( 4095): RestartPingsTask did not start any pings.
I/Exchange( 4095): PSS stopIfIdle
I/Exchange( 4095): PSS has no active accounts; stopping service.
D/BackupManagerService( 1231): Now staging backup of com.android.providers.settings
I/Icing   ( 1762): doRemovePackageData com.fireminder.podcastcatcher
I/Exchange( 4095): onDestroy
D/BackupManagerService( 1231): Now staging backup of android
D/BackupManagerService( 1231): Now staging backup of com.android.providers.userdictionary
D/BackupManagerService( 1231): Now staging backup of com.android.dialer
D/BackupManagerService( 1231): Now staging backup of com.android.sharedstoragebackup
D/BackupManagerService( 1231): Now staging backup of com.android.browser
D/BackupManagerService( 1231): Now staging backup of com.android.calendar
I/PeopleDatabaseHelper( 1762): cleanUpNonGplusAccounts done.
I/PeopleContactsSync( 1762): CP2 sync disabled
D/PerformBackupTask( 1231): invokeAgentForBackup on @pm@
V/BackupServiceBinder( 1231): doBackup() invoked
I/PMBA    ( 1231): Previous metadata null mismatch vs 1630668 - rewriting
I/BackupRestoreController( 1231): Getting widget state for user: 0
D/PerformBackupTask( 1231): starting agent for backup of BackupRequest{pkg=com.android.dialer}
I/ActivityManager( 1231): Start proc com.android.dialer for backup com.android.dialer/.DialerBackupAgent: pid=4212 uid=10004 gids={50004, 9997, 3003, 1028, 1015} abi=x86
D/BackupManagerService( 1231): awaiting agent for ApplicationInfo{183789a7 com.android.dialer}
I/GCoreUlr( 1675): No GCM registration ID
I/GCoreUlr( 1675): Ensuring that reporting is stopped because of reasons: (no Google accounts)
D/GCoreFlp( 1675): Unknown pending intent to remove.
I/GCoreUlr( 1675): Unbound from all location providers
I/ContactDirectoryManager( 1570): deleted 0 stale rows which don't have any relevant directory
D/ExtensionsFactory( 4212): No custom extensions.
I/ContactDirectoryManager( 1570): Discovered 0 contact directories in 130ms
D/BackupManagerService( 1231): agentConnected pkg=com.android.dialer agent=android.os.BinderProxy@19c0ae54
I/BackupManagerService( 1231): got agent android.app.IBackupAgent$Stub$Proxy@152001fd
D/PerformBackupTask( 1231): invokeAgentForBackup on com.android.dialer
V/BackupServiceBinder( 4212): doBackup() invoked
D/BackupHelperDispatcher( 4212): handling new helper 'shared_pref'
I/BackupRestoreController( 1231): Getting widget state for user: 0
D/PerformBackupTask( 1231): starting agent for backup of BackupRequest{pkg=com.android.calendar}
I/ActivityManager( 1231): Start proc com.android.calendar for backup com.android.calendar/.CalendarBackupAgent: pid=4228 uid=10018 gids={50018, 9997, 3003} abi=x86
D/BackupManagerService( 1231): awaiting agent for ApplicationInfo{5ea1ef2 com.android.calendar}
D/ExtensionsFactory( 4228): No custom extensions.
D/BackupManagerService( 1231): agentConnected pkg=com.android.calendar agent=android.os.BinderProxy@3b491943
I/BackupManagerService( 1231): got agent android.app.IBackupAgent$Stub$Proxy@10a45bc0
D/PerformBackupTask( 1231): invokeAgentForBackup on com.android.calendar
V/BackupServiceBinder( 4228): doBackup() invoked
D/BackupHelperDispatcher( 4228): handling new helper 'shared_pref'
I/BackupRestoreController( 1231): Getting widget state for user: 0
D/PerformBackupTask( 1231): starting agent for backup of BackupRequest{pkg=com.android.providers.userdictionary}
D/BackupManagerService( 1231): awaiting agent for ApplicationInfo{206fc0f9 com.android.providers.userdictionary}
D/BackupManagerService( 1231): agentConnected pkg=com.android.providers.userdictionary agent=android.os.BinderProxy@15f7383e
I/BackupManagerService( 1231): got agent android.app.IBackupAgent$Stub$Proxy@2b5a069f
D/PerformBackupTask( 1231): invokeAgentForBackup on com.android.providers.userdictionary
V/BackupServiceBinder( 1570): doBackup() invoked
E/DictionaryBackupAgent( 1570): Couldn't read from the cursor
I/BackupRestoreController( 1231): Getting widget state for user: 0
D/PerformBackupTask( 1231): starting agent for backup of BackupRequest{pkg=com.android.browser}
D/BackupManagerService( 1231): awaiting agent for ApplicationInfo{215373ec com.android.browser}
D/BackupManagerService( 1231): agentConnected pkg=com.android.browser agent=android.os.BinderProxy@326273b5
I/BackupManagerService( 1231): got agent android.app.IBackupAgent$Stub$Proxy@262a9a4a
D/PerformBackupTask( 1231): invokeAgentForBackup on com.android.browser
V/BackupServiceBinder( 4074): doBackup() invoked
I/BackupRestoreController( 1231): Getting widget state for user: 0
D/PerformBackupTask( 1231): starting agent for backup of BackupRequest{pkg=com.android.sharedstoragebackup}
I/ActivityManager( 1231): Start proc com.android.sharedstoragebackup for backup com.android.sharedstoragebackup/.SharedStorageAgent: pid=4246 uid=10012 gids={50012, 9997, 1028, 1015, 1023} abi=x86
D/BackupManagerService( 1231): awaiting agent for ApplicationInfo{1a626dbb com.android.sharedstoragebackup}
E/art     ( 4246): Failed sending reply to debugger: Broken pipe
I/art     ( 4246): Debugger is no longer active
D/BackupManagerService( 1231): agentConnected pkg=com.android.sharedstoragebackup agent=android.os.BinderProxy@12f9e2d8
I/BackupManagerService( 1231): got agent android.app.IBackupAgent$Stub$Proxy@2939631
D/PerformBackupTask( 1231): invokeAgentForBackup on com.android.sharedstoragebackup
V/BackupServiceBinder( 4246): doBackup() invoked
I/BackupRestoreController( 1231): Getting widget state for user: 0
D/PerformBackupTask( 1231): starting agent for backup of BackupRequest{pkg=com.android.providers.settings}
D/BackupManagerService( 1231): awaiting agent for ApplicationInfo{2b801116 com.android.providers.settings}
D/BackupManagerService( 1231): agentConnected pkg=com.android.providers.settings agent=android.app.backup.BackupAgent$BackupServiceBinder@17c02a97
I/BackupManagerService( 1231): got agent android.app.backup.BackupAgent$BackupServiceBinder@17c02a97
D/PerformBackupTask( 1231): invokeAgentForBackup on com.android.providers.settings
V/BackupServiceBinder( 1231): doBackup() invoked
W/SettingsBackupAgent( 1231): Couldn't backup /data/misc/wifi/ipconfig.txt
I/BackupRestoreController( 1231): Getting widget state for user: 0
D/PerformBackupTask( 1231): starting agent for backup of BackupRequest{pkg=android}
D/BackupManagerService( 1231): awaiting agent for ApplicationInfo{cda646d android}
D/BackupManagerService( 1231): agentConnected pkg=android agent=android.app.backup.BackupAgent$BackupServiceBinder@1ce428a2
I/BackupManagerService( 1231): got agent android.app.backup.BackupAgent$BackupServiceBinder@1ce428a2
D/PerformBackupTask( 1231): invokeAgentForBackup on android
V/BackupServiceBinder( 1231): doBackup() invoked
D/BackupHelperDispatcher( 1231): handling new helper 'wallpaper'
I/BackupRestoreController( 1231): Getting widget state for user: 0
I/BackupManagerService( 1231): Backup pass finished.
E/StrictMode( 1762): A resource was acquired at attached stack trace but never released. See java.io.Closeable for information on avoiding resource leaks.
E/StrictMode( 1762): java.lang.Throwable: Explicit termination method 'close' not called
E/StrictMode( 1762): 	at dalvik.system.CloseGuard.open(CloseGuard.java:184)
E/StrictMode( 1762): 	at android.database.sqlite.SQLiteDatabase.openInner(SQLiteDatabase.java:807)
E/StrictMode( 1762): 	at android.database.sqlite.SQLiteDatabase.open(SQLiteDatabase.java:791)
E/StrictMode( 1762): 	at android.database.sqlite.SQLiteDatabase.openDatabase(SQLiteDatabase.java:694)
E/StrictMode( 1762): 	at android.app.ContextImpl.openOrCreateDatabase(ContextImpl.java:1142)
E/StrictMode( 1762): 	at android.content.ContextWrapper.openOrCreateDatabase(ContextWrapper.java:267)
E/StrictMode( 1762): 	at android.database.sqlite.SQLiteOpenHelper.getDatabaseLocked(SQLiteOpenHelper.java:223)
E/StrictMode( 1762): 	at android.database.sqlite.SQLiteOpenHelper.getReadableDatabase(SQLiteOpenHelper.java:187)
E/StrictMode( 1762): 	at com.google.android.gms.googlehelp.d.d.a(SourceFile:56)
E/StrictMode( 1762): 	at com.google.android.gms.googlehelp.d.a.b(SourceFile:49)
E/StrictMode( 1762): 	at com.google.android.gms.googlehelp.d.d.a(SourceFile:146)
E/StrictMode( 1762): 	at com.google.android.gms.googlehelp.service.ClearHelpHistoryIntentService.onHandleIntent(SourceFile:47)
E/StrictMode( 1762): 	at android.app.IntentService$ServiceHandler.handleMessage(IntentService.java:65)
E/StrictMode( 1762): 	at android.os.Handler.dispatchMessage(Handler.java:102)
E/StrictMode( 1762): 	at android.os.Looper.loop(Looper.java:135)
E/StrictMode( 1762): 	at android.os.HandlerThread.run(HandlerThread.java:61)
E/StrictMode( 1762): A resource was acquired at attached stack trace but never released. See java.io.Closeable for information on avoiding resource leaks.
E/StrictMode( 1762): java.lang.Throwable: Explicit termination method 'close' not called
E/StrictMode( 1762): 	at dalvik.system.CloseGuard.open(CloseGuard.java:184)
E/StrictMode( 1762): 	at android.database.sqlite.SQLiteConnectionPool.open(SQLiteConnectionPool.java:190)
E/StrictMode( 1762): 	at android.database.sqlite.SQLiteConnectionPool.open(SQLiteConnectionPool.java:177)
E/StrictMode( 1762): 	at android.database.sqlite.SQLiteDatabase.openInner(SQLiteDatabase.java:806)
E/StrictMode( 1762): 	at android.database.sqlite.SQLiteDatabase.open(SQLiteDatabase.java:791)
E/StrictMode( 1762): 	at android.database.sqlite.SQLiteDatabase.openDatabase(SQLiteDatabase.java:694)
E/StrictMode( 1762): 	at android.app.ContextImpl.openOrCreateDatabase(ContextImpl.java:1142)
E/StrictMode( 1762): 	at android.content.ContextWrapper.openOrCreateDatabase(ContextWrapper.java:267)
E/StrictMode( 1762): 	at android.database.sqlite.SQLiteOpenHelper.getDatabaseLocked(SQLiteOpenHelper.java:223)
E/StrictMode( 1762): 	at android.database.sqlite.SQLiteOpenHelper.getReadableDatabase(SQLiteOpenHelper.java:187)
E/StrictMode( 1762): 	at com.google.android.gms.googlehelp.d.d.a(SourceFile:56)
E/StrictMode( 1762): 	at com.google.android.gms.googlehelp.d.a.b(SourceFile:49)
E/StrictMode( 1762): 	at com.google.android.gms.googlehelp.d.d.a(SourceFile:146)
E/StrictMode( 1762): 	at com.google.android.gms.googlehelp.service.ClearHelpHistoryIntentService.onHandleIntent(SourceFile:47)
E/StrictMode( 1762): 	at android.app.IntentService$ServiceHandler.handleMessage(IntentService.java:65)
E/StrictMode( 1762): 	at android.os.Handler.dispatchMessage(Handler.java:102)
E/StrictMode( 1762): 	at android.os.Looper.loop(Looper.java:135)
E/StrictMode( 1762): 	at android.os.HandlerThread.run(HandlerThread.java:61)
W/SQLiteConnectionPool( 1762): A SQLiteConnection object for database '/data/data/com.google.android.gms/databases/metrics.db' was leaked!  Please fix your application to end transactions in progress properly and to close the database when it is no longer needed.
E/StrictMode( 1762): A resource was acquired at attached stack trace but never released. See java.io.Closeable for information on avoiding resource leaks.
E/StrictMode( 1762): java.lang.Throwable: Explicit termination method 'close' not called
E/StrictMode( 1762): 	at dalvik.system.CloseGuard.open(CloseGuard.java:184)
E/StrictMode( 1762): 	at android.database.sqlite.SQLiteConnection.<init>(SQLiteConnection.java:170)
E/StrictMode( 1762): 	at android.database.sqlite.SQLiteConnection.open(SQLiteConnection.java:190)
E/StrictMode( 1762): 	at android.database.sqlite.SQLiteConnectionPool.openConnectionLocked(SQLiteConnectionPool.java:463)
E/StrictMode( 1762): 	at android.database.sqlite.SQLiteConnectionPool.open(SQLiteConnectionPool.java:185)
E/StrictMode( 1762): 	at android.database.sqlite.SQLiteConnectionPool.open(SQLiteConnectionPool.java:177)
E/StrictMode( 1762): 	at android.database.sqlite.SQLiteDatabase.openInner(SQLiteDatabase.java:806)
E/StrictMode( 1762): 	at android.database.sqlite.SQLiteDatabase.open(SQLiteDatabase.java:791)
E/StrictMode( 1762): 	at android.database.sqlite.SQLiteDatabase.openDatabase(SQLiteDatabase.java:694)
E/StrictMode( 1762): 	at android.app.ContextImpl.openOrCreateDatabase(ContextImpl.java:1142)
E/StrictMode( 1762): 	at android.content.ContextWrapper.openOrCreateDatabase(ContextWrapper.java:267)
E/StrictMode( 1762): 	at android.database.sqlite.SQLiteOpenHelper.getDatabaseLocked(SQLiteOpenHelper.java:223)
E/StrictMode( 1762): 	at android.database.sqlite.SQLiteOpenHelper.getReadableDatabase(SQLiteOpenHelper.java:187)
E/StrictMode( 1762): 	at com.google.android.gms.googlehelp.d.d.a(SourceFile:56)
E/StrictMode( 1762): 	at com.google.android.gms.googlehelp.d.a.b(SourceFile:49)
E/StrictMode( 1762): 	at com.google.android.gms.googlehelp.d.d.a(SourceFile:146)
E/StrictMode( 1762): 	at com.google.android.gms.googlehelp.service.ClearHelpHistoryIntentService.onHandleIntent(SourceFile:47)
E/StrictMode( 1762): 	at android.app.IntentService$ServiceHandler.handleMessage(IntentService.java:65)
E/StrictMode( 1762): 	at android.os.Handler.dispatchMessage(Handler.java:102)
E/StrictMode( 1762): 	at android.os.Looper.loop(Looper.java:135)
E/StrictMode( 1762): 	at android.os.HandlerThread.run(HandlerThread.java:61)
E/StrictMode( 1762): A resource was acquired at attached stack trace but never released. See java.io.Closeable for information on avoiding resource leaks.
E/StrictMode( 1762): java.lang.Throwable: Explicit termination method 'close' not called
E/StrictMode( 1762): 	at dalvik.system.CloseGuard.open(CloseGuard.java:184)
E/StrictMode( 1762): 	at android.database.sqlite.SQLiteDatabase.openInner(SQLiteDatabase.java:807)
E/StrictMode( 1762): 	at android.database.sqlite.SQLiteDatabase.open(SQLiteDatabase.java:791)
E/StrictMode( 1762): 	at android.database.sqlite.SQLiteDatabase.openDatabase(SQLiteDatabase.java:694)
E/StrictMode( 1762): 	at android.app.ContextImpl.openOrCreateDatabase(ContextImpl.java:1142)
E/StrictMode( 1762): 	at android.content.ContextWrapper.openOrCreateDatabase(ContextWrapper.java:267)
E/StrictMode( 1762): 	at android.database.sqlite.SQLiteOpenHelper.getDatabaseLocked(SQLiteOpenHelper.java:223)
E/StrictMode( 1762): 	at android.database.sqlite.SQLiteOpenHelper.getReadableDatabase(SQLiteOpenHelper.java:187)
E/StrictMode( 1762): 	at com.google.android.gms.googlehelp.d.b.a(SourceFile:91)
E/StrictMode( 1762): 	at com.google.android.gms.googlehelp.d.a.b(SourceFile:49)
E/StrictMode( 1762): 	at com.google.android.gms.googlehelp.d.b.d(SourceFile:452)
E/StrictMode( 1762): 	at com.google.android.gms.googlehelp.service.ClearHelpHistoryIntentService.onHandleIntent(SourceFile:48)
E/StrictMode( 1762): 	at android.app.IntentService$ServiceHandler.handleMessage(IntentService.java:65)
E/StrictMode( 1762): 	at android.os.Handler.dispatchMessage(Handler.java:102)
E/StrictMode( 1762): 	at android.os.Looper.loop(Looper.java:135)
E/StrictMode( 1762): 	at android.os.HandlerThread.run(HandlerThread.java:61)
E/StrictMode( 1762): A resource was acquired at attached stack trace but never released. See java.io.Closeable for information on avoiding resource leaks.
E/StrictMode( 1762): java.lang.Throwable: Explicit termination method 'close' not called
E/StrictMode( 1762): 	at dalvik.system.CloseGuard.open(CloseGuard.java:184)
E/StrictMode( 1762): 	at android.database.sqlite.SQLiteConnectionPool.open(SQLiteConnectionPool.java:190)
E/StrictMode( 1762): 	at android.database.sqlite.SQLiteConnectionPool.open(SQLiteConnectionPool.java:177)
E/StrictMode( 1762): 	at android.database.sqlite.SQLiteDatabase.openInner(SQLiteDatabase.java:806)
E/StrictMode( 1762): 	at android.database.sqlite.SQLiteDatabase.open(SQLiteDatabase.java:791)
E/StrictMode( 1762): 	at android.database.sqlite.SQLiteDatabase.openDatabase(SQLiteDatabase.java:694)
E/StrictMode( 1762): 	at android.app.ContextImpl.openOrCreateDatabase(ContextImpl.java:1142)
E/StrictMode( 1762): 	at android.content.ContextWrapper.openOrCreateDatabase(ContextWrapper.java:267)
E/StrictMode( 1762): 	at android.database.sqlite.SQLiteOpenHelper.getDatabaseLocked(SQLiteOpenHelper.java:223)
E/StrictMode( 1762): 	at android.database.sqlite.SQLiteOpenHelper.getReadableDatabase(SQLiteOpenHelper.java:187)
E/StrictMode( 1762): 	at com.google.android.gms.googlehelp.d.b.a(SourceFile:91)
E/StrictMode( 1762): 	at com.google.android.gms.googlehelp.d.a.b(SourceFile:49)
E/StrictMode( 1762): 	at com.google.android.gms.googlehelp.d.b.d(SourceFile:452)
E/StrictMode( 1762): 	at com.google.android.gms.googlehelp.service.ClearHelpHistoryIntentService.onHandleIntent(SourceFile:48)
E/StrictMode( 1762): 	at android.app.IntentService$ServiceHandler.handleMessage(IntentService.java:65)
E/StrictMode( 1762): 	at android.os.Handler.dispatchMessage(Handler.java:102)
E/StrictMode( 1762): 	at android.os.Looper.loop(Looper.java:135)
E/StrictMode( 1762): 	at android.os.HandlerThread.run(HandlerThread.java:61)
W/SQLiteConnectionPool( 1762): A SQLiteConnection object for database '/data/data/com.google.android.gms/databases/help_responses.db' was leaked!  Please fix your application to end transactions in progress properly and to close the database when it is no longer needed.
E/StrictMode( 1762): A resource was acquired at attached stack trace but never released. See java.io.Closeable for information on avoiding resource leaks.
E/StrictMode( 1762): java.lang.Throwable: Explicit termination method 'close' not called
E/StrictMode( 1762): 	at dalvik.system.CloseGuard.open(CloseGuard.java:184)
E/StrictMode( 1762): 	at android.database.sqlite.SQLiteConnection.<init>(SQLiteConnection.java:170)
E/StrictMode( 1762): 	at android.database.sqlite.SQLiteConnection.open(SQLiteConnection.java:190)
E/StrictMode( 1762): 	at android.database.sqlite.SQLiteConnectionPool.openConnectionLocked(SQLiteConnectionPool.java:463)
E/StrictMode( 1762): 	at android.database.sqlite.SQLiteConnectionPool.open(SQLiteConnectionPool.java:185)
E/StrictMode( 1762): 	at android.database.sqlite.SQLiteConnectionPool.open(SQLiteConnectionPool.java:177)
E/StrictMode( 1762): 	at android.database.sqlite.SQLiteDatabase.openInner(SQLiteDatabase.java:806)
E/StrictMode( 1762): 	at android.database.sqlite.SQLiteDatabase.open(SQLiteDatabase.java:791)
E/StrictMode( 1762): 	at android.database.sqlite.SQLiteDatabase.openDatabase(SQLiteDatabase.java:694)
E/StrictMode( 1762): 	at android.app.ContextImpl.openOrCreateDatabase(ContextImpl.java:1142)
E/StrictMode( 1762): 	at android.content.ContextWrapper.openOrCreateDatabase(ContextWrapper.java:267)
E/StrictMode( 1762): 	at android.database.sqlite.SQLiteOpenHelper.getDatabaseLocked(SQLiteOpenHelper.java:223)
E/StrictMode( 1762): 	at android.database.sqlite.SQLiteOpenHelper.getReadableDatabase(SQLiteOpenHelper.java:187)
E/StrictMode( 1762): 	at com.google.android.gms.googlehelp.d.b.a(SourceFile:91)
E/StrictMode( 1762): 	at com.google.android.gms.googlehelp.d.a.b(SourceFile:49)
E/StrictMode( 1762): 	at com.google.android.gms.googlehelp.d.b.d(SourceFile:452)
E/StrictMode( 1762): 	at com.google.android.gms.googlehelp.service.ClearHelpHistoryIntentService.onHandleIntent(SourceFile:48)
E/StrictMode( 1762): 	at android.app.IntentService$ServiceHandler.handleMessage(IntentService.java:65)
E/StrictMode( 1762): 	at android.os.Handler.dispatchMessage(Handler.java:102)
E/StrictMode( 1762): 	at android.os.Looper.loop(Looper.java:135)
E/StrictMode( 1762): 	at android.os.HandlerThread.run(HandlerThread.java:61)
E/StrictMode( 1762): A resource was acquired at attached stack trace but never released. See java.io.Closeable for information on avoiding resource leaks.
E/StrictMode( 1762): java.lang.Throwable: Explicit termination method 'close' not called
E/StrictMode( 1762): 	at dalvik.system.CloseGuard.open(CloseGuard.java:184)
E/StrictMode( 1762): 	at android.database.sqlite.SQLiteDatabase.openInner(SQLiteDatabase.java:807)
E/StrictMode( 1762): 	at android.database.sqlite.SQLiteDatabase.open(SQLiteDatabase.java:791)
E/StrictMode( 1762): 	at android.database.sqlite.SQLiteDatabase.openDatabase(SQLiteDatabase.java:694)
E/StrictMode( 1762): 	at android.app.ContextImpl.openOrCreateDatabase(ContextImpl.java:1142)
E/StrictMode( 1762): 	at android.content.ContextWrapper.openOrCreateDatabase(ContextWrapper.java:267)
E/StrictMode( 1762): 	at android.database.sqlite.SQLiteOpenHelper.getDatabaseLocked(SQLiteOpenHelper.java:223)
E/StrictMode( 1762): 	at android.database.sqlite.SQLiteOpenHelper.getReadableDatabase(SQLiteOpenHelper.java:187)
E/StrictMode( 1762): 	at com.google.android.gms.googlehelp.search.a.a(SourceFile:55)
E/StrictMode( 1762): 	at com.google.android.gms.googlehelp.d.a.b(SourceFile:49)
E/StrictMode( 1762): 	at com.google.android.gms.googlehelp.search.a.e(SourceFile:113)
E/StrictMode( 1762): 	at com.google.android.gms.googlehelp.service.ClearHelpHistoryIntentService.onHandleIntent(SourceFile:49)
E/StrictMode( 1762): 	at android.app.IntentService$ServiceHandler.handleMessage(IntentService.java:65)
E/StrictMode( 1762): 	at android.os.Handler.dispatchMessage(Handler.java:102)
E/StrictMode( 1762): 	at android.os.Looper.loop(Looper.java:135)
E/StrictMode( 1762): 	at android.os.HandlerThread.run(HandlerThread.java:61)
E/StrictMode( 1762): A resource was acquired at attached stack trace but never released. See java.io.Closeable for information on avoiding resource leaks.
E/StrictMode( 1762): java.lang.Throwable: Explicit termination method 'close' not called
E/StrictMode( 1762): 	at dalvik.system.CloseGuard.open(CloseGuard.java:184)
E/StrictMode( 1762): 	at android.database.sqlite.SQLiteConnectionPool.open(SQLiteConnectionPool.java:190)
E/StrictMode( 1762): 	at android.database.sqlite.SQLiteConnectionPool.open(SQLiteConnectionPool.java:177)
E/StrictMode( 1762): 	at android.database.sqlite.SQLiteDatabase.openInner(SQLiteDatabase.java:806)
E/StrictMode( 1762): 	at android.database.sqlite.SQLiteDatabase.open(SQLiteDatabase.java:791)
E/StrictMode( 1762): 	at android.database.sqlite.SQLiteDatabase.openDatabase(SQLiteDatabase.java:694)
E/StrictMode( 1762): 	at android.app.ContextImpl.openOrCreateDatabase(ContextImpl.java:1142)
E/StrictMode( 1762): 	at android.content.ContextWrapper.openOrCreateDatabase(ContextWrapper.java:267)
E/StrictMode( 1762): 	at android.database.sqlite.SQLiteOpenHelper.getDatabaseLocked(SQLiteOpenHelper.java:223)
E/StrictMode( 1762): 	at android.database.sqlite.SQLiteOpenHelper.getReadableDatabase(SQLiteOpenHelper.java:187)
E/StrictMode( 1762): 	at com.google.android.gms.googlehelp.search.a.a(SourceFile:55)
E/StrictMode( 1762): 	at com.google.android.gms.googlehelp.d.a.b(SourceFile:49)
E/StrictMode( 1762): 	at com.google.android.gms.googlehelp.search.a.e(SourceFile:113)
E/StrictMode( 1762): 	at com.google.android.gms.googlehelp.service.ClearHelpHistoryIntentService.onHandleIntent(SourceFile:49)
E/StrictMode( 1762): 	at android.app.IntentService$ServiceHandler.handleMessage(IntentService.java:65)
E/StrictMode( 1762): 	at android.os.Handler.dispatchMessage(Handler.java:102)
E/StrictMode( 1762): 	at android.os.Looper.loop(Looper.java:135)
E/StrictMode( 1762): 	at android.os.HandlerThread.run(HandlerThread.java:61)
W/SQLiteConnectionPool( 1762): A SQLiteConnection object for database '/data/data/com.google.android.gms/databases/history_query.db' was leaked!  Please fix your application to end transactions in progress properly and to close the database when it is no longer needed.
E/StrictMode( 1762): A resource was acquired at attached stack trace but never released. See java.io.Closeable for information on avoiding resource leaks.
E/StrictMode( 1762): java.lang.Throwable: Explicit termination method 'close' not called
E/StrictMode( 1762): 	at dalvik.system.CloseGuard.open(CloseGuard.java:184)
E/StrictMode( 1762): 	at android.database.sqlite.SQLiteConnection.<init>(SQLiteConnection.java:170)
E/StrictMode( 1762): 	at android.database.sqlite.SQLiteConnection.open(SQLiteConnection.java:190)
E/StrictMode( 1762): 	at android.database.sqlite.SQLiteConnectionPool.openConnectionLocked(SQLiteConnectionPool.java:463)
E/StrictMode( 1762): 	at android.database.sqlite.SQLiteConnectionPool.open(SQLiteConnectionPool.java:185)
E/StrictMode( 1762): 	at android.database.sqlite.SQLiteConnectionPool.open(SQLiteConnectionPool.java:177)
E/StrictMode( 1762): 	at android.database.sqlite.SQLiteDatabase.openInner(SQLiteDatabase.java:806)
E/StrictMode( 1762): 	at android.database.sqlite.SQLiteDatabase.open(SQLiteDatabase.java:791)
E/StrictMode( 1762): 	at android.database.sqlite.SQLiteDatabase.openDatabase(SQLiteDatabase.java:694)
E/StrictMode( 1762): 	at android.app.ContextImpl.openOrCreateDatabase(ContextImpl.java:1142)
E/StrictMode( 1762): 	at android.content.ContextWrapper.openOrCreateDatabase(ContextWrapper.java:267)
E/StrictMode( 1762): 	at android.database.sqlite.SQLiteOpenHelper.getDatabaseLocked(SQLiteOpenHelper.java:223)
E/StrictMode( 1762): 	at android.database.sqlite.SQLiteOpenHelper.getReadableDatabase(SQLiteOpenHelper.java:187)
E/StrictMode( 1762): 	at com.google.android.gms.googlehelp.search.a.a(SourceFile:55)
E/StrictMode( 1762): 	at com.google.android.gms.googlehelp.d.a.b(SourceFile:49)
E/StrictMode( 1762): 	at com.google.android.gms.googlehelp.search.a.e(SourceFile:113)
E/StrictMode( 1762): 	at com.google.android.gms.googlehelp.service.ClearHelpHistoryIntentService.onHandleIntent(SourceFile:49)
E/StrictMode( 1762): 	at android.app.IntentService$ServiceHandler.handleMessage(IntentService.java:65)
