D/PodcastCatcher PodcastCatcherProvider( 4307): insert episode_publication_date=1364505037000 episode_description=From the physics of sound to the healing power of song, groove to the universal sway of music with guests Moby and Jonathan Coulton. episode_content_duration=0 episode_stream_uri=http://www.podtrac.com/pts/redirect.mp3/feeds.soundcloud.com/stream/85376124-startalk-the-music-of-the-spheres.mp3 podcastId=fd5cbd33 episode_title=The Music of the Spheres episode_local_uri= episode_percent_elapsed=0 episode_complete=0 episode_is_downloaded=0 episodeId=8f86073c
D/PodcastCatcher PodcastCatcherProvider( 4307): insert episode_publication_date=1364505022000 episode_description=On this ten-year anniversary of the 9/11 tragedy, StarTalk Radio takes a look at the event and how it changed our lives. episode_content_duration=0 episode_stream_uri=http://www.podtrac.com/pts/redirect.mp3/feeds.soundcloud.com/stream/85376096-startalk-9-11-memorial.mp3 podcastId=fd5cbd33 episode_title=9/11 Memorial episode_local_uri= episode_percent_elapsed=0 episode_complete=0 episode_is_downloaded=0 episodeId=84efb677
D/PodcastCatcher PodcastCatcherProvider( 4307): insert episode_publication_date=1364505012000 episode_description=Although many people debate about the use of animals in science and civilization, few argue as adamantly against their use than our guest, Ingrid Newkirk, co-founder and president of PETA. episode_content_duration=0 episode_stream_uri=http://www.podtrac.com/pts/redirect.mp3/feeds.soundcloud.com/stream/85376080-startalk-making-the-fur-fly.mp3 podcastId=fd5cbd33 episode_title=Making the Fur Fly episode_local_uri= episode_percent_elapsed=0 episode_complete=0 episode_is_downloaded=0 episodeId=933474aa
D/PodcastCatcher PodcastCatcherProvider( 4307): insert episode_publication_date=1364505002000 episode_description=See the Sun with new eyes as we discuss the many ways this ball of plasma illuminates our past, present and future. episode_content_duration=0 episode_stream_uri=http://www.podtrac.com/pts/redirect.mp3/feeds.soundcloud.com/stream/85376059-startalk-revolving-around-the-sun.mp3 podcastId=fd5cbd33 episode_title=Revolving Around the Sun episode_local_uri= episode_percent_elapsed=0 episode_complete=0 episode_is_downloaded=0 episodeId=53e1f5e2
D/PodcastCatcher PodcastCatcherProvider( 4307): insert episode_publication_date=1364504992000 episode_description=Academy-award winning actor Morgan Freeman joins us for a light-hearted discussion of some of the deepest mysteries facing science today. episode_content_duration=0 episode_stream_uri=http://www.podtrac.com/pts/redirect.mp3/feeds.soundcloud.com/stream/85376034-startalk-through-the-wormhole.mp3 podcastId=fd5cbd33 episode_title=Through the Wormhole episode_local_uri= episode_percent_elapsed=0 episode_complete=0 episode_is_downloaded=0 episodeId=d6faa2d6
D/PodcastCatcher PodcastCatcherProvider( 4307): insert episode_publication_date=1364504973000 episode_description=Holy   x p  /2   Batman! Theoretical physicist Michio Kaku joins us for another discussion of superheroes and the amazing physics behind their incredible powers. episode_content_duration=0 episode_stream_uri=http://www.podtrac.com/pts/redirect.mp3/feeds.soundcloud.com/stream/85376000-startalk-the-physics-of-superheroes-the.mp3 podcastId=fd5cbd33 episode_title=The Physics of Superheroes, the Sequel episode_local_uri= episode_percent_elapsed=0 episode_complete=0 episode_is_downloaded=0 episodeId=7d96dbb2
D/PodcastCatcher PodcastCatcherProvider( 4307): insert episode_publication_date=1364504962000 episode_description=Famous for her role as Star Trek's Uhura, Nichelle Nichols discusses in part 2 of her interview how she also played a vital role in influencing the modern era of NASA. episode_content_duration=0 episode_stream_uri=http://www.podtrac.com/pts/redirect.mp3/feeds.soundcloud.com/stream/85375967-startalk-nasa-and-nichelle-nichols.mp3 podcastId=fd5cbd33 episode_title=NASA and Nichelle Nichols episode_local_uri= episode_percent_elapsed=0 episode_complete=0 episode_is_downloaded=0 episodeId=738e9b4e
D/PodcastCatcher PodcastCatcherProvider( 4307): insert episode_publication_date=1364504951000 episode_description=Nichelle Nichols discusses her role as Star Trek's Lt. Uhura, and the impact that had on her life and on society. episode_content_duration=0 episode_stream_uri=http://www.podtrac.com/pts/redirect.mp3/feeds.soundcloud.com/stream/85375941-startalk-a-conversation-with-nichelle.mp3 podcastId=fd5cbd33 episode_title=A Conversation with Nichelle Nichols episode_local_uri= episode_percent_elapsed=0 episode_complete=0 episode_is_downloaded=0 episodeId=774d2316
D/PodcastCatcher PodcastCatcherProvider( 4307): insert episode_publication_date=1364504928000 episode_description=Suze Orman shares her street smarts about math, investing and the recent economic melt-down on our show about the science of finance. episode_content_duration=0 episode_stream_uri=http://www.podtrac.com/pts/redirect.mp3/feeds.soundcloud.com/stream/85375899-startalk-making-cents-of-money.mp3 podcastId=fd5cbd33 episode_title=Making Cents of Money episode_local_uri= episode_percent_elapsed=0 episode_complete=0 episode_is_downloaded=0 episodeId=e6e99d0b
D/PodcastCatcher PodcastCatcherProvider( 4307): insert episode_publication_date=1364504917000 episode_description=Travel back to the future for a discussion of time travel and the movies that depict such excellent adventures. episode_content_duration=0 episode_stream_uri=http://www.podtrac.com/pts/redirect.mp3/feeds.soundcloud.com/stream/85375861-startalk-time-travel-at-the-movies.mp3 podcastId=fd5cbd33 episode_title=Time Travel at the Movies episode_local_uri= episode_percent_elapsed=0 episode_complete=0 episode_is_downloaded=0 episodeId=50be4014
D/PodcastCatcher PodcastCatcherProvider( 4307): insert episode_publication_date=1364504905000 episode_description=Are you on our wavelength? Learn about the many ways the electromagnetic spectrum infiltrates our lives and illuminates the universe. episode_content_duration=0 episode_stream_uri=http://www.podtrac.com/pts/redirect.mp3/feeds.soundcloud.com/stream/85375833-startalk-let-there-be-light.mp3 podcastId=fd5cbd33 episode_title=Let There Be Light episode_local_uri= episode_percent_elapsed=0 episode_complete=0 episode_is_downloaded=0 episodeId=deb493ce
D/PodcastCatcher PodcastCatcherProvider( 4307): insert episode_publication_date=1364504891000 episode_description=From Comedy Central's World News Headquarters in New York, Neil sits down with Jon Stewart of The Daily Show to discuss the comic (and cosmic) connections between the worlds of science and politics. episode_content_duration=0 episode_stream_uri=http://www.podtrac.com/pts/redirect.mp3/feeds.soundcloud.com/stream/85375801-startalk-the-political-science-of-the.mp3 podcastId=fd5cbd33 episode_title=The Political Science of The Daily Show episode_local_uri= episode_percent_elapsed=0 episode_complete=0 episode_is_downloaded=0 episodeId=b5281c09
D/PodcastCatcher PodcastCatcherProvider( 4307): insert episode_publication_date=1364504864000 episode_description=Extreme weather events dominate the news -- tornadoes, hurricanes, winter snowmageddons, floods. What is fantasy and what is reality in the cultural conversation about climate? episode_content_duration=0 episode_stream_uri=http://www.podtrac.com/pts/redirect.mp3/feeds.soundcloud.com/stream/85375736-startalk-climate-confusion.mp3 podcastId=fd5cbd33 episode_title=Climate Confusion episode_local_uri= episode_percent_elapsed=0 episode_complete=0 episode_is_downloaded=0 episodeId=5efb80c6
D/PodcastCatcher PodcastCatcherProvider( 4307): insert episode_publication_date=1364504723000 episode_description=Faster than a speeding bullet? More powerful than a locomotive? James Kakalios, physics professor and author of "The Physics of Superheroes" discusses the science behind the amazing powers of our favorite caped crusaders. episode_content_duration=0 episode_stream_uri=http://www.podtrac.com/pts/redirect.mp3/feeds.soundcloud.com/stream/85375423-startalk-the-physics-of-superheroes.mp3 podcastId=fd5cbd33 episode_title=The Physics of Superheroes episode_local_uri= episode_percent_elapsed=0 episode_complete=0 episode_is_downloaded=0 episodeId=2fce97d8
D/PodcastCatcher PodcastCatcherProvider( 4307): insert episode_publication_date=1364504705000 episode_description=Neil, comedian co-host Leighann Lord, and Phil Plait, the "Bad Astronomer," discuss The Good, The Bad, and The Ugly of science in the movies. episode_content_duration=0 episode_stream_uri=http://www.podtrac.com/pts/redirect.mp3/feeds.soundcloud.com/stream/85375391-startalk-science-at-the-movies.mp3 podcastId=fd5cbd33 episode_title=Science at the Movies episode_local_uri= episode_percent_elapsed=0 episode_complete=0 episode_is_downloaded=0 episodeId=2cb1d4fd
D/PodcastCatcher PodcastCatcherProvider( 4307): insert episode_publication_date=1364504682000 episode_description=Learn about the evolution of paints, powders, perfumes and other potions as we discuss the artful science of cosmetics. episode_content_duration=0 episode_stream_uri=http://www.podtrac.com/pts/redirect.mp3/feeds.soundcloud.com/stream/85375329-startalk-the-cosmic-chemistry-of.mp3 podcastId=fd5cbd33 episode_title=The Cosmic Chemistry of Cosmetics episode_local_uri= episode_percent_elapsed=0 episode_complete=0 episode_is_downloaded=0 episodeId=2b1b51f1
D/PodcastCatcher PodcastCatcherProvider( 4307): insert episode_publication_date=1364504656000 episode_description=How do we know what we know?  The brain is an amazing product of evolutionary engineering, but many influences can play with our perceptions. episode_content_duration=0 episode_stream_uri=http://www.podtrac.com/pts/redirect.mp3/feeds.soundcloud.com/stream/85375287-startalk-are-you-out-of-your-mind.mp3 podcastId=fd5cbd33 episode_title=Are You Out of Your Mind? episode_local_uri= episode_percent_elapsed=0 episode_complete=0 episode_is_downloaded=0 episodeId=201e2945
D/PodcastCatcher PodcastCatcherProvider( 4307): insert episode_publication_date=1364504636000 episode_description=Japan was recently hit by a triple punch: a powerful 9.0 magnitude earthquake generated a huge tsunami, which then critically damaged a nuclear power plant. episode_content_duration=0 episode_stream_uri=http://www.podtrac.com/pts/redirect.mp3/feeds.soundcloud.com/stream/85375241-startalk-a-violent-earth.mp3 podcastId=fd5cbd33 episode_title=A Violent Earth episode_local_uri= episode_percent_elapsed=0 episode_complete=0 episode_is_downloaded=0 episodeId=5f9b64b0
D/PodcastCatcher PodcastCatcherProvider( 4307): insert episode_publication_date=1364504618000 episode_description=What ingredients provide "The Right Stuff" for an astronaut's dinner? From BBQ to ice cream, we feast on food fit for the stars. episode_content_duration=0 episode_stream_uri=http://www.podtrac.com/pts/redirect.mp3/feeds.soundcloud.com/stream/85375203-startalk-cosmic-cuisine.mp3 podcastId=fd5cbd33 episode_title=Cosmic Cuisine episode_local_uri= episode_percent_elapsed=0 episode_complete=0 episode_is_downloaded=0 episodeId=3c39c673
D/PodcastCatcher PodcastCatcherProvider( 4307): insert episode_publication_date=1364504513000 episode_description=Paleontologist Peter Ward explains how life's tendency toward self-destruction has led to massive extinction events in Earth's history. What does the past -- and the smell of rotten eggs -- have to teach us about the fate of humanity? episode_content_duration=0 episode_stream_uri=http://www.podtrac.com/pts/redirect.mp3/feeds.soundcloud.com/stream/85374961-startalk-appetite-for-destruction.mp3 podcastId=fd5cbd33 episode_title=Appetite for Destruction episode_local_uri= episode_percent_elapsed=0 episode_complete=0 episode_is_downloaded=0 episodeId=8a0625fa
D/PodcastCatcher PodcastCatcherProvider( 4307): insert episode_publication_date=1364504482000 episode_description=Expert-in-everything John Hodgman addresses a range of topics, from the possibility of alien or robot invasion, to what lobsters have in common with Star Trek's Spock. episode_content_duration=0 episode_stream_uri=http://www.podtrac.com/pts/redirect.mp3/feeds.soundcloud.com/stream/85374890-startalk-a-conversation-with-john.mp3 podcastId=fd5cbd33 episode_title=A Conversation with John Hodgman episode_local_uri= episode_percent_elapsed=0 episode_complete=0 episode_is_downloaded=0 episodeId=98cc51de
D/PodcastCatcher PodcastCatcherProvider( 4307): insert episode_publication_date=1364504461000 episode_description=Take a tour of the solar system with Mars Exploration Rover scientist Steve Squyres and planetary scientist Heidi Hammel. episode_content_duration=0 episode_stream_uri=http://www.podtrac.com/pts/redirect.mp3/feeds.soundcloud.com/stream/85374850-startalk-tour-of-the-solar-system.mp3 podcastId=fd5cbd33 episode_title=Tour of the Solar System episode_local_uri= episode_percent_elapsed=0 episode_complete=0 episode_is_downloaded=0 episodeId=d8779f9d
D/PodcastCatcher PodcastCatcherProvider( 4307): insert episode_publication_date=1364504436000 episode_description=From Aristotle's misguided meanderings to modern open heart surgery. episode_content_duration=0 episode_stream_uri=http://www.podtrac.com/pts/redirect.mp3/feeds.soundcloud.com/stream/85374789-startalk-matters-of-the-heart.mp3 podcastId=fd5cbd33 episode_title=Matters of the Heart episode_local_uri= episode_percent_elapsed=0 episode_complete=0 episode_is_downloaded=0 episodeId=d9ea6870
D/PodcastCatcher PodcastCatcherProvider( 4307): insert episode_publication_date=1364504414000 episode_description=In this episode, we highlight a few star moments from our constellation of past shows. episode_content_duration=0 episode_stream_uri=http://www.podtrac.com/pts/redirect.mp3/feeds.soundcloud.com/stream/85374735-startalk-startalk-time-capsule.mp3 podcastId=fd5cbd33 episode_title=StarTalk Time Capsule episode_local_uri= episode_percent_elapsed=0 episode_complete=0 episode_is_downloaded=0 episodeId=b6d0c1b4
D/PodcastCatcher PodcastCatcherProvider( 4307): insert episode_publication_date=1364504392000 episode_description=How are the universal laws of matter, energy and motion expressed on the football field? episode_content_duration=0 episode_stream_uri=http://www.podtrac.com/pts/redirect.mp3/feeds.soundcloud.com/stream/85374696-startalk-the-physics-of-football.mp3 podcastId=fd5cbd33 episode_title=The Physics of Football episode_local_uri= episode_percent_elapsed=0 episode_complete=0 episode_is_downloaded=0 episodeId=a563d27f
D/PodcastCatcher PodcastCatcherProvider( 4307): insert episode_publication_date=1364504369000 episode_description=Have you ever seen mysterious lights in the sky, or glimpsed an alien spacecraft? This show provides a probing yet playful discussion about Unidentified Flying Objects. episode_content_duration=0 episode_stream_uri=http://www.podtrac.com/pts/redirect.mp3/feeds.soundcloud.com/stream/85374645-startalk-the-out-of-this-world-ufo-show.mp3 podcastId=fd5cbd33 episode_title=The Out-of-this-World UFO Show episode_local_uri= episode_percent_elapsed=0 episode_complete=0 episode_is_downloaded=0 episodeId=7f674b6d
D/PodcastCatcher PodcastCatcherProvider( 4307): insert episode_publication_date=1364504346000 episode_description=When tasting the first sparkling champagne, Benedictine monk Dom Perignon supposedly said, "Come quickly, I am drinking the stars!" It's more likely the quote originates from a late 19th century advertisement, but the sentiment is universally appealing. episode_content_duration=0 episode_stream_uri=http://www.podtrac.com/pts/redirect.mp3/feeds.soundcloud.com/stream/85374603-startalk-wit-and-wisdom-about-wine.mp3 podcastId=fd5cbd33 episode_title=Wit and Wisdom about Wine episode_local_uri= episode_percent_elapsed=0 episode_complete=0 episode_is_downloaded=0 episodeId=19f2ec5a
D/PodcastCatcher PodcastCatcherProvider( 4307): insert episode_publication_date=1364504323000 episode_description=While cathedrals give people a place to contemplate Heaven from our place here on Earth, astronauts on the ISS can view Earth from "the heavens" above.  This show highlights the many ways the ISS is like a modern-day cathedral. episode_content_duration=0 episode_stream_uri=http://www.podtrac.com/pts/redirect.mp3/feeds.soundcloud.com/stream/85374571-startalk-the-international-space.mp3 podcastId=fd5cbd33 episode_title=The International Space Station: A Space Age Cathedral episode_local_uri= episode_percent_elapsed=0 episode_complete=0 episode_is_downloaded=0 episodeId=f3074518
D/PodcastCatcher PodcastCatcherProvider( 4307): insert episode_publication_date=1364504304000 episode_description=For our holiday show, Neil and his comedian co-hosts discuss the constellations of the winter sky, the star of Bethlehem, and the physics of Santa.  Seth MacFarlane and other special guests call in to comment on the science of the season. episode_content_duration=0 episode_stream_uri=http://www.podtrac.com/pts/redirect.mp3/feeds.soundcloud.com/stream/85374516-startalk-holiday-lights.mp3 podcastId=fd5cbd33 episode_title=Holiday Lights episode_local_uri= episode_percent_elapsed=0 episode_complete=0 episode_is_downloaded=0 episodeId=538ce3ad
D/PodcastCatcher PodcastCatcherProvider( 4307): insert episode_publication_date=1364504281000 episode_description=Do sci-fi classics like Star Trek provide a glimpse into future trends and styles? Neil chats with stylist James Aguiar about the science fiction and facts of fashion. episode_content_duration=0 episode_stream_uri=http://www.podtrac.com/pts/redirect.mp3/feeds.soundcloud.com/stream/85374461-startalk-science-is-fierce.mp3 podcastId=fd5cbd33 episode_title=Science is Fierce episode_local_uri= episode_percent_elapsed=0 episode_complete=0 episode_is_downloaded=0 episodeId=2657a358
D/PodcastCatcher PodcastCatcherProvider( 4307): insert episode_publication_date=1364504259000 episode_description=Jon Stewart is the first guest of the new season.  He and Neil discuss the Daily Show book, Earth: A Visitor's Guide to the Human Race. episode_content_duration=0 episode_stream_uri=http://www.podtrac.com/pts/redirect.mp3/feeds.soundcloud.com/stream/85374416-startalk-an-aliens-guide-to-earth.mp3 podcastId=fd5cbd33 episode_title=An Aliens Guide to Earth episode_local_uri= episode_percent_elapsed=0 episode_complete=0 episode_is_downloaded=0 episodeId=e25db11c
E/PodcastCatcher PodcastCatcherProvider( 4307): buildExpandedSelection: match: 101
E/PodcastCatcher PodcastCatcherProvider( 4307): buildExpandedSelection: uri: content://com.fireminder.podcastcatcher/podcasts/fd5cbd33
I/PodcastCatcher SelectionBuilder( 4307): query(columns=null, distinct=false) SelectionBuilder[table=podcasts, selection=(podcastId=?), selectionArgs=[fd5cbd33]projectionMap = {} ]
E/PodcastCatcher PodcastCatcherProvider( 4307): buildExpandedSelection: match: 200
E/PodcastCatcher PodcastCatcherProvider( 4307): buildExpandedSelection: uri: content://com.fireminder.podcastcatcher/episodes
I/PodcastCatcher SelectionBuilder( 4307): query(columns=null, distinct=false) SelectionBuilder[table=episodes, selection=(podcastId=?), selectionArgs=[fd5cbd33]projectionMap = {} ]
W/OpenGLRenderer( 1502): Incorrectly called buildLayer on View: ShortcutAndWidgetContainer, destroying layer...
W/CursorWrapperInner( 4307): Cursor finalized without prior close()
W/CursorWrapperInner( 4307): Cursor finalized without prior close()
W/ActivityManager( 1231): Activity destroy timeout for ActivityRecord{17856c6a u0 com.fireminder.podcastcatcher/.ui.activities.PodcastsActivity t19 f}
W/SurfaceFlinger(  931): couldn't log to binary event log: overflow.
W/ActivityManager( 1231): Timeout executing service: ServiceRecord{7ff64d3 u0 com.fireminder.podcastcatcher/.mediaplayer.MediaPlayerService}
I/ActivityManager( 1231): Crashing app skipping ANR: ProcessRecord{6a86810 4307:com.fireminder.podcastcatcher/u0a59} Executing service com.fireminder.podcastcatcher/.mediaplayer.MediaPlayerService
I/Process ( 4307): Sending signal. PID: 4307 SIG: 9
W/AudioTrack( 1231): AUDIO_OUTPUT_FLAG_FAST denied by client
I/ActivityManager( 1231): Process com.fireminder.podcastcatcher (pid 4307) has died
W/ActivityManager( 1231): Scheduling restart of crashed service com.fireminder.podcastcatcher/.services.DownloadManagerService in 40374ms
W/ActivityManager( 1231): Scheduling restart of crashed service com.fireminder.podcastcatcher/.services.SubscriptionService in 1000ms
W/ActivityManager( 1231): Scheduling restart of crashed service com.fireminder.podcastcatcher/.mediaplayer.MediaPlayerService in 50373ms
I/ActivityManager( 1231): START u0 {act=android.intent.action.MAIN cat=[android.intent.category.LAUNCHER] flg=0x10000000 cmp=com.fireminder.podcastcatcher/.ui.activities.PodcastsActivity (has extras)} from uid 10008 on display 0
W/AudioTrack( 1231): AUDIO_OUTPUT_FLAG_FAST denied by client
I/ActivityManager( 1231): Start proc com.fireminder.podcastcatcher for activity com.fireminder.podcastcatcher/.ui.activities.PodcastsActivity: pid=4389 uid=10059 gids={50059, 9997, 3003, 1028, 1015} abi=x86
W/System.err( 4389): java.io.IOException: Address already in use
W/System.err( 4389): 	at android.net.LocalSocketImpl.bindLocal(Native Method)
W/System.err( 4389): 	at android.net.LocalSocketImpl.bind(LocalSocketImpl.java:306)
W/System.err( 4389): 	at android.net.LocalServerSocket.<init>(LocalServerSocket.java:52)
W/System.err( 4389): 	at com.facebook.stetho.server.LocalSocketHttpServer.bindToSocket(LocalSocketHttpServer.java:278)
W/System.err( 4389): 	at com.facebook.stetho.server.LocalSocketHttpServer.listenOnAddress(LocalSocketHttpServer.java:138)
W/System.err( 4389): 	at com.facebook.stetho.server.LocalSocketHttpServer.run(LocalSocketHttpServer.java:134)
W/System.err( 4389): 	at com.facebook.stetho.Stetho$1.run(Stetho.java:80)
E/stetho  ( 4389): Could not bind to socket.
E/PodcastCatcher PodcastCatcherProvider( 4389): buildExpandedSelection: match: 200
E/PodcastCatcher PodcastCatcherProvider( 4389): buildExpandedSelection: uri: content://com.fireminder.podcastcatcher/episodes/
I/PodcastCatcher SelectionBuilder( 4389): query(columns=null, distinct=false) SelectionBuilder[table=episodes, selection=, selectionArgs=[]projectionMap = {} ]
E/PodcastCatcher PodcastCatcherProvider( 4389): buildExpandedSelection: match: 101
E/PodcastCatcher PodcastCatcherProvider( 4389): buildExpandedSelection: uri: content://com.fireminder.podcastcatcher/podcasts/fd5cbd33
I/PodcastCatcher SelectionBuilder( 4389): query(columns=null, distinct=false) SelectionBuilder[table=podcasts, selection=(podcastId=?), selectionArgs=[fd5cbd33]projectionMap = {} ]
W/System.err( 4389): java.lang.IllegalArgumentException
W/System.err( 4389): 	at android.media.MediaMetadataRetriever.setDataSource(MediaMetadataRetriever.java:73)
W/System.err( 4389): 	at android.media.MediaMetadataRetriever.setDataSource(MediaMetadataRetriever.java:165)
W/System.err( 4389): 	at com.fireminder.podcastcatcher.ui.fragments.PodcastPlaybackFragment.setAlbumArt(PodcastPlaybackFragment.java:153)
W/System.err( 4389): 	at com.fireminder.podcastcatcher.ui.fragments.PodcastPlaybackFragment.onCreateView(PodcastPlaybackFragment.java:137)
W/System.err( 4389): 	at android.support.v4.app.Fragment.performCreateView(Fragment.java:1786)
W/System.err( 4389): 	at android.support.v4.app.FragmentManagerImpl.moveToState(FragmentManager.java:947)
W/System.err( 4389): 	at android.support.v4.app.FragmentManagerImpl.moveToState(FragmentManager.java:1126)
W/System.err( 4389): 	at android.support.v4.app.BackStackRecord.run(BackStackRecord.java:739)
W/System.err( 4389): 	at android.support.v4.app.FragmentManagerImpl.execPendingActions(FragmentManager.java:1489)
W/System.err( 4389): 	at android.support.v4.app.FragmentActivity.onPostResume(FragmentActivity.java:434)
W/System.err( 4389): 	at android.support.v7.app.ActionBarActivity.onPostResume(ActionBarActivity.java:140)
W/System.err( 4389): 	at android.app.Activity.performResume(Activity.java:6032)
W/System.err( 4389): 	at android.app.ActivityThread.performResumeActivity(ActivityThread.java:2940)
W/System.err( 4389): 	at android.app.ActivityThread.handleResumeActivity(ActivityThread.java:2982)
W/System.err( 4389): 	at android.app.ActivityThread.handleLaunchActivity(ActivityThread.java:2365)
W/System.err( 4389): 	at android.app.ActivityThread.access$800(ActivityThread.java:144)
W/System.err( 4389): 	at android.app.ActivityThread$H.handleMessage(ActivityThread.java:1278)
W/System.err( 4389): 	at android.os.Handler.dispatchMessage(Handler.java:102)
W/System.err( 4389): 	at android.os.Looper.loop(Looper.java:135)
W/System.err( 4389): 	at android.app.ActivityThread.main(ActivityThread.java:5221)
W/System.err( 4389): 	at java.lang.reflect.Method.invoke(Native Method)
W/System.err( 4389): 	at java.lang.reflect.Method.invoke(Method.java:372)
W/System.err( 4389): 	at com.android.internal.os.ZygoteInit$MethodAndArgsCaller.run(ZygoteInit.java:899)
W/System.err( 4389): 	at com.android.internal.os.ZygoteInit.main(ZygoteInit.java:694)
D/OpenGLRenderer( 4389): Render dirty regions requested: true
D/        ( 4389): HostConnection::get() New Host Connection established 0xa6ce18d0, tid 4389
D/Atlas   ( 4389): Validating map...
W/CursorWrapperInner( 4389): Cursor finalized without prior close()
W/CursorWrapperInner( 4389): Cursor finalized without prior close()
E/PodcastCatcher PodcastCatcherProvider( 4389): buildExpandedSelection: match: 100
E/PodcastCatcher PodcastCatcherProvider( 4389): buildExpandedSelection: uri: content://com.fireminder.podcastcatcher/podcasts
I/PodcastCatcher SelectionBuilder( 4389): query(columns=null, distinct=false) SelectionBuilder[table=podcasts, selection=, selectionArgs=[]projectionMap = {} ]
D/AndroidRuntime( 4389): Shutting down VM
E/AndroidRuntime( 4389): FATAL EXCEPTION: main
E/AndroidRuntime( 4389): Process: com.fireminder.podcastcatcher, PID: 4389
E/AndroidRuntime( 4389): java.lang.RuntimeException: Unable to start service com.fireminder.podcastcatcher.mediaplayer.MediaPlayerService@3ff9431d with Intent { act=action_play cmp=com.fireminder.podcastcatcher/.mediaplayer.MediaPlayerService (has extras) }: java.lang.NullPointerException: Attempt to read from field 'java.lang.String com.fireminder.podcastcatcher.models.Episode.podcastId' on a null object reference
E/AndroidRuntime( 4389): 	at android.app.ActivityThread.handleServiceArgs(ActivityThread.java:2881)
E/AndroidRuntime( 4389): 	at android.app.ActivityThread.access$2100(ActivityThread.java:144)
E/AndroidRuntime( 4389): 	at android.app.ActivityThread$H.handleMessage(ActivityThread.java:1376)
E/AndroidRuntime( 4389): 	at android.os.Handler.dispatchMessage(Handler.java:102)
E/AndroidRuntime( 4389): 	at android.os.Looper.loop(Looper.java:135)
E/AndroidRuntime( 4389): 	at android.app.ActivityThread.main(ActivityThread.java:5221)
E/AndroidRuntime( 4389): 	at java.lang.reflect.Method.invoke(Native Method)
E/AndroidRuntime( 4389): 	at java.lang.reflect.Method.invoke(Method.java:372)
E/AndroidRuntime( 4389): 	at com.android.internal.os.ZygoteInit$MethodAndArgsCaller.run(ZygoteInit.java:899)
E/AndroidRuntime( 4389): 	at com.android.internal.os.ZygoteInit.main(ZygoteInit.java:694)
E/AndroidRuntime( 4389): Caused by: java.lang.NullPointerException: Attempt to read from field 'java.lang.String com.fireminder.podcastcatcher.models.Episode.podcastId' on a null object reference
E/AndroidRuntime( 4389): 	at com.fireminder.podcastcatcher.utils.PlaybackUtils.getPodcastOf(PlaybackUtils.java:49)
E/AndroidRuntime( 4389): 	at com.fireminder.podcastcatcher.mediaplayer.MediaPlayerService.processSetDataRequest(MediaPlayerService.java:345)
E/AndroidRuntime( 4389): 	at com.fireminder.podcastcatcher.mediaplayer.MediaPlayerService.onStartCommand(MediaPlayerService.java:198)
E/AndroidRuntime( 4389): 	at android.app.ActivityThread.handleServiceArgs(ActivityThread.java:2864)
E/AndroidRuntime( 4389): 	... 9 more
W/ActivityManager( 1231):   Force finishing activity com.fireminder.podcastcatcher/.ui.activities.PodcastsActivity
D/DownloadManager( 1427): [63] Starting
I/WindowManager( 1231): Screenshot max retries 4 of Token{1d30d048 ActivityRecord{3f3eaeb u0 com.fireminder.podcastcatcher/.ui.activities.PodcastsActivity t20 f}} appWin=Window{16a44ac7 u0 Starting com.fireminder.podcastcatcher} drawState=4
E/ActivityManager( 1231): Invalid thumbnail dimensions: 576x576
I/OpenGLRenderer( 1231): Initialized EGL, version 1.4
W/EGL_emulation( 1231): eglSurfaceAttrib not implemented
W/OpenGLRenderer( 1231): Failed to set EGL_SWAP_BEHAVIOR on surface 0x9fb67860, error=EGL_SUCCESS
I/art     ( 1231): Explicit concurrent mark sweep GC freed 31941(1659KB) AllocSpace objects, 8(128KB) LOS objects, 28% free, 10MB/14MB, paused 2.645ms total 91.765ms
W/ActivityManager( 1231): Activity pause timeout for ActivityRecord{3f3eaeb u0 com.fireminder.podcastcatcher/.ui.activities.PodcastsActivity t20 f}
W/EGL_emulation( 1502): eglSurfaceAttrib not implemented
W/OpenGLRenderer( 1502): Failed to set EGL_SWAP_BEHAVIOR on surface 0xa5943a80, error=EGL_SUCCESS
W/DownloadManager( 1427): fallocate() not supported; falling back to ftruncate()
W/AudioTrack( 1231): AUDIO_OUTPUT_FLAG_FAST denied by client
D/OpenGLRenderer( 1231): endAllStagingAnimators on 0xa52e5180 (RippleDrawable) with handle 0x9fbcc710
W/OpenGLRenderer( 1502): Incorrectly called buildLayer on View: ShortcutAndWidgetContainer, destroying layer...
W/InputMethodManagerService( 1231): Window already focused, ignoring focus gain of: com.android.internal.view.IInputMethodClient$Stub$Proxy@3b1123a2 attribute=null, token = android.os.BinderProxy@b006bef
I/Process ( 4389): Sending signal. PID: 4389 SIG: 9
W/InputDispatcher( 1231): channel 'c39cbbf com.fireminder.podcastcatcher/com.fireminder.podcastcatcher.ui.activities.PodcastsActivity (server)' ~ Consumer closed input channel or an error occurred.  events=0x9
E/InputDispatcher( 1231): channel 'c39cbbf com.fireminder.podcastcatcher/com.fireminder.podcastcatcher.ui.activities.PodcastsActivity (server)' ~ Channel is unrecoverably broken and will be disposed!
I/ActivityManager( 1231): Process com.fireminder.podcastcatcher (pid 4389) has died
W/ActivityManager( 1231): Scheduling restart of crashed service com.fireminder.podcastcatcher/.services.DownloadManagerService in 161496ms
W/ActivityManager( 1231): Service crashed 2 times, stopping: ServiceRecord{b5a27a5 u0 com.fireminder.podcastcatcher/.services.SubscriptionService}
W/ActivityManager( 1231): Service crashed 2 times, stopping: ServiceRecord{7ff64d3 u0 com.fireminder.podcastcatcher/.mediaplayer.MediaPlayerService}
I/WindowState( 1231): WIN DEATH: Window{c39cbbf u0 com.fireminder.podcastcatcher/com.fireminder.podcastcatcher.ui.activities.PodcastsActivity}
W/InputDispatcher( 1231): Attempted to unregister already unregistered input channel 'c39cbbf com.fireminder.podcastcatcher/com.fireminder.podcastcatcher.ui.activities.PodcastsActivity (server)'
I/ActivityManager( 1231): START u0 {act=android.intent.action.MAIN cat=[android.intent.category.LAUNCHER] flg=0x10000000 cmp=com.fireminder.podcastcatcher/.ui.activities.PodcastsActivity (has extras)} from uid 10008 on display 0
W/AudioTrack( 1231): AUDIO_OUTPUT_FLAG_FAST denied by client
I/ActivityManager( 1231): Start proc com.fireminder.podcastcatcher for activity com.fireminder.podcastcatcher/.ui.activities.PodcastsActivity: pid=4425 uid=10059 gids={50059, 9997, 3003, 1028, 1015} abi=x86
W/System.err( 4425): java.io.IOException: Address already in use
W/System.err( 4425): 	at android.net.LocalSocketImpl.bindLocal(Native Method)
W/System.err( 4425): 	at android.net.LocalSocketImpl.bind(LocalSocketImpl.java:306)
W/System.err( 4425): 	at android.net.LocalServerSocket.<init>(LocalServerSocket.java:52)
W/System.err( 4425): 	at com.facebook.stetho.server.LocalSocketHttpServer.bindToSocket(LocalSocketHttpServer.java:278)
W/System.err( 4425): 	at com.facebook.stetho.server.LocalSocketHttpServer.listenOnAddress(LocalSocketHttpServer.java:138)
W/System.err( 4425): 	at com.facebook.stetho.server.LocalSocketHttpServer.run(LocalSocketHttpServer.java:134)
W/System.err( 4425): 	at com.facebook.stetho.Stetho$1.run(Stetho.java:80)
E/stetho  ( 4425): Could not bind to socket.
I/art     ( 4425): Background sticky concurrent mark sweep GC freed 2753(214KB) AllocSpace objects, 0(0B) LOS objects, 28% free, 815KB/1135KB, paused 16.916ms total 60.157ms
W/art     ( 4425): Suspending all threads took: 24.238ms
I/art     ( 4425): Background partial concurrent mark sweep GC freed 497(72KB) AllocSpace objects, 0(0B) LOS objects, 48% free, 1070KB/2MB, paused 25.844ms total 124.329ms
E/PodcastCatcher PodcastCatcherProvider( 4425): buildExpandedSelection: match: 100
E/PodcastCatcher PodcastCatcherProvider( 4425): buildExpandedSelection: uri: content://com.fireminder.podcastcatcher/podcasts
I/PodcastCatcher SelectionBuilder( 4425): query(columns=null, distinct=false) SelectionBuilder[table=podcasts, selection=, selectionArgs=[]projectionMap = {} ]
E/PodcastCatcher PodcastCatcherProvider( 4425): buildExpandedSelection: match: 200
E/PodcastCatcher PodcastCatcherProvider( 4425): buildExpandedSelection: uri: content://com.fireminder.podcastcatcher/episodes/
I/PodcastCatcher SelectionBuilder( 4425): query(columns=null, distinct=false) SelectionBuilder[table=episodes, selection=, selectionArgs=[]projectionMap = {} ]
E/PodcastCatcher PodcastCatcherProvider( 4425): buildExpandedSelection: match: 101
E/PodcastCatcher PodcastCatcherProvider( 4425): buildExpandedSelection: uri: content://com.fireminder.podcastcatcher/podcasts/fd5cbd33
I/PodcastCatcher SelectionBuilder( 4425): query(columns=null, distinct=false) SelectionBuilder[table=podcasts, selection=(podcastId=?), selectionArgs=[fd5cbd33]projectionMap = {} ]
W/System.err( 4425): java.lang.IllegalArgumentException
W/System.err( 4425): 	at android.media.MediaMetadataRetriever.setDataSource(MediaMetadataRetriever.java:73)
W/System.err( 4425): 	at android.media.MediaMetadataRetriever.setDataSource(MediaMetadataRetriever.java:165)
W/System.err( 4425): 	at com.fireminder.podcastcatcher.ui.fragments.PodcastPlaybackFragment.setAlbumArt(PodcastPlaybackFragment.java:153)
W/System.err( 4425): 	at com.fireminder.podcastcatcher.ui.fragments.PodcastPlaybackFragment.onCreateView(PodcastPlaybackFragment.java:137)
W/System.err( 4425): 	at android.support.v4.app.Fragment.performCreateView(Fragment.java:1786)
W/System.err( 4425): 	at android.support.v4.app.FragmentManagerImpl.moveToState(FragmentManager.java:947)
W/System.err( 4425): 	at android.support.v4.app.FragmentManagerImpl.moveToState(FragmentManager.java:1126)
W/System.err( 4425): 	at android.support.v4.app.BackStackRecord.run(BackStackRecord.java:739)
W/System.err( 4425): 	at android.support.v4.app.FragmentManagerImpl.execPendingActions(FragmentManager.java:1489)
W/System.err( 4425): 	at android.support.v4.app.FragmentActivity.onPostResume(FragmentActivity.java:434)
W/System.err( 4425): 	at android.support.v7.app.ActionBarActivity.onPostResume(ActionBarActivity.java:140)
W/System.err( 4425): 	at android.app.Activity.performResume(Activity.java:6032)
W/System.err( 4425): 	at android.app.ActivityThread.performResumeActivity(ActivityThread.java:2940)
W/System.err( 4425): 	at android.app.ActivityThread.handleResumeActivity(ActivityThread.java:2982)
W/System.err( 4425): 	at android.app.ActivityThread.handleLaunchActivity(ActivityThread.java:2365)
W/System.err( 4425): 	at android.app.ActivityThread.access$800(ActivityThread.java:144)
W/System.err( 4425): 	at android.app.ActivityThread$H.handleMessage(ActivityThread.java:1278)
W/System.err( 4425): 	at android.os.Handler.dispatchMessage(Handler.java:102)
W/System.err( 4425): 	at android.os.Looper.loop(Looper.java:135)
W/System.err( 4425): 	at android.app.ActivityThread.main(ActivityThread.java:5221)
W/System.err( 4425): 	at java.lang.reflect.Method.invoke(Native Method)
W/System.err( 4425): 	at java.lang.reflect.Method.invoke(Method.java:372)
W/System.err( 4425): 	at com.android.internal.os.ZygoteInit$MethodAndArgsCaller.run(ZygoteInit.java:899)
W/System.err( 4425): 	at com.android.internal.os.ZygoteInit.main(ZygoteInit.java:694)
D/OpenGLRenderer( 4425): Render dirty regions requested: true
D/        ( 4425): HostConnection::get() New Host Connection established 0xa61dd1a0, tid 4425
D/Atlas   ( 4425): Validating map...
W/CursorWrapperInner( 4425): Cursor finalized without prior close()
D/        ( 4425): HostConnection::get() New Host Connection established 0xa61dd910, tid 4443
I/OpenGLRenderer( 4425): Initialized EGL, version 1.4
D/TaskPersister( 1231): removeObsoleteFile: deleting file=19_task.xml
W/CursorWrapperInner( 4425): Cursor finalized without prior close()
D/OpenGLRenderer( 4425): Enabling debug mode 0
W/EGL_emulation( 4425): eglSurfaceAttrib not implemented
W/OpenGLRenderer( 4425): Failed to set EGL_SWAP_BEHAVIOR on surface 0xa5dc5920, error=EGL_SUCCESS
W/Settings( 4425): Setting airplane_mode_on has moved from android.provider.Settings.System to android.provider.Settings.Global, returning read-only value.
I/art     ( 4425): Background partial concurrent mark sweep GC freed 225(11KB) AllocSpace objects, 0(0B) LOS objects, 29% free, 9MB/13MB, paused 14.321ms total 38.049ms
I/ActivityManager( 1231): Displayed com.fireminder.podcastcatcher/.ui.activities.PodcastsActivity: +1s637ms (total +5s275ms)
W/AudioTrack( 1231): AUDIO_OUTPUT_FLAG_FAST denied by client
W/art     ( 4425): Before Android 4.1, method int android.support.v7.internal.widget.ListViewCompat.lookForSelectablePosition(int, boolean) would have incorrectly overridden the package-private method in android.widget.ListView
W/EGL_emulation( 4425): eglSurfaceAttrib not implemented
W/OpenGLRenderer( 4425): Failed to set EGL_SWAP_BEHAVIOR on surface 0xa54eee20, error=EGL_SUCCESS
W/AccountManagerService( 1231): insertAccountIntoDatabase: Account {name=dummyaccount, type=com.fireminder}, skipping since the account already exists
W/AudioTrack( 1231): AUDIO_OUTPUT_FLAG_FAST denied by client
E/PodcastCatcher EpisodeSyncAdapter( 4425): Starting service
W/InputMethodManagerService( 1231): Window already focused, ignoring focus gain of: com.android.internal.view.IInputMethodClient$Stub$Proxy@1bb31b02 attribute=null, token = android.os.BinderProxy@3c2869b4
E/PodcastCatcher PodcastCatcherProvider( 4425): buildExpandedSelection: match: 100
E/PodcastCatcher PodcastCatcherProvider( 4425): buildExpandedSelection: uri: content://com.fireminder.podcastcatcher/podcasts
I/PodcastCatcher SelectionBuilder( 4425): query(columns=null, distinct=false) SelectionBuilder[table=podcasts, selection=, selectionArgs=[]projectionMap = {} ]
E/PodcastCatcher PodcastCatcherProvider( 4425): buildExpandedSelection: match: 200
E/PodcastCatcher PodcastCatcherProvider( 4425): buildExpandedSelection: uri: content://com.fireminder.podcastcatcher/episodes
I/PodcastCatcher SelectionBuilder( 4425): query(columns=null, distinct=false) SelectionBuilder[table=episodes, selection=(podcastId=?), selectionArgs=[fd5cbd33]projectionMap = {} ]
E/PodcastCatcher EpisodeSyncAdapter( 4425): Podcast: StarTalk Radio last pub date: 6 days ago
D/PodcastCatcher RssParseHelper( 4425): Old episode found
W/art     ( 4425): Suspending all threads took: 7.022ms
I/art     ( 4425): Background sticky concurrent mark sweep GC freed 968(164KB) AllocSpace objects, 8(128KB) LOS objects, 0% free, 13MB/13MB, paused 8.598ms total 23.360ms
D/DownloadManager( 1427): [63] Finished with status SUCCESS
E/PodcastCatcher PodcastCatcherProvider( 4425): buildExpandedSelection: match: 201
E/PodcastCatcher PodcastCatcherProvider( 4425): buildExpandedSelection: uri: content://com.fireminder.podcastcatcher/episodes/e25db11c
I/PodcastCatcher SelectionBuilder( 4425): query(columns=null, distinct=false) SelectionBuilder[table=episodes, selection=(episodeId=?), selectionArgs=[e25db11c]projectionMap = {} ]
I/PodcastCatcher SelectionBuilder( 4425): update() SelectionBuilder[table=episodes, selection=(episodeId=?), selectionArgs=[e25db11c]projectionMap = {} ]
I/art     ( 1231): Explicit concurrent mark sweep GC freed 22118(1112KB) AllocSpace objects, 2(32KB) LOS objects, 28% free, 10MB/14MB, paused 1.469ms total 33.967ms
I/iu.UploadsManager( 1762): End new media; added: 0, uploading: 0, time: 104 ms
I/iu.UploadsManager( 1762): End new media; added: 0, uploading: 0, time: 27 ms
W/AudioTrack( 1231): AUDIO_OUTPUT_FLAG_FAST denied by client
E/PodcastCatcher PodcastCatcherProvider( 4425): buildExpandedSelection: match: 101
E/PodcastCatcher PodcastCatcherProvider( 4425): buildExpandedSelection: uri: content://com.fireminder.podcastcatcher/podcasts/fd5cbd33
I/PodcastCatcher SelectionBuilder( 4425): query(columns=null, distinct=false) SelectionBuilder[table=podcasts, selection=(podcastId=?), selectionArgs=[fd5cbd33]projectionMap = {} ]
E/PodcastCatcher PodcastCatcherProvider( 4425): buildExpandedSelection: match: 200
E/PodcastCatcher PodcastCatcherProvider( 4425): buildExpandedSelection: uri: content://com.fireminder.podcastcatcher/episodes
I/PodcastCatcher SelectionBuilder( 4425): query(columns=null, distinct=false) SelectionBuilder[table=episodes, selection=(podcastId=?), selectionArgs=[fd5cbd33]projectionMap = {} ]
E/PodcastCatcher PodcastCatcherProvider( 4425): buildExpandedSelection: match: 101
E/PodcastCatcher PodcastCatcherProvider( 4425): buildExpandedSelection: uri: content://com.fireminder.podcastcatcher/podcasts/fd5cbd33
I/PodcastCatcher SelectionBuilder( 4425): query(columns=null, distinct=false) SelectionBuilder[table=podcasts, selection=(podcastId=?), selectionArgs=[fd5cbd33]projectionMap = {} ]
E/PodcastCatcher PodcastCatcherProvider( 4425): buildExpandedSelection: match: 200
E/PodcastCatcher PodcastCatcherProvider( 4425): buildExpandedSelection: uri: content://com.fireminder.podcastcatcher/episodes
I/PodcastCatcher SelectionBuilder( 4425): query(columns=null, distinct=false) SelectionBuilder[table=episodes, selection=(podcastId=?), selectionArgs=[fd5cbd33]projectionMap = {} ]
E/PodcastCatcher PodcastCatcherProvider( 4425): buildExpandedSelection: match: 200
E/PodcastCatcher PodcastCatcherProvider( 4425): buildExpandedSelection: uri: content://com.fireminder.podcastcatcher/episodes
I/PodcastCatcher SelectionBuilder( 4425): query(columns=null, distinct=false) SelectionBuilder[table=episodes, selection=(podcastId=?), selectionArgs=[fd5cbd33]projectionMap = {} ]
E/MediaPlayer( 4425): Should have subtitle controller already set
I/PodcastCatcher SelectionBuilder( 4425): update() SelectionBuilder[table=episodes, selection=(episodeId=?), selectionArgs=[e25db11c]projectionMap = {} ]
D/DownloadManager( 1427): [64] Starting
D/DownloadManager( 1427): [65] Starting
D/DownloadManager( 1427): [66] Starting
I/PodcastCatcher SelectionBuilder( 4425): update() SelectionBuilder[table=episodes, selection=(episodeId=?), selectionArgs=[e25db11c]projectionMap = {} ]
E/MediaPlayer( 4425): Should have subtitle controller already set
E/StatefulMediaPlayer( 4425): onPrepared
I/MediaFocusControl( 1231):  AudioFocus  requestAudioFocus() from android.media.AudioManager@29ab76eecom.fireminder.podcastcatcher.mediaplayer.MediaPlayerService@2652578f
D/StatefulMediaPlayer( 4425): MediaPlayer State: PREPARED
D/NuPlayerDriver(  942): start(0xb52e3400)
I/GenericSource(  942): start
D/DownloadManager( 1427): [67] Starting
D/AudioSink(  942): bufferCount (8) is too small and increased to 12
E/PodcastCatcher PodcastCatcherProvider( 4425): buildExpandedSelection: match: 101
E/PodcastCatcher PodcastCatcherProvider( 4425): buildExpandedSelection: uri: content://com.fireminder.podcastcatcher/podcasts/fd5cbd33
I/PodcastCatcher SelectionBuilder( 4425): query(columns=null, distinct=false) SelectionBuilder[table=podcasts, selection=(podcastId=?), selectionArgs=[fd5cbd33]projectionMap = {} ]
D/StatefulMediaPlayer( 4425): MediaPlayer State: STARTED
E/MetadataRetrieverClient(  942): failed to extract an album art
E/MediaMetadataRetrieverJNI( 4425): getEmbeddedPicture: Call to getEmbeddedPicture failed.
W/DownloadManager( 1427): fallocate() not supported; falling back to ftruncate()
D/PhoneStatusBar( 1347): disable: < expand ICONS* alerts SYSTEM_INFO* back home recent clock search >
W/EGL_emulation( 1347): eglSurfaceAttrib not implemented
W/OpenGLRenderer( 1347): Failed to set EGL_SWAP_BEHAVIOR on surface 0xa587f100, error=EGL_SUCCESS
W/DownloadManager( 1427): fallocate() not supported; falling back to ftruncate()
W/DownloadManager( 1427): fallocate() not supported; falling back to ftruncate()
I/AudioFlinger(  942): BUFFER TIMEOUT: remove(4098) from active list on thread 0xb62bd000
W/DownloadManager( 1427): fallocate() not supported; falling back to ftruncate()
W/AudioTrack(  942): releaseBuffer() track 0xb56f8f80 disabled due to previous underrun, restarting
I/AudioFlinger(  942): BUFFER TIMEOUT: remove(4098) from active list on thread 0xb62bd000
W/AudioTrack(  942): releaseBuffer() track 0xb56f8f80 disabled due to previous underrun, restarting
I/AudioFlinger(  942): BUFFER TIMEOUT: remove(4098) from active list on thread 0xb62bd000
W/AudioTrack(  942): releaseBuffer() track 0xb56f8f80 disabled due to previous underrun, restarting
I/AudioFlinger(  942): BUFFER TIMEOUT: remove(4098) from active list on thread 0xb62bd000
W/AudioTrack(  942): releaseBuffer() track 0xb56f8f80 disabled due to previous underrun, restarting
I/AudioFlinger(  942): BUFFER TIMEOUT: remove(4098) from active list on thread 0xb62bd000
W/AudioTrack(  942): releaseBuffer() track 0xb56f8f80 disabled due to previous underrun, restarting
I/art     ( 1231): Explicit concurrent mark sweep GC freed 18802(928KB) AllocSpace objects, 0(0B) LOS objects, 28% free, 9MB/13MB, paused 1.423ms total 94.469ms
I/art     ( 1347): Background sticky concurrent mark sweep GC freed 62288(2MB) AllocSpace objects, 0(0B) LOS objects, 13% free, 13MB/15MB, paused 8.982ms total 98.839ms
I/art     ( 1231): Explicit concurrent mark sweep GC freed 19095(807KB) AllocSpace objects, 0(0B) LOS objects, 28% free, 9MB/13MB, paused 4.102ms total 55.600ms
I/art     ( 1427): WaitForGcToComplete blocked for 6.955ms for cause Background
I/art     ( 1231): Explicit concurrent mark sweep GC freed 19739(836KB) AllocSpace objects, 0(0B) LOS objects, 28% free, 9MB/13MB, paused 2.764ms total 63.908ms
D/InputEventConsistencyVerifier( 1347): TouchEvent: ACTION_DOWN but pointers are already down.  Probably missing ACTION_UP from previous gesture.
D/InputEventConsistencyVerifier( 1347):   in android.view.ScaleGestureDetector@24adf390
D/InputEventConsistencyVerifier( 1347):   0: sent at 4294489744000, MotionEvent { action=ACTION_DOWN, id[0]=0, x[0]=736.0, y[0]=1152.0, toolType[0]=TOOL_TYPE_FINGER, buttonState=0, metaState=0, flags=0x0, edgeFlags=0x0, pointerCount=1, historySize=0, eventTime=4294489, downTime=4294489, deviceId=0, source=0x1002 }
D/InputEventConsistencyVerifier( 1347):   -- recent events --
D/InputEventConsistencyVerifier( 1347):   1: sent at 4294489744000, MotionEvent { action=ACTION_DOWN, id[0]=0, x[0]=736.0, y[0]=1152.0, toolType[0]=TOOL_TYPE_FINGER, buttonState=0, metaState=0, flags=0x0, edgeFlags=0x0, pointerCount=1, historySize=0, eventTime=4294489, downTime=4294489, deviceId=0, source=0x1002 }
D/PhoneStatusBar( 1347): disable: < expand icons* alerts system_info* back home recent clock search >
W/InputMethodManagerService( 1231): Window already focused, ignoring focus gain of: com.android.internal.view.IInputMethodClient$Stub$Proxy@2a78a247 attribute=null, token = android.os.BinderProxy@3c2869b4
W/EGL_emulation( 1347): eglSurfaceAttrib not implemented
W/OpenGLRenderer( 1347): Failed to set EGL_SWAP_BEHAVIOR on surface 0xa587f100, error=EGL_SUCCESS
D/PhoneStatusBar( 1347): disable: < expand ICONS* alerts SYSTEM_INFO* back home recent clock search >
W/EGL_emulation( 1347): eglSurfaceAttrib not implemented
W/OpenGLRenderer( 1347): Failed to set EGL_SWAP_BEHAVIOR on surface 0xa587f100, error=EGL_SUCCESS
D/InputEventConsistencyVerifier( 1347): TouchEvent: ACTION_DOWN but pointers are already down.  Probably missing ACTION_UP from previous gesture.
D/InputEventConsistencyVerifier( 1347):   in android.view.ScaleGestureDetector@24adf390
D/InputEventConsistencyVerifier( 1347):   0: sent at 4296037613000, MotionEvent { action=ACTION_DOWN, id[0]=0, x[0]=715.0, y[0]=1564.0, toolType[0]=TOOL_TYPE_FINGER, buttonState=0, metaState=0, flags=0x0, edgeFlags=0x0, pointerCount=1, historySize=0, eventTime=4296037, downTime=4296037, deviceId=0, source=0x1002 }
D/InputEventConsistencyVerifier( 1347):   -- recent events --
D/InputEventConsistencyVerifier( 1347):   1: sent at 4294489744000, MotionEvent { action=ACTION_DOWN, id[0]=0, x[0]=736.0, y[0]=1152.0, toolType[0]=TOOL_TYPE_FINGER, buttonState=0, metaState=0, flags=0x80000000, edgeFlags=0x0, pointerCount=1, historySize=0, eventTime=4294489, downTime=4294489, deviceId=0, source=0x1002 }
D/InputEventConsistencyVerifier( 1347):   2: sent at 4294489744000, MotionEvent { action=ACTION_DOWN, id[0]=0, x[0]=736.0, y[0]=1152.0, toolType[0]=TOOL_TYPE_FINGER, buttonState=0, metaState=0, flags=0x0, edgeFlags=0x0, pointerCount=1, historySize=0, eventTime=4294489, downTime=4294489, deviceId=0, source=0x1002 }
D/PhoneStatusBar( 1347): disable: < expand icons* alerts system_info* back home recent clock search >
W/InputMethodManagerService( 1231): Window already focused, ignoring focus gain of: com.android.internal.view.IInputMethodClient$Stub$Proxy@20b8ea74 attribute=null, token = android.os.BinderProxy@3c2869b4
W/EGL_emulation( 1347): eglSurfaceAttrib not implemented
W/OpenGLRenderer( 1347): Failed to set EGL_SWAP_BEHAVIOR on surface 0xa587f100, error=EGL_SUCCESS
I/art     ( 1231): Explicit concurrent mark sweep GC freed 20368(888KB) AllocSpace objects, 0(0B) LOS objects, 28% free, 9MB/13MB, paused 1.823ms total 53.915ms
D/AndroidRuntime( 4485): 
D/AndroidRuntime( 4485): >>>>>> AndroidRuntime START com.android.internal.os.RuntimeInit <<<<<<
D/AndroidRuntime( 4485): CheckJNI is ON
