E/StrictMode( 1762): 	at android.os.Handler.dispatchMessage(Handler.java:102)
E/StrictMode( 1762): 	at android.os.Looper.loop(Looper.java:135)
E/StrictMode( 1762): 	at android.os.HandlerThread.run(HandlerThread.java:61)
E/StrictMode( 4228): A resource was acquired at attached stack trace but never released. See java.io.Closeable for information on avoiding resource leaks.
E/StrictMode( 4228): java.lang.Throwable: Explicit termination method 'close' not called
E/StrictMode( 4228): 	at dalvik.system.CloseGuard.open(CloseGuard.java:184)
E/StrictMode( 4228): 	at android.os.ParcelFileDescriptor.<init>(ParcelFileDescriptor.java:180)
E/StrictMode( 4228): 	at android.os.ParcelFileDescriptor$1.createFromParcel(ParcelFileDescriptor.java:916)
E/StrictMode( 4228): 	at android.os.ParcelFileDescriptor$1.createFromParcel(ParcelFileDescriptor.java:906)
E/StrictMode( 4228): 	at android.app.IBackupAgent$Stub.onTransact(IBackupAgent.java:57)
E/StrictMode( 4228): 	at android.os.Binder.execTransact(Binder.java:446)
E/StrictMode( 4228): A resource was acquired at attached stack trace but never released. See java.io.Closeable for information on avoiding resource leaks.
E/StrictMode( 4228): java.lang.Throwable: Explicit termination method 'close' not called
E/StrictMode( 4228): 	at dalvik.system.CloseGuard.open(CloseGuard.java:184)
E/StrictMode( 4228): 	at android.os.ParcelFileDescriptor.<init>(ParcelFileDescriptor.java:180)
E/StrictMode( 4228): 	at android.os.ParcelFileDescriptor$1.createFromParcel(ParcelFileDescriptor.java:916)
E/StrictMode( 4228): 	at android.os.ParcelFileDescriptor$1.createFromParcel(ParcelFileDescriptor.java:906)
E/StrictMode( 4228): 	at android.app.IBackupAgent$Stub.onTransact(IBackupAgent.java:64)
E/StrictMode( 4228): 	at android.os.Binder.execTransact(Binder.java:446)
E/StrictMode( 4228): A resource was acquired at attached stack trace but never released. See java.io.Closeable for information on avoiding resource leaks.
E/StrictMode( 4228): java.lang.Throwable: Explicit termination method 'close' not called
E/StrictMode( 4228): 	at dalvik.system.CloseGuard.open(CloseGuard.java:184)
E/StrictMode( 4228): 	at android.os.ParcelFileDescriptor.<init>(ParcelFileDescriptor.java:180)
E/StrictMode( 4228): 	at android.os.ParcelFileDescriptor$1.createFromParcel(ParcelFileDescriptor.java:916)
E/StrictMode( 4228): 	at android.os.ParcelFileDescriptor$1.createFromParcel(ParcelFileDescriptor.java:906)
E/StrictMode( 4228): 	at android.app.IBackupAgent$Stub.onTransact(IBackupAgent.java:71)
E/StrictMode( 4228): 	at android.os.Binder.execTransact(Binder.java:446)
E/StrictMode( 4246): A resource was acquired at attached stack trace but never released. See java.io.Closeable for information on avoiding resource leaks.
E/StrictMode( 4246): java.lang.Throwable: Explicit termination method 'close' not called
E/StrictMode( 4246): 	at dalvik.system.CloseGuard.open(CloseGuard.java:184)
E/StrictMode( 4246): 	at android.os.ParcelFileDescriptor.<init>(ParcelFileDescriptor.java:180)
E/StrictMode( 4246): 	at android.os.ParcelFileDescriptor$1.createFromParcel(ParcelFileDescriptor.java:916)
E/StrictMode( 4246): 	at android.os.ParcelFileDescriptor$1.createFromParcel(ParcelFileDescriptor.java:906)
E/StrictMode( 4246): 	at android.app.IBackupAgent$Stub.onTransact(IBackupAgent.java:57)
E/StrictMode( 4246): 	at android.os.Binder.execTransact(Binder.java:446)
E/StrictMode( 4246): A resource was acquired at attached stack trace but never released. See java.io.Closeable for information on avoiding resource leaks.
E/StrictMode( 4246): java.lang.Throwable: Explicit termination method 'close' not called
E/StrictMode( 4246): 	at dalvik.system.CloseGuard.open(CloseGuard.java:184)
E/StrictMode( 4246): 	at android.os.ParcelFileDescriptor.<init>(ParcelFileDescriptor.java:180)
E/StrictMode( 4246): 	at android.os.ParcelFileDescriptor$1.createFromParcel(ParcelFileDescriptor.java:916)
E/StrictMode( 4246): 	at android.os.ParcelFileDescriptor$1.createFromParcel(ParcelFileDescriptor.java:906)
E/StrictMode( 4246): 	at android.app.IBackupAgent$Stub.onTransact(IBackupAgent.java:64)
E/StrictMode( 4246): 	at android.os.Binder.execTransact(Binder.java:446)
E/StrictMode( 4246): A resource was acquired at attached stack trace but never released. See java.io.Closeable for information on avoiding resource leaks.
E/StrictMode( 4246): java.lang.Throwable: Explicit termination method 'close' not called
E/StrictMode( 4246): 	at dalvik.system.CloseGuard.open(CloseGuard.java:184)
E/StrictMode( 4246): 	at android.os.ParcelFileDescriptor.<init>(ParcelFileDescriptor.java:180)
E/StrictMode( 4246): 	at android.os.ParcelFileDescriptor$1.createFromParcel(ParcelFileDescriptor.java:916)
E/StrictMode( 4246): 	at android.os.ParcelFileDescriptor$1.createFromParcel(ParcelFileDescriptor.java:906)
E/StrictMode( 4246): 	at android.app.IBackupAgent$Stub.onTransact(IBackupAgent.java:71)
E/StrictMode( 4246): 	at android.os.Binder.execTransact(Binder.java:446)
D/AndroidRuntime( 4280): 
D/AndroidRuntime( 4280): >>>>>> AndroidRuntime START com.android.internal.os.RuntimeInit <<<<<<
D/AndroidRuntime( 4280): CheckJNI is ON
E/memtrack( 4280): Couldn't load memtrack module (No such file or directory)
E/android.os.Debug( 4280): failed to load memtrack module: -2
D/AndroidRuntime( 4280): Calling main entry com.android.commands.pm.Pm
D/DefContainer( 1699): Copying /data/local/tmp/app-release.apk to base.apk
D/PackageManager( 1231): Renaming /data/app/vmdl494942444.tmp to /data/app/com.fireminder.podcastcatcher-1
I/art     ( 1231): DexFile_isDexOptNeeded failed to open oat file '/data/dalvik-cache/x86/data@app@com.fireminder.podcastcatcher-1@base.apk@classes.dex' for file location '/data/app/com.fireminder.podcastcatcher-1/base.apk': Failed to open oat filename for reading: No such file or directory
I/art     ( 1231): DexFile_isDexOptNeeded failed to open oat file '/data/app/com.fireminder.podcastcatcher-1/x86/base.odex' for file location '/data/app/com.fireminder.podcastcatcher-1/base.apk': Failed to open oat filename for reading: No such file or directory
I/PackageManager( 1231): Running dexopt on: /data/app/com.fireminder.podcastcatcher-1/base.apk pkg=com.fireminder.podcastcatcher isa=x86 vmSafeMode=false
I/dex2oat ( 4292): /system/bin/dex2oat --zip-fd=6 --zip-location=/data/app/com.fireminder.podcastcatcher-1/base.apk --oat-fd=7 --oat-location=/data/dalvik-cache/x86/data@app@com.fireminder.podcastcatcher-1@base.apk@classes.dex --instruction-set=x86 --instruction-set-features=default --runtime-arg -Xms64m --runtime-arg -Xmx512m
W/dex2oat ( 4292): Before Android 4.1, method int android.support.v7.internal.widget.ListViewCompat.lookForSelectablePosition(int, boolean) would have incorrectly overridden the package-private method in android.widget.ListView
W/dex2oat ( 4292): Before Android 4.1, method void it.gmariotti.cardslib.library.prototypes.LinearListView.drawDividersHorizontal(android.graphics.Canvas) would have incorrectly overridden the package-private method in android.widget.LinearLayout
W/dex2oat ( 4292): Before Android 4.1, method void it.gmariotti.cardslib.library.prototypes.LinearListView.drawDividersVertical(android.graphics.Canvas) would have incorrectly overridden the package-private method in android.widget.LinearLayout
W/dex2oat ( 4292): Before Android 4.1, method void it.gmariotti.cardslib.library.prototypes.LinearListView.drawHorizontalDivider(android.graphics.Canvas, int) would have incorrectly overridden the package-private method in android.widget.LinearLayout
W/dex2oat ( 4292): Before Android 4.1, method void it.gmariotti.cardslib.library.prototypes.LinearListView.drawVerticalDivider(android.graphics.Canvas, int) would have incorrectly overridden the package-private method in android.widget.LinearLayout
I/dex2oat ( 4292): dex2oat took 11.016s (threads: 1)
V/BackupManagerService( 1231): restoreAtInstall pkg=com.fireminder.podcastcatcher token=b restoreSet=0
V/BackupManagerService( 1231): Finishing install immediately
I/InputReader( 1231): Reconfiguring input devices.  changes=0x00000010
I/ConfigFetchService( 1762): PackageReceiver: Intent { act=android.intent.action.PACKAGE_ADDED dat=package:com.fireminder.podcastcatcher flg=0x4000010 cmp=com.google.android.gms/.config.ConfigFetchService$PackageReceiver (has extras) }
D/Documents( 2964): Update found 6 roots in 16ms
I/ConfigService( 1715): onCreate
I/ConfigService( 1715): onBind for Intent { act=com.google.android.gms.config.UPDATE pkg=com.google.android.gms } action com.google.android.gms.config.UPDATE
I/ConfigService( 1715): onBind returning update interface
D/BackupManagerService( 1231): Received broadcast Intent { act=android.intent.action.PACKAGE_ADDED dat=package:com.fireminder.podcastcatcher flg=0x4000010 (has extras) }
W/BackupManagerService( 1231): Removing schedule queue dupe of com.fireminder.podcastcatcher
I/ConfigService( 1715): onBind for Intent { act=com.google.android.gms.config.START pkg=com.google.android.gms } action com.google.android.gms.config.START
I/ConfigService( 1715): onBind returning config service
I/ConfigFetchService( 1762): onStartCommand Intent { act=android.intent.action.PACKAGE_ADDED dat=package:com.fireminder.podcastcatcher cmp=com.google.android.gms/.config.ConfigFetchService (has extras) }
I/ConfigFetchService( 1762): launchTask
W/Settings( 1231): Setting install_non_market_apps has moved from android.provider.Settings.Global to android.provider.Settings.Secure, returning read-only value.
I/ConfigFetchService( 1762): service connected
I/ConfigClient( 1762): service connected
W/VoiceInteractionManagerService( 1231): no available voice recognition services found for user 0
D/PackageBroadcastService( 1762): Received broadcast action=android.intent.action.PACKAGE_ADDED and uri=com.fireminder.podcastcatcher
I/PeopleContactsSync( 1762): CP2 sync disabled
I/art     ( 1231): Explicit concurrent mark sweep GC freed 100127(5MB) AllocSpace objects, 9(824KB) LOS objects, 28% free, 9MB/13MB, paused 1.598ms total 215.422ms
D/AndroidRuntime( 4280): Shutting down VM
I/art     ( 4280): Debugger is no longer active
W/art     ( 4280): Suspending all threads took: 5.529ms
V/ConfigFetchTask( 1762): ConfigFetchTask getDeviceDataVersionInfo(): ABFEt1UdB22Lz__LvnwIWWqR5YnZtrhVdfDiDI3M73_Aj9UcDLNmAtO9hrdXgVHmxbQxl_0ArIt1XmX_GDODq4_WmrWWXOOO-dETrTFAtkibGNTWuR-v6vw8aGS4T3gZP8hB5xqcte6JXgWh-IYwEUtYqOgBkA3jRYil78jv3gm_gpsGHoqfbX_vywF33351D2ckJCLd3yYtKMbIJDfZTz8M6OKcmVyC1-3QUPNKu8ZELeLif1Oha9JYRp74X6Mfuap5FTFX9AoW7uxA0vRTZLGTUC7GrpZf9L6CQMZCv61KVHe_uKKUtnQ
I/GoogleHttpClient( 1762): Falling back to old SSLCertificateSocketFactory
I/ConfigFetchService( 1762): fetch service done; releasing wakelock
I/ConfigFetchService( 1762): stopping self
I/ConfigService( 1715): onDestroy
I/ActivityManager( 1231): START u0 {act=android.intent.action.MAIN cat=[android.intent.category.LAUNCHER] flg=0x10000000 cmp=com.fireminder.podcastcatcher/.ui.activities.PodcastsActivity (has extras)} from uid 10008 on display 0
W/AudioTrack( 1231): AUDIO_OUTPUT_FLAG_FAST denied by client
I/ActivityManager( 1231): Start proc com.fireminder.podcastcatcher for activity com.fireminder.podcastcatcher/.ui.activities.PodcastsActivity: pid=4307 uid=10059 gids={50059, 9997, 3003, 1028, 1015} abi=x86
W/System.err( 4307): java.io.IOException: Address already in use
W/System.err( 4307): 	at android.net.LocalSocketImpl.bindLocal(Native Method)
W/System.err( 4307): 	at android.net.LocalSocketImpl.bind(LocalSocketImpl.java:306)
W/System.err( 4307): 	at android.net.LocalServerSocket.<init>(LocalServerSocket.java:52)
W/System.err( 4307): 	at com.facebook.stetho.server.LocalSocketHttpServer.bindToSocket(LocalSocketHttpServer.java:278)
W/System.err( 4307): 	at com.facebook.stetho.server.LocalSocketHttpServer.listenOnAddress(LocalSocketHttpServer.java:138)
W/System.err( 4307): 	at com.facebook.stetho.server.LocalSocketHttpServer.run(LocalSocketHttpServer.java:134)
W/System.err( 4307): 	at com.facebook.stetho.Stetho$1.run(Stetho.java:80)
E/stetho  ( 4307): Could not bind to socket.
W/art     ( 4307): Suspending all threads took: 7.208ms
I/art     ( 4307): Background sticky concurrent mark sweep GC freed 3021(240KB) AllocSpace objects, 0(0B) LOS objects, 15% free, 959KB/1135KB, paused 11.105ms total 92.371ms
E/PodcastCatcher PodcastCatcherProvider( 4307): buildExpandedSelection: match: 200
E/PodcastCatcher PodcastCatcherProvider( 4307): buildExpandedSelection: uri: content://com.fireminder.podcastcatcher/episodes/
I/PodcastCatcher SelectionBuilder( 4307): query(columns=null, distinct=false) SelectionBuilder[table=episodes, selection=, selectionArgs=[]projectionMap = {} ]
E/PodcastCatcher PodcastCatcherProvider( 4307): buildExpandedSelection: match: 100
E/PodcastCatcher PodcastCatcherProvider( 4307): buildExpandedSelection: uri: content://com.fireminder.podcastcatcher/podcasts
I/PodcastCatcher SelectionBuilder( 4307): query(columns=null, distinct=false) SelectionBuilder[table=podcasts, selection=, selectionArgs=[]projectionMap = {} ]
D/OpenGLRenderer( 4307): Render dirty regions requested: true
D/        ( 4307): HostConnection::get() New Host Connection established 0xa6cf26e0, tid 4307
D/Atlas   ( 4307): Validating map...
W/CursorWrapperInner( 4307): Cursor finalized without prior close()
D/        ( 4307): HostConnection::get() New Host Connection established 0xa6cf2a50, tid 4325
I/OpenGLRenderer( 4307): Initialized EGL, version 1.4
D/OpenGLRenderer( 4307): Enabling debug mode 0
W/EGL_emulation( 4307): eglSurfaceAttrib not implemented
W/OpenGLRenderer( 4307): Failed to set EGL_SWAP_BEHAVIOR on surface 0xa5dd3a40, error=EGL_SUCCESS
I/ActivityManager( 1231): Displayed com.fireminder.podcastcatcher/.ui.activities.PodcastsActivity: +740ms
W/AudioTrack( 1231): AUDIO_OUTPUT_FLAG_FAST denied by client
W/art     ( 4307): Before Android 4.1, method int android.support.v7.internal.widget.ListViewCompat.lookForSelectablePosition(int, boolean) would have incorrectly overridden the package-private method in android.widget.ListView
W/EGL_emulation( 4307): eglSurfaceAttrib not implemented
W/OpenGLRenderer( 4307): Failed to set EGL_SWAP_BEHAVIOR on surface 0xae0dbf60, error=EGL_SUCCESS
W/AudioTrack( 1231): AUDIO_OUTPUT_FLAG_FAST denied by client
I/ActivityManager( 1231): START u0 {cmp=com.fireminder.podcastcatcher/.ui.activities.SearchActivity} from uid 10059 on display 0
W/InputEventReceiver( 4307): Attempted to finish an input event but the input event receiver has already been disposed.
E/PodcastCatcher PodcastCatcherProvider( 4307): buildExpandedSelection: match: 200
E/PodcastCatcher PodcastCatcherProvider( 4307): buildExpandedSelection: uri: content://com.fireminder.podcastcatcher/episodes/
I/PodcastCatcher SelectionBuilder( 4307): query(columns=null, distinct=false) SelectionBuilder[table=episodes, selection=, selectionArgs=[]projectionMap = {} ]
W/EGL_emulation( 4307): eglSurfaceAttrib not implemented
W/OpenGLRenderer( 4307): Failed to set EGL_SWAP_BEHAVIOR on surface 0xae0dbf60, error=EGL_SUCCESS
I/Choreographer( 4307): Skipped 314 frames!  The application may be doing too much work on its main thread.
I/ActivityManager( 1231): Displayed com.fireminder.podcastcatcher/.ui.activities.SearchActivity: +5s374ms
W/SurfaceFlinger(  931): couldn't log to binary event log: overflow.
W/CursorWrapperInner( 4307): Cursor finalized without prior close()
W/Settings( 4307): Setting airplane_mode_on has moved from android.provider.Settings.System to android.provider.Settings.Global, returning read-only value.
W/AudioTrack( 1231): AUDIO_OUTPUT_FLAG_FAST denied by client
W/AudioTrack( 1231): AUDIO_OUTPUT_FLAG_FAST denied by client
I/PodcastCatcher SubscriptionService( 4307): handleSubscription: http://feeds.soundcloud.com/users/soundcloud:users:38128127/sounds.rss
W/EGL_emulation( 4307): eglSurfaceAttrib not implemented
W/OpenGLRenderer( 4307): Failed to set EGL_SWAP_BEHAVIOR on surface 0xa4ccb380, error=EGL_SUCCESS
W/AudioTrack( 1231): AUDIO_OUTPUT_FLAG_FAST denied by client
E/PodcastCatcher PodcastCatcherProvider( 4307): buildExpandedSelection: match: 200
E/PodcastCatcher PodcastCatcherProvider( 4307): buildExpandedSelection: uri: content://com.fireminder.podcastcatcher/episodes/
I/PodcastCatcher SelectionBuilder( 4307): query(columns=null, distinct=false) SelectionBuilder[table=episodes, selection=, selectionArgs=[]projectionMap = {} ]
W/EGL_emulation( 4307): eglSurfaceAttrib not implemented
W/OpenGLRenderer( 4307): Failed to set EGL_SWAP_BEHAVIOR on surface 0xa3b89640, error=EGL_SUCCESS
W/CursorWrapperInner( 4307): Cursor finalized without prior close()
W/SurfaceFlinger(  931): couldn't log to binary event log: overflow.
W/AudioTrack( 1231): AUDIO_OUTPUT_FLAG_FAST denied by client
W/EGL_emulation( 4307): eglSurfaceAttrib not implemented
W/OpenGLRenderer( 4307): Failed to set EGL_SWAP_BEHAVIOR on surface 0xa52a61a0, error=EGL_SUCCESS
W/AudioTrack( 1231): AUDIO_OUTPUT_FLAG_FAST denied by client
I/AccountManagerService( 1231): the accounts changed, sending broadcast of android.accounts.LOGIN_ACCOUNTS_CHANGED
I/ContactsProvider( 1570): Accounts changed
I/Kids    ( 1762): [CommonUtils] disabled. skipping.
W/InputMethodManagerService( 1231): Window already focused, ignoring focus gain of: com.android.internal.view.IInputMethodClient$Stub$Proxy@f6b8664 attribute=null, token = android.os.BinderProxy@231fe2c5
I/PeopleDatabaseHelper( 1762): cleanUpNonGplusAccounts done.
V/UdcLoginAccountsChangedReceiver( 1762): Received broadcast intent with action: android.accounts.LOGIN_ACCOUNTS_CHANGED
V/GLSUser ( 1715): [LoginAccountsChangedWakefulBroadcastReceiver] recieved broadcast intent with action: android.accounts.LOGIN_ACCOUNTS_CHANGED
V/GLSUser ( 1715): [ AccountStateSummary ] - get() - <StoredState>[isConsistent= true, expectedNames=null, expectedHmacs=*****]
V/GLSUser ( 1715): AccountStateSummary - No changes.
I/GLSUser ( 1715): [LoginAccountsChangedIntentService] Updating account challenges...
I/GLSUser ( 1715): [LoginAccountsChangedIntentService] FRP is not supported on current device.
D/AccountChangedReceiver( 1762): Received intent: Intent { act=android.accounts.LOGIN_ACCOUNTS_CHANGED flg=0x4000010 cmp=com.google.android.gms/.common.account.AccountNameChangeBroadcastReceiver }
I/GCoreUlr( 1675): Starting service, intent=Intent { act=com.google.android.location.reporting.ACTION_UPDATE_WORLD cmp=com.google.android.gms/com.google.android.location.reporting.service.DispatchingService (has extras) }, extras=Bundle[{receiverAction=android.accounts.LOGIN_ACCOUNTS_CHANGED}]
D/AccountUpdateService( 1762): Received intent: Intent { act=android.accounts.LOGIN_ACCOUNTS_CHANGED cmp=com.google.android.gms/.common.account.AccountNameUpdateIntentService }
I/ContactsProvider( 1570): Accounts changed
I/GCoreUlr( 1675): WorldUpdater received intent Intent { act=com.google.android.location.reporting.ACTION_UPDATE_WORLD cmp=com.google.android.gms/com.google.android.location.reporting.service.DispatchingService (has extras) } with receiverAction android.accounts.LOGIN_ACCOUNTS_CHANGED
I/Exchange( 4095): Accounts changed - requesting FolderSync for unsynced accounts
I/Email   ( 4112): System accounts updated.
I/Exchange( 4095): EasService.onCreate
I/Exchange( 4095): RestartPingTask
I/Exchange( 4095): RestartPingsTask did not start any pings.
I/Exchange( 4095): PSS stopIfIdle
I/Exchange( 4095): PSS has no active accounts; stopping service.
I/NotifActionUtils( 4112): resendNotifications account: null, folder: null
E/PodcastCatcher EpisodeSyncAdapter( 4307): Starting service
E/PodcastCatcher PodcastCatcherProvider( 4307): buildExpandedSelection: match: 100
E/PodcastCatcher PodcastCatcherProvider( 4307): buildExpandedSelection: uri: content://com.fireminder.podcastcatcher/podcasts
I/PodcastCatcher SelectionBuilder( 4307): query(columns=null, distinct=false) SelectionBuilder[table=podcasts, selection=, selectionArgs=[]projectionMap = {} ]
I/NotifUtils( 4112): resendNotifications cancelExisting: false, account: null, folder: null
I/GCoreUlr( 1675): No GCM registration ID
I/ContactDirectoryManager( 1570): deleted 0 stale rows which don't have any relevant directory
E/StrictMode( 1570): A resource was acquired at attached stack trace but never released. See java.io.Closeable for information on avoiding resource leaks.
E/StrictMode( 1570): java.lang.Throwable: Explicit termination method 'close' not called
E/StrictMode( 1570): 	at dalvik.system.CloseGuard.open(CloseGuard.java:184)
E/StrictMode( 1570): 	at android.os.ParcelFileDescriptor.<init>(ParcelFileDescriptor.java:180)
E/StrictMode( 1570): 	at android.os.ParcelFileDescriptor$1.createFromParcel(ParcelFileDescriptor.java:916)
E/StrictMode( 1570): 	at android.os.ParcelFileDescriptor$1.createFromParcel(ParcelFileDescriptor.java:906)
E/StrictMode( 1570): 	at android.app.IBackupAgent$Stub.onTransact(IBackupAgent.java:71)
E/StrictMode( 1570): 	at android.os.Binder.execTransact(Binder.java:446)
E/StrictMode( 1570): A resource was acquired at attached stack trace but never released. See java.io.Closeable for information on avoiding resource leaks.
E/StrictMode( 1570): java.lang.Throwable: Explicit termination method 'close' not called
E/StrictMode( 1570): 	at dalvik.system.CloseGuard.open(CloseGuard.java:184)
E/StrictMode( 1570): 	at android.os.ParcelFileDescriptor.<init>(ParcelFileDescriptor.java:180)
E/StrictMode( 1570): 	at android.os.ParcelFileDescriptor$1.createFromParcel(ParcelFileDescriptor.java:916)
E/StrictMode( 1570): 	at android.os.ParcelFileDescriptor$1.createFromParcel(ParcelFileDescriptor.java:906)
E/StrictMode( 1570): 	at android.app.IBackupAgent$Stub.onTransact(IBackupAgent.java:64)
E/StrictMode( 1570): 	at android.os.Binder.execTransact(Binder.java:446)
E/StrictMode( 1570): A resource was acquired at attached stack trace but never released. See java.io.Closeable for information on avoiding resource leaks.
E/StrictMode( 1570): java.lang.Throwable: Explicit termination method 'close' not called
E/StrictMode( 1570): 	at dalvik.system.CloseGuard.open(CloseGuard.java:184)
E/StrictMode( 1570): 	at android.os.ParcelFileDescriptor.<init>(ParcelFileDescriptor.java:180)
E/StrictMode( 1570): 	at android.os.ParcelFileDescriptor$1.createFromParcel(ParcelFileDescriptor.java:916)
E/StrictMode( 1570): 	at android.os.ParcelFileDescriptor$1.createFromParcel(ParcelFileDescriptor.java:906)
E/StrictMode( 1570): 	at android.app.IBackupAgent$Stub.onTransact(IBackupAgent.java:57)
E/StrictMode( 1570): 	at android.os.Binder.execTransact(Binder.java:446)
I/ContactDirectoryManager( 1570): Discovered 0 contact directories in 137ms
I/GCoreUlr( 1675): Ensuring that reporting is stopped because of reasons: (no Google accounts)
D/GCoreFlp( 1675): Unknown pending intent to remove.
I/GCoreUlr( 1675): Unbound from all location providers
I/art     ( 1675): Background sticky concurrent mark sweep GC freed 22867(1569KB) AllocSpace objects, 15(240KB) LOS objects, 30% free, 4MB/6MB, paused 1.334ms total 151.556ms
D/Volley  ( 4307): [312] BasicNetwork.logSlowRequests: HTTP response for request=<[ ] http://feeds.soundcloud.com/users/soundcloud:users:38128127/sounds.rss 0xabafca92 NORMAL 1> [lifetime=6367], [size=261150], [rc=200], [retryCount=1]
W/CursorWrapperInner( 4307): Cursor finalized without prior close()
I/PodcastCatcher SubscriptionService( 4307): handleSubscriptionResponse: fd5cbd33
I/PodcastCatcher SubscriptionService( 4307): StarTalk Radio
I/PodcastCatcher SubscriptionService( 4307): Science meets comedy and pop culture on StarTalk Radio! Astrophysicist and Hayden Planetarium director Neil deGrasse Tyson, his comic co-hosts, guest celebrities and scientists discuss astronomy, physics, and everything else about life in the universe. 
I/PodcastCatcher SubscriptionService( 4307): 
I/PodcastCatcher SubscriptionService( 4307): Listen to StarTalk Radio podcasts on our website, www.startalkradio.net, and just about everywhere across the cosmos: iTunes, SoundCloud, Stitcher, Tune-In and more. Youll also find us on YouTube, Facebook, Twitter, Google+, Tumblr, Instagram, Pinterest and other social media channels. Keep Looking Up!
I/PodcastCatcher SubscriptionService( 4307): 
I/PodcastCatcher SubscriptionService( 4307): 
I/PodcastCatcher SubscriptionService( 4307): 
I/PodcastCatcher SubscriptionService( 4307): 
I/PodcastCatcher SubscriptionService( 4307): http://feeds.soundcloud.com/users/soundcloud:users:38128127/sounds.rss
I/PodcastCatcher SubscriptionService( 4307): http://i1.sndcdn.com/avatars-000100403534-873grd-original.jpg
D/PodcastCatcher SubscriptionService( 4307): onResponse
D/Volley  ( 4307): [1] Request.finish: 6513 ms: [ ] http://feeds.soundcloud.com/users/soundcloud:users:38128127/sounds.rss 0xabafca92 NORMAL 1
E/PodcastCatcher PodcastCatcherProvider( 4307): buildExpandedSelection: match: 100
E/PodcastCatcher PodcastCatcherProvider( 4307): buildExpandedSelection: uri: content://com.fireminder.podcastcatcher/podcasts
I/PodcastCatcher SelectionBuilder( 4307): query(columns=null, distinct=false) SelectionBuilder[table=podcasts, selection=, selectionArgs=[]projectionMap = {} ]
W/AudioTrack( 1231): AUDIO_OUTPUT_FLAG_FAST denied by client
E/PodcastCatcher PodcastCatcherProvider( 4307): buildExpandedSelection: match: 101
E/PodcastCatcher PodcastCatcherProvider( 4307): buildExpandedSelection: uri: content://com.fireminder.podcastcatcher/podcasts/fd5cbd33
I/PodcastCatcher SelectionBuilder( 4307): query(columns=null, distinct=false) SelectionBuilder[table=podcasts, selection=(podcastId=?), selectionArgs=[fd5cbd33]projectionMap = {} ]
E/PodcastCatcher PodcastCatcherProvider( 4307): buildExpandedSelection: match: 200
E/PodcastCatcher PodcastCatcherProvider( 4307): buildExpandedSelection: uri: content://com.fireminder.podcastcatcher/episodes
I/PodcastCatcher SelectionBuilder( 4307): query(columns=null, distinct=false) SelectionBuilder[table=episodes, selection=(podcastId=?), selectionArgs=[fd5cbd33]projectionMap = {} ]
D/AndroidRuntime( 4307): Shutting down VM
E/AndroidRuntime( 4307): FATAL EXCEPTION: main
E/AndroidRuntime( 4307): Process: com.fireminder.podcastcatcher, PID: 4307
E/AndroidRuntime( 4307): java.lang.RuntimeException: Unable to start service com.fireminder.podcastcatcher.mediaplayer.MediaPlayerService@32236327 with Intent { act=action_play cmp=com.fireminder.podcastcatcher/.mediaplayer.MediaPlayerService (has extras) }: java.lang.NullPointerException: Attempt to read from field 'java.lang.String com.fireminder.podcastcatcher.models.Episode.podcastId' on a null object reference
E/AndroidRuntime( 4307): 	at android.app.ActivityThread.handleServiceArgs(ActivityThread.java:2881)
E/AndroidRuntime( 4307): 	at android.app.ActivityThread.access$2100(ActivityThread.java:144)
E/AndroidRuntime( 4307): 	at android.app.ActivityThread$H.handleMessage(ActivityThread.java:1376)
E/AndroidRuntime( 4307): 	at android.os.Handler.dispatchMessage(Handler.java:102)
E/AndroidRuntime( 4307): 	at android.os.Looper.loop(Looper.java:135)
E/AndroidRuntime( 4307): 	at android.app.ActivityThread.main(ActivityThread.java:5221)
E/AndroidRuntime( 4307): 	at java.lang.reflect.Method.invoke(Native Method)
E/AndroidRuntime( 4307): 	at java.lang.reflect.Method.invoke(Method.java:372)
E/AndroidRuntime( 4307): 	at com.android.internal.os.ZygoteInit$MethodAndArgsCaller.run(ZygoteInit.java:899)
E/AndroidRuntime( 4307): 	at com.android.internal.os.ZygoteInit.main(ZygoteInit.java:694)
E/AndroidRuntime( 4307): Caused by: java.lang.NullPointerException: Attempt to read from field 'java.lang.String com.fireminder.podcastcatcher.models.Episode.podcastId' on a null object reference
E/AndroidRuntime( 4307): 	at com.fireminder.podcastcatcher.utils.PlaybackUtils.getPodcastOf(PlaybackUtils.java:49)
E/AndroidRuntime( 4307): 	at com.fireminder.podcastcatcher.mediaplayer.MediaPlayerService.processSetDataRequest(MediaPlayerService.java:345)
E/AndroidRuntime( 4307): 	at com.fireminder.podcastcatcher.mediaplayer.MediaPlayerService.onStartCommand(MediaPlayerService.java:198)
E/AndroidRuntime( 4307): 	at android.app.ActivityThread.handleServiceArgs(ActivityThread.java:2864)
E/AndroidRuntime( 4307): 	... 9 more
W/ActivityManager( 1231):   Force finishing activity com.fireminder.podcastcatcher/.ui.activities.PodcastsActivity
E/PodcastCatcher PodcastCatcherProvider( 4307): buildExpandedSelection: match: 200
E/PodcastCatcher PodcastCatcherProvider( 4307): buildExpandedSelection: uri: content://com.fireminder.podcastcatcher/episodes
I/PodcastCatcher SelectionBuilder( 4307): query(columns=null, distinct=false) SelectionBuilder[table=episodes, selection=(podcastId=?), selectionArgs=[fd5cbd33]projectionMap = {} ]
E/gralloc_goldfish(  931): gralloc_alloc: Mismatched usage flags: 576 x 576, usage 333
W/GraphicBufferAllocator(  931): alloc(576, 576, 1, 00000333, ...) failed -22 (Invalid argument)
E/        (  931): GraphicBufferAlloc::createGraphicBuffer(w=576, h=576) failed (Invalid argument), handle=0x0
E/BufferQueueProducer( 1231): [ScreenshotClient] dequeueBuffer: createGraphicBuffer failed
W/WindowManager( 1231): Screenshot failure taking screenshot for (1080x1920) to layer 21020
E/ActivityManager( 1231): Invalid thumbnail dimensions: 576x576
I/OpenGLRenderer( 1231): Initialized EGL, version 1.4
W/EGL_emulation( 1231): eglSurfaceAttrib not implemented
W/OpenGLRenderer( 1231): Failed to set EGL_SWAP_BEHAVIOR on surface 0xa11a0ba0, error=EGL_SUCCESS
W/ActivityManager( 1231): Activity pause timeout for ActivityRecord{17856c6a u0 com.fireminder.podcastcatcher/.ui.activities.PodcastsActivity t19 f}
W/EGL_emulation( 1502): eglSurfaceAttrib not implemented
W/OpenGLRenderer( 1502): Failed to set EGL_SWAP_BEHAVIOR on surface 0xa5943a80, error=EGL_SUCCESS
D/PodcastCatcher PodcastCatcherProvider( 4307): insert episode_publication_date=1427569927000 episode_description=The Science Guy takes the mic to answer your questions for him about evolution, technology, the human exploration of space, and even Leonard Nimoy, chosen from Twitter, Facebook and Google Plus by co-host Chuck Nice. episode_content_duration=0 episode_stream_uri=http://www.podtrac.com/pts/redirect.mp3/feeds.soundcloud.com/stream/198143846-startalk-cosmic-queries-bill-nye-edition.mp3 podcastId=fd5cbd33 episode_title=Cosmic Queries: Bill Nye Edition episode_local_uri= episode_percent_elapsed=0 episode_complete=0 episode_is_downloaded=0 episodeId=55f3e2ad
D/PodcastCatcher PodcastCatcherProvider( 4307): insert episode_publication_date=1426962586000 episode_description=Neil deGrasse Tyson explores the future of humanity with one of the men forging that future: billionaire entrepreneur Elon Musk, CEO of SpaceX and Tesla Motors. Co-hosted by Chuck Nice and guest starring Bill Nye. episode_content_duration=0 episode_stream_uri=http://www.podtrac.com/pts/redirect.mp3/feeds.soundcloud.com/stream/197004056-startalk-the-future-of-humanity-with-elon-musk.mp3 podcastId=fd5cbd33 episode_title=The Future of Humanity with Elon Musk episode_local_uri= episode_percent_elapsed=0 episode_complete=0 episode_is_downloaded=0 episodeId=90703398
D/PodcastCatcher PodcastCatcherProvider( 4307): insert episode_publication_date=1426353093000 episode_description=Explore how science has inspired art through the ages, from Leonardo da Vinci to computer games, when Neil deGrasse Tyson interviews artist Peter Max. With co-host Lynne Koplitz and guest Bill Nye. episode_content_duration=0 episode_stream_uri=http://www.podtrac.com/pts/redirect.mp3/feeds.soundcloud.com/stream/195852122-startalk-a-universe-of-inspiration-repeat.mp3 podcastId=fd5cbd33 episode_title=A Universe of Inspiration (Repeat) episode_local_uri= episode_percent_elapsed=0 episode_complete=0 episode_is_downloaded=0 episodeId=e3b4a5da
D/PodcastCatcher PodcastCatcherProvider( 4307): insert episode_publication_date=1425763309000 episode_description=Our evolutionary journey concludes with Neil deGrasse Tyson, Richard Dawkins, Bill Nye, Eugene Mirman, Jim Gaffigan and Maeve Higgins, recorded live at the Beacon Theatre in NYC. episode_content_duration=0 episode_stream_uri=http://www.podtrac.com/pts/redirect.mp3/feeds.soundcloud.com/stream/194745940-startalk-startalk-live-evolution-with-richard-dawkins-part-2.mp3 podcastId=fd5cbd33 episode_title=StarTalk Live! Evolution with Richard Dawkins (Part 2) episode_local_uri= episode_percent_elapsed=0 episode_complete=0 episode_is_downloaded=0 episodeId=1f3325e4
D/PodcastCatcher PodcastCatcherProvider( 4307): insert episode_publication_date=1425165773000 episode_description=Science and rationality take the stage when Neil deGrasse Tyson welcomes Richard Dawkins and Bill Nye to NYCs Beacon Theater to discuss evolution, with help from comics Eugene Mirman, Jim Gaffigan and Maeve Higgins. episode_content_duration=0 episode_stream_uri=http://www.podtrac.com/pts/redirect.mp3/feeds.soundcloud.com/stream/193581535-startalk-startalk-live-evolution-with-richard-dawkins-part-1.mp3 podcastId=fd5cbd33 episode_title=StarTalk Live! Evolution with Richard Dawkins (Part 1) episode_local_uri= episode_percent_elapsed=0 episode_complete=0 episode_is_downloaded=0 episodeId=cc7dedd5
D/PodcastCatcher PodcastCatcherProvider( 4307): insert episode_publication_date=1424565906000 episode_description=Join Neil deGrasse Tyson and Leighann Lord as they boldly go where no one has gone before: answering fan questions about Star Trek, from transporter beams and warp drives to Klingons and the Borg. episode_content_duration=0 episode_stream_uri=http://www.podtrac.com/pts/redirect.mp3/feeds.soundcloud.com/stream/192354580-startalk-cosmic-queries-star-trek.mp3 podcastId=fd5cbd33 episode_title=Cosmic Queries: Star Trek episode_local_uri= episode_percent_elapsed=0 episode_complete=0 episode_is_downloaded=0 episodeId=d144de11
W/CursorWrapperInner( 4307): Cursor finalized without prior close()
W/CursorWrapperInner( 4307): Cursor finalized without prior close()
W/CursorWrapperInner( 4307): Cursor finalized without prior close()
D/PodcastCatcher PodcastCatcherProvider( 4307): insert episode_publication_date=1423873232000 episode_description=Get ready to blow up some stereotypes when Neil deGrasse Tyson meets aerospace engineer and Rocket City Redneck Travis S. Taylor. Co-hosted by Chuck Nice and guest starring Bill Nye the Science Guy. episode_content_duration=0 episode_stream_uri=http://www.podtrac.com/pts/redirect.mp3/feeds.soundcloud.com/stream/191023605-startalk-rocket-city-rednecks.mp3 podcastId=fd5cbd33 episode_title=Rocket City Rednecks episode_local_uri= episode_percent_elapsed=0 episode_complete=0 episode_is_downloaded=0 episodeId=3eb8a579
D/PodcastCatcher PodcastCatcherProvider( 4307): insert episode_publication_date=1423256937000 episode_description=Find out why rocket science is hard when Neil deGrasse Tyson answers fan questions about Antares, Rosetta, Philae, SpaceShipTwo, the Space Shuttle and more with the help of Bill Nye and Chuck Nice. episode_content_duration=0 episode_stream_uri=http://www.podtrac.com/pts/redirect.mp3/feeds.soundcloud.com/stream/189842407-startalk-cosmic-queries-rocket-science.mp3 podcastId=fd5cbd33 episode_title=Cosmic Queries: Rocket Science Is Hard episode_local_uri= episode_percent_elapsed=0 episode_complete=0 episode_is_downloaded=0 episodeId=6fa7728c
D/PodcastCatcher PodcastCatcherProvider( 4307): insert episode_publication_date=1422741862000 episode_description=Navigate the stormy seas of greed, politics, economics and the science of water with Neil deGrasse Tyson, Eugene Mirman and their guests Robert F. Kennedy Jr., The Gyalwang Drukpa, Dr. Tess Russo and Jason Sudeikis in Part 2 of our show from The Beacon Theater. episode_content_duration=0 episode_stream_uri=http://www.podtrac.com/pts/redirect.mp3/feeds.soundcloud.com/stream/188855932-startalk-startalk-live-water-world-part-2.mp3 podcastId=fd5cbd33 episode_title=StarTalk Live! Water World (Part 2) episode_local_uri= episode_percent_elapsed=0 episode_complete=0 episode_is_downloaded=0 episodeId=ca31287d
D/PodcastCatcher PodcastCatcherProvider( 4307): insert episode_publication_date=1422140344000 episode_description=Dive into the world of water, on Earth and in the cosmos, when Neil deGrasse Tyson and Eugene Mirman host Robert F. Kennedy Jr., The Gyalwang Drukpa, Dr. Tess Russo and Jason Sudeikis at the Beacon Theater. episode_content_duration=0 episode_stream_uri=http://www.podtrac.com/pts/redirect.mp3/feeds.soundcloud.com/stream/187706238-startalk-startalk-live-water-world-part-1.mp3 podcastId=fd5cbd33 episode_title=StarTalk Live! Water World (Part 1) episode_local_uri= episode_percent_elapsed=0 episode_complete=0 episode_is_downloaded=0 episodeId=5fd3fabc
D/PodcastCatcher PodcastCatcherProvider( 4307): insert episode_publication_date=1421606413000 episode_description=In our first episode of Season 6, Neil deGrasse Tyson discusses the history of life on Earth with naturalist Sir David Attenborough, along with a little help in the studio from Bill Nye and Chuck Nice. episode_content_duration=0 episode_stream_uri=http://www.podtrac.com/pts/redirect.mp3/feeds.soundcloud.com/stream/186671961-startalk-the-story-of-life-on-earth-with-sir-david-attenborough.mp3 podcastId=fd5cbd33 episode_title=The Story of Life on Earth with Sir David Attenborough episode_local_uri= episode_percent_elapsed=0 episode_complete=0 episode_is_downloaded=0 episodeId=e390b805
D/PodcastCatcher PodcastCatcherProvider( 4307): insert episode_publication_date=1420991671000 episode_description=The pull of gravity (the force, not the movie) is irresistible as Neil deGrasse Tyson and Leighann Lord grapple with weighty fan questions about matter and the curvature of spacetime. episode_content_duration=0 episode_stream_uri=http://www.podtrac.com/pts/redirect.mp3/feeds.soundcloud.com/stream/185526732-startalk-cosmic-queries-gravity-repeat.mp3 podcastId=fd5cbd33 episode_title=Cosmic Queries: Gravity (Repeat) episode_local_uri= episode_percent_elapsed=0 episode_complete=0 episode_is_downloaded=0 episodeId=e618cf14
D/PodcastCatcher PodcastCatcherProvider( 4307): insert episode_publication_date=1420312130000 episode_description=You asked the questions, you chose the episodes: Join us for your favorite Cosmic Queries of Season 5, answered by your own personal astrophysicist, Neil deGrasse Tyson, and guest hosts Bill Nye and Dr. Amy Mainzer. episode_content_duration=0 episode_stream_uri=http://www.podtrac.com/pts/redirect.mp3/feeds.soundcloud.com/stream/184331606-startalk-season-5-time-capsule-part-2.mp3 podcastId=fd5cbd33 episode_title=Season 5 Time Capsule (Part 2) episode_local_uri= episode_percent_elapsed=0 episode_complete=0 episode_is_downloaded=0 episodeId=eb708887
D/PodcastCatcher PodcastCatcherProvider( 4307): insert episode_publication_date=1419793563000 episode_description=As Season 5 draws to a close, join astrophysicist Neil deGrasse Tyson in looking back at the brightest moments of a year brimming with science, comedy, urban legends, the COSMOS and even God. episode_content_duration=0 episode_stream_uri=http://www.podtrac.com/pts/redirect.mp3/feeds.soundcloud.com/stream/183488305-startalk-season-5-time-capsule-part-1.mp3 podcastId=fd5cbd33 episode_title=Season 5 Time Capsule (Part 1) episode_local_uri= episode_percent_elapsed=0 episode_complete=0 episode_is_downloaded=0 episodeId=b6ddfe10
D/PodcastCatcher PodcastCatcherProvider( 4307): insert episode_publication_date=1419180560000 episode_description=Put on your thinking caps as Neil Tyson and Leighann Lord answer fan questions about pseudoscience, from crystals to creationism and ancient aliens to alternative medicine. Plus, a new interview with Elise Andrew, Bill Nye, and Chuck Nice. episode_content_duration=0 episode_stream_uri=http://www.podtrac.com/pts/redirect.mp3/feeds.soundcloud.com/stream/182536821-startalk-extended-classic-cosmic-queries-pseudoscience-now-with-elise-andrew-of-ifls-and-bill-nye.mp3 podcastId=fd5cbd33 episode_title=Extended Classic: Cosmic Queries: Pseudoscience, now with Elise Andrew of IFLS and Bill Nye episode_local_uri= episode_percent_elapsed=0 episode_complete=0 episode_is_downloaded=0 episodeId=d079e0d2
D/PodcastCatcher PodcastCatcherProvider( 4307): insert episode_publication_date=1418448561000 episode_description=Since they didnt blow up Neils office in Part 1, the MythBusters Adam Savage and Jamie Hyneman are back to finish the job. Now extended with 10 minutes of Cosmic Queries with Neil and Chuck! episode_content_duration=0 episode_stream_uri=http://www.podtrac.com/pts/redirect.mp3/feeds.soundcloud.com/stream/181288117-startalk-extended-classic-mythbusters-part-2.mp3 podcastId=fd5cbd33 episode_title=Extended Classic: MythBusters (Part 2) episode_local_uri= episode_percent_elapsed=0 episode_complete=0 episode_is_downloaded=0 episodeId=dd10b979
D/PodcastCatcher PodcastCatcherProvider( 4307): insert episode_publication_date=1417886566000 episode_description=In Part 1 of this classic podcast, now extended with 10 minutes of new Cosmic Queries, Neil Tyson sits down with Adam Savage and Jamie Hyneman to discuss experiments, physics, and urban legends. episode_content_duration=0 episode_stream_uri=http://www.podtrac.com/pts/redirect.mp3/feeds.soundcloud.com/stream/180265541-startalk-extended-classic-mythbusters.mp3 podcastId=fd5cbd33 episode_title=Extended Classic: MythBusters (Part 1) episode_local_uri= episode_percent_elapsed=0 episode_complete=0 episode_is_downloaded=0 episodeId=0ed9b591
D/PodcastCatcher PodcastCatcherProvider( 4307): insert episode_publication_date=1417115292000 episode_description=Neil deGrasse Tyson and veteran science journalist Miles OBrien discuss the conflict between journalism and corporate America. Plus, a new interview about science deniers with Elise Andrew and Bill Nye. episode_content_duration=0 episode_stream_uri=http://www.podtrac.com/pts/redirect.mp3/feeds.soundcloud.com/stream/178928293-startalk-reporting-on-science-part-2-extended-with-elise-andrew-of-ifls-and-bill-nye.mp3 podcastId=fd5cbd33 episode_title=Reporting on Science (Part 2)  extended with Elise Andrew of IFLS and Bill Nye episode_local_uri= episode_percent_elapsed=0 episode_complete=0 episode_is_downloaded=0 episodeId=29b2425d
D/PodcastCatcher PodcastCatcherProvider( 4307): insert episode_publication_date=1416611266000 episode_description=Take a journey beyond the headlines into the business of science journalism with Miles OBrien, Neil deGrasse Tyson and Chuck Nice, and a new interview with Elise Andrew of IFLS and Bill Nye. episode_content_duration=0 episode_stream_uri=http://www.podtrac.com/pts/redirect.mp3/feeds.soundcloud.com/stream/178044853-startalk-reporting-on-science-part-1-extended-with-elise-andrew-of-ifls-and-bill-nye.mp3 podcastId=fd5cbd33 episode_title=Reporting on Science (Part 1)  extended with Elise Andrew of IFLS and Bill Nye episode_local_uri= episode_percent_elapsed=0 episode_complete=0 episode_is_downloaded=0 episodeId=40bbc88e
D/PodcastCatcher PodcastCatcherProvider( 4307): insert episode_publication_date=1416160740000 episode_description=Where did we come from? Are we alone? Explore these questions with guest host Bill Nye the Science Guy, co-host Eugene Mirman and their guests comedian Dave Foley and SETI Institute Sr. Astronomer Seth Shostak.
D/PodcastCatcher PodcastCatcherProvider( 4307): (Warning: Since this show was recorded live before an adult audience in San Francisco, be prepared for some suggestive language and humor.)
D/PodcastCatcher PodcastCatcherProvider( 4307): Read more and listen to the full track: http://www.startalkradio.net/show/startalk-live-sf-sketchfest/ episode_content_duration=0 episode_stream_uri=http://www.podtrac.com/pts/redirect.mp3/feeds.soundcloud.com/stream/177198909-startalk-startalk-live-sf-sketchfest.mp3 podcastId=fd5cbd33 episode_title=StarTalk Live! SF Sketchfest episode_local_uri= episode_percent_elapsed=0 episode_complete=0 episode_is_downloaded=0 episodeId=7a2be006
D/PodcastCatcher PodcastCatcherProvider( 4307): insert episode_publication_date=1415528250000 episode_description=The pull of gravity (the force, not the movie) is irresistible as Neil deGrasse Tyson and Leighann Lord grapple with weighty fan questions about matter and the curvature of spacetime.
D/PodcastCatcher PodcastCatcherProvider( 4307): 
D/PodcastCatcher PodcastCatcherProvider( 4307): Read more and listen to the full episode at http://www.startalkradio.net/show/cosmic-queries-gravity/ episode_content_duration=0 episode_stream_uri=http://www.podtrac.com/pts/redirect.mp3/feeds.soundcloud.com/stream/176053058-startalk-cosmic-queries-gravity.mp3 podcastId=fd5cbd33 episode_title=Cosmic Queries: Gravity episode_local_uri= episode_percent_elapsed=0 episode_complete=0 episode_is_downloaded=0 episodeId=341b48e7
D/PodcastCatcher PodcastCatcherProvider( 4307): insert episode_publication_date=1414918248000 episode_description=Neil deGrasse Tyson chats with Captain Kirk, Sylvester Stallone, Woody Allen, Johnny Carson, Carl Sagan, Chief Wiggum, Moe Szyslak and Apu  a.k.a. Hank Azaria.
D/PodcastCatcher PodcastCatcherProvider( 4307): 
D/PodcastCatcher PodcastCatcherProvider( 4307): Read more and listen to the full track: http://www.startalkradio.net/show/a-conversation-with-hank-azaria/ episode_content_duration=0 episode_stream_uri=http://www.podtrac.com/pts/redirect.mp3/feeds.soundcloud.com/stream/174961635-startalk-a-conversation-with-hank-azaria.mp3 podcastId=fd5cbd33 episode_title=A Conversation With Hank Azaria episode_local_uri= episode_percent_elapsed=0 episode_complete=0 episode_is_downloaded=0 episodeId=aa3601aa
D/PodcastCatcher PodcastCatcherProvider( 4307): insert episode_publication_date=1414310319000 episode_description=Neil deGrasse Tyson and co-host Colin Jost (Saturday Night Live) get their geek on answering questions about Thor, Captain America, Batman, Superman, Wolverine, Magneto and more.
D/PodcastCatcher PodcastCatcherProvider( 4307): 
D/PodcastCatcher PodcastCatcherProvider( 4307): Read more and listen to the full episode at: http://www.startalkradio.net/show/cosmic-queries-superheroes episode_content_duration=0 episode_stream_uri=http://www.podtrac.com/pts/redirect.mp3/feeds.soundcloud.com/stream/173891432-startalk-cosmic-queries-superheroes.mp3 podcastId=fd5cbd33 episode_title=Cosmic Queries: Superheroes episode_local_uri= episode_percent_elapsed=0 episode_complete=0 episode_is_downloaded=0 episodeId=7736e32f
D/PodcastCatcher PodcastCatcherProvider( 4307): insert episode_publication_date=1413742704000 episode_description=Paleoanthropologist Dr. Ian Tattersall is back to help Neil deGrasse Tyson and Eugene Mirman answer fan questions about where primates came from, and where were going.
D/PodcastCatcher PodcastCatcherProvider( 4307): 
D/PodcastCatcher PodcastCatcherProvider( 4307): Read more and listen to the full show at: http://www.startalkradio.net/show/cosmic-queries-primate-evolution episode_content_duration=0 episode_stream_uri=http://www.podtrac.com/pts/redirect.mp3/feeds.soundcloud.com/stream/172878509-startalk-cosmic-queries-primate-evolution.mp3 podcastId=fd5cbd33 episode_title=Cosmic Queries: Primate Evolution episode_local_uri= episode_percent_elapsed=0 episode_complete=0 episode_is_downloaded=0 episodeId=4e3842b2
D/PodcastCatcher PodcastCatcherProvider( 4307): insert episode_publication_date=1413139890000 episode_description=Neil deGrasse Tyson and co-host Leighann Lord dive into the strange world of the Ig Nobel Prize for research that first makes you laugh, and then makes you think.
D/PodcastCatcher PodcastCatcherProvider( 4307): 
D/PodcastCatcher PodcastCatcherProvider( 4307): Read more and listen to the full episode at http://www.startalkradio.net/show/the-ig-nobel-prize episode_content_duration=0 episode_stream_uri=http://www.podtrac.com/pts/redirect.mp3/feeds.soundcloud.com/stream/171822971-startalk-the-ig-nobel-prize.mp3 podcastId=fd5cbd33 episode_title=The Ig Nobel Prize episode_local_uri= episode_percent_elapsed=0 episode_complete=0 episode_is_downloaded=0 episodeId=ef288761
D/PodcastCatcher PodcastCatcherProvider( 4307): insert episode_publication_date=1412536731000 episode_description=Put on your thinking caps, because in this episode Neil deGrasse Tyson and Leighann Lord answer fan questions about pseudoscience, from creationism to crystals to alternative medicine.
D/PodcastCatcher PodcastCatcherProvider( 4307): 
D/PodcastCatcher PodcastCatcherProvider( 4307): Read more and listen to the full episode at http://www.startalkradio.net/show/cosmic-queries-pseudoscience episode_content_duration=0 episode_stream_uri=http://www.podtrac.com/pts/redirect.mp3/feeds.soundcloud.com/stream/170769255-startalk-cosmic-queries-pseudoscience.mp3 podcastId=fd5cbd33 episode_title=Cosmic Queries: Pseudoscience episode_local_uri= episode_percent_elapsed=0 episode_complete=0 episode_is_downloaded=0 episodeId=6a79bc4f
D/PodcastCatcher PodcastCatcherProvider( 4307): insert episode_publication_date=1412287287000 episode_description=How will technology change cities in the future?
D/PodcastCatcher PodcastCatcherProvider( 4307): 
D/PodcastCatcher PodcastCatcherProvider( 4307): The cities of the future could be closer than you think as futurists Jason Silva and Melissa Sterry take Neil deGrasse Tyson and Eugene Mirman on a bionics-driven ride into the coming decades.
D/PodcastCatcher PodcastCatcherProvider( 4307): If you like this track, check out the whole StarTalk Radio Building the Future episode at: http://www.startalkradio.net/show/startalk-live-building-the-future/.
D/PodcastCatcher PodcastCatcherProvider( 4307):  episode_content_duration=0 episode_stream_uri=http://www.podtrac.com/pts/redirect.mp3/feeds.soundcloud.com/stream/170384658-startalk-cosmic-minute-bionic-cities-by-2040.mp3 podcastId=fd5cbd33 episode_title=Cosmic Minute: Bionic Cities by 2040 episode_local_uri= episode_percent_elapsed=0 episode_complete=0 episode_is_downloaded=0 episodeId=a4b4feef
