--------- beginning of main
D/Finsky  (17224): [1] 5.onFinished: Installation state replication succeeded.
D/LocationFilter( 1777): Forcing stable location. Original location:Location[fused 37.345343,-121.948547 acc=20 et=+20h0m52s428ms] because connected WiFi network is the same, bssid=88:f7:c7:2f:88:ca
--------- beginning of system
D/WifiService(  721): releaseWifiLockLocked: WifiLock{NlpWifiLock type=2 binder=android.os.BinderProxy@36e16fc3}
I/GCoreUlr( 1777): Successfully inserted location
I/GCoreUlr( 1777): Not calling LocationReporter, hasMoved: false, elapsed millis: 2195890, request: Stationary(3600000)
I/art     (  721): Explicit concurrent mark sweep GC freed 58337(3MB) AllocSpace objects, 5(2MB) LOS objects, 24% free, 49MB/65MB, paused 1.216ms total 98.392ms
W/ResourceType(  896): No package identifier when getting value for resource number 0x00000000
W/PackageManager(  896): Failure retrieving resources for com.fireminder.podcastcatcher: Resource ID #0x0
I/ActivityManager(  721): START u0 {act=com.android.systemui.recents.SHOW_RECENTS flg=0x10804000 cmp=com.android.systemui/.recents.RecentsActivity (has extras)} from uid 10012 on display 0
W/ResourceType(  896): No package identifier when getting value for resource number 0x00000000
W/PackageManager(  896): Failure retrieving resources for com.fireminder.podcastcatcher: Resource ID #0x0
I/art     (  721): Explicit concurrent mark sweep GC freed 12026(601KB) AllocSpace objects, 4(1994KB) LOS objects, 23% free, 50MB/66MB, paused 839us total 70.142ms
I/art     ( 1737): Explicit concurrent mark sweep GC freed 10529(627KB) AllocSpace objects, 0(0B) LOS objects, 39% free, 20MB/34MB, paused 556us total 18.749ms
W/art     ( 1737): Attempt to remove local handle scope entry from IRT, ignoring
I/ActivityManager(  721): START u0 {act=android.intent.action.VIEW cat=[android.intent.category.BROWSABLE] dat=http://www.theskepticsguide.org/feed/sgu flg=0x10000000 cmp=android/com.android.internal.app.ResolverActivity (has extras)} from uid 10032 on display 0
D/ResolverActivity( 6382): sinceTime=1423027732321
W/m       ( 1737): [TiclService] Ticl being stopped: Client: <ApplicationClientIdP: client_type=1018 client_name=5104da88-d856-42c9-9ccc-4111532bd850>, \n\006\n\004\010\003\020\001\022\022\t\260\246$x\335\260\206\206\021.L\303d\374uh\211\032\007\010\213,\020\003\030\001, <RunState: 2>
W/ResourcesManager( 6382): Asset path '/system/framework/com.google.android.maps.jar' does not exist or contains no resources.
I/ActivityManager(  721): Displayed android/com.android.internal.app.ResolverActivity: +122ms
W/IInputConnectionWrapper( 1737): showStatusIcon on inactive InputConnection
W/ProcessCpuTracker(  721): Skipping unknown process pid 7253
W/ProcessCpuTracker(  721): Skipping unknown process pid 7254
W/ProcessCpuTracker(  721): Skipping unknown process pid 7256
W/ProcessCpuTracker(  721): Skipping unknown process pid 7261
W/ProcessCpuTracker(  721): Skipping unknown process pid 7262
W/ProcessCpuTracker(  721): Skipping unknown process pid 7265
W/ProcessCpuTracker(  721): Skipping unknown process pid 7267
W/ProcessCpuTracker(  721): Skipping unknown process pid 7268
W/ProcessCpuTracker(  721): Skipping unknown process pid 7271
W/ProcessCpuTracker(  721): Skipping unknown process pid 7272
W/ProcessCpuTracker(  721): Skipping unknown process pid 7273
W/ProcessCpuTracker(  721): Skipping unknown process pid 7276
W/AndroidInternalSchedule( 1737): [TiclService] Ignoring event with wrong ticl id (not 1424237332363): <AndroidSchedulerEvent: version=<Version: major_version=1 minor_version=0> event_name=InitialPersistentHeartbeat ticl_id=1424237331494>
I/PackageManager(  721): Setting last chosen activity com.fireminder.podcastcatcher/.ui.PodcastsActivity for user 0:
I/PackageManager(  721):   Action: "android.intent.action.VIEW"
I/PackageManager(  721):   Category: "android.intent.category.BROWSABLE"
I/PackageManager(  721):   Category: "android.intent.category.DEFAULT"
I/PackageManager(  721):   Scheme: "http"
I/PackageManager(  721):   Authority: "": -1 WILD
I/PackageManager(  721):   Path: "PatternMatcher{GLOB: .*feed.*}"
I/ActivityManager(  721): START u0 {act=android.intent.action.VIEW cat=[android.intent.category.BROWSABLE] dat=http://www.theskepticsguide.org/feed/sgu flg=0x13000000 cmp=com.fireminder.podcastcatcher/.ui.PodcastsActivity (has extras)} from uid 10032 on display 0
I/ActivityManager(  721): Process ch.bitspin.timely (pid 4052) has died
I/PodcastCatcher SelectionBuilder( 7064): query(columns=null, distinct=false) SelectionBuilder[table=podcasts, selection=, selectionArgs=[]projectionMap = {} ]
I/ActivityManager(  721): Displayed com.fireminder.podcastcatcher/.ui.PodcastsActivity: +315ms
W/ActivityManager(  721): Duplicate finish request for ActivityRecord{396cd315 u0 android/com.android.internal.app.ResolverActivity t3852 f}
W/m       ( 1737): [TiclService] Ticl being stopped: Client: <ApplicationClientIdP: client_type=1018 client_name=5104da88-d856-42c9-9ccc-4111532bd850>, \n\006\n\004\010\003\020\001\022\022\t\260\246$x\335\260\206\206\021.L\303d\374uh\211\032\007\010\213,\020\003\030\001, <RunState: 2>
I/GCM     ( 1347): GCM message com.android.chrome 0:1424237337079190%0f493ae6f9fd7ecd
V/GCMBroadcastReceiver( 1737): onReceive: com.google.android.c2dm.intent.RECEIVE
V/GCMBroadcastReceiver( 1737): GCM IntentService class: com.google.ipc.invalidation.external.client.contrib.MultiplexingGcmListener
V/GCMBaseIntentService( 1737): Acquiring wakelock
V/GCMBaseIntentService( 1737): Intent service name: GCMIntentService-DynamicSenderIds-13
V/GCMBaseIntentService( 1737): Releasing wakelock
I/PodcastCatcher SubscriptionService( 7064): handleSubscription: http://www.theskepticsguide.org/feed/sgu
D/TaskPersister(  721): removeObsoleteFile: deleting file=3852_task_thumbnail.png
E/PodcastCatcher SubscriptionService( 7064): error in: handleSubscriptionResponse: Unexpected token (position:TEXT Ã¯Â»¿@1:6 in java.io.InputStreamReader@1bb79fcc) 
W/System.err( 7064): org.xmlpull.v1.XmlPullParserException: Unexpected token (position:TEXT Ã¯Â»¿@1:6 in java.io.InputStreamReader@1bb79fcc) 
W/System.err( 7064): 	at org.kxml2.io.KXmlParser.next(KXmlParser.java:432)
W/System.err( 7064): 	at org.kxml2.io.KXmlParser.next(KXmlParser.java:313)
W/System.err( 7064): 	at com.fireminder.podcastcatcher.models.PodcastHandler.parsePodcast(PodcastHandler.java:69)
W/System.err( 7064): 	at com.fireminder.podcastcatcher.utils.RssParseHelper.parsePodcastFromXml(RssParseHelper.java:42)
W/System.err( 7064): 	at com.fireminder.podcastcatcher.services.SubscriptionService.handleResponse(SubscriptionService.java:78)
W/System.err( 7064): 	at com.fireminder.podcastcatcher.services.SubscriptionService.onResponse(SubscriptionService.java:103)
W/System.err( 7064): 	at com.fireminder.podcastcatcher.services.SubscriptionService.onResponse(SubscriptionService.java:26)
W/System.err( 7064): 	at com.android.volley.toolbox.StringRequest.deliverResponse(StringRequest.java:60)
W/System.err( 7064): 	at com.android.volley.toolbox.StringRequest.deliverResponse(StringRequest.java:30)
W/System.err( 7064): 	at com.android.volley.ExecutorDelivery$ResponseDeliveryRunnable.run(ExecutorDelivery.java:99)
W/System.err( 7064): 	at android.os.Handler.handleCallback(Handler.java:739)
W/System.err( 7064): 	at android.os.Handler.dispatchMessage(Handler.java:95)
W/System.err( 7064): 	at android.os.Looper.loop(Looper.java:135)
W/System.err( 7064): 	at android.app.ActivityThread.main(ActivityThread.java:5221)
W/System.err( 7064): 	at java.lang.reflect.Method.invoke(Native Method)
W/System.err( 7064): 	at java.lang.reflect.Method.invoke(Method.java:372)
W/System.err( 7064): 	at com.android.internal.os.ZygoteInit$MethodAndArgsCaller.run(ZygoteInit.java:899)
W/System.err( 7064): 	at com.android.internal.os.ZygoteInit.main(ZygoteInit.java:694)
D/PodcastCatcher SubscriptionService( 7064): onResponse
E/WifiStateMachine(  721): WifiStateMachine CMD_START_SCAN source -2 txSuccessRate=102.20 rxSuccessRate=111.57 targetRoamBSSID=88:f7:c7:2f:88:ca RSSI=-32
I/ActivityManager(  721): Start proc ch.bitspin.timely for broadcast ch.bitspin.timely/.widget.WidgetProvider_: pid=7350 uid=10081 gids={50081, 9997, 3003} abi=armeabi-v7a
W/ResourcesManager( 7350): Asset path '/system/framework/com.android.media.remotedisplay.jar' does not exist or contains no resources.
W/ResourcesManager( 7350): Asset path '/system/framework/com.android.location.provider.jar' does not exist or contains no resources.
V/JNIHelp ( 7350): Registering com/google/android/gms/org/conscrypt/NativeCrypto's 235 native methods...
I/ProviderInstaller( 7350): Installed default security provider GmsCore_OpenSSL
W/GAV2    ( 7350): Thread[main,5,main]: Need to call initialize() and be in fallback mode to start dispatch.
I/Timely  ( 7350): Starting broadcast listening thread.
I/ActivityManager(  721): Killing 6487:com.android.cellbroadcastreceiver/u0a30 (adj 15): empty #17
W/libprocessgroup(  721): failed to open /acct/uid_10030/pid_6487/cgroup.procs: No such file or directory
W/GAV4    ( 1337): Thread[Thread-117,5,main]: Exception sending hit: HttpHostConnectException
W/GAV4    ( 1337): Thread[Thread-117,5,main]: Connection to https://ssl.google-analytics.com refused
W/GAV4    ( 1337): Thread[Thread-117,5,main]: Empty hitIds passed to deleteHits.
D/TimelyDebug( 7350): AlarmManager.registerAlarms: reason = delayed init.
V/Timely  ( 7350): Registering AlarmClocks.
V/Timely  ( 7350): Registering System Alarm for alarm at 2015-02-18T07:29:58.000-08:00
V/Timely  ( 7350): Registering System Alarm for finetune at 2015-02-18T07:29:53.000-08:00
V/Timely  ( 7350): Registering System Alarm for presync at 2015-02-18T07:26:58.000-08:00
V/Timely  ( 7350): Registering System Alarm for dismiss at 2015-02-18T07:34:58.000-08:00
W/ContextImpl( 7350): Implicit intents with startService are not safe: Intent { act=com.google.android.gms.analytics.service.START (has extras) } android.content.ContextWrapper.bindService:538 com.google.analytics.tracking.android.d.b:82 com.google.analytics.tracking.android.x.j:279 
I/GAV2    ( 7350): Thread[GAThread,1,main]: No campaign data found.
W/GAV4    ( 1337): Thread[Thread-117,5,main]: Exception sending hit: HttpHostConnectException
W/GAV4    ( 1337): Thread[Thread-117,5,main]: Connection to https://ssl.google-analytics.com refused
W/GAV4    ( 1337): Thread[Thread-117,5,main]: Empty hitIds passed to deleteHits.
E/WifiStateMachine(  721): WifiStateMachine CMD_START_SCAN source -2 txSuccessRate=0.89 rxSuccessRate=0.97 targetRoamBSSID=88:f7:c7:2f:88:ca RSSI=-51
E/WifiStateMachine(  721): WifiStateMachine starting scan for "SurrenderNowOrPrepareToFi"WPA_PSK with 2412
I/wpa_supplicant(  863): wlan0: CTRL-EVENT-SCAN-STARTED 
I/ActivityManager(  721): Killing 6711:com.android.keychain/1000 (adj 15): empty #17
W/libprocessgroup(  721): failed to open /acct/uid_1000/pid_6711/cgroup.procs: No such file or directory
E/WifiStateMachine(  721): WifiStateMachine CMD_START_SCAN source -2 txSuccessRate=0.76 rxSuccessRate=0.64 targetRoamBSSID=88:f7:c7:2f:88:ca RSSI=-25
E/WifiStateMachine(  721): WifiStateMachine starting scan for "SurrenderNowOrPrepareToFi"WPA_PSK with 2412
I/wpa_supplicant(  863): wlan0: CTRL-EVENT-SCAN-STARTED 
I/ActivityManager(  721): Start proc com.android.providers.calendar for content provider com.android.providers.calendar/.CalendarProvider2: pid=7419 uid=10001 gids={50001, 9997, 3003, 1028, 1015} abi=armeabi-v7a
W/ResourcesManager( 7419): Asset path '/system/framework/android.test.runner.jar' does not exist or contains no resources.
I/CalendarProvider2( 7419): Created com.android.providers.calendar.CalendarAlarmManager@1ecf1b7b(com.android.providers.calendar.CalendarProvider2@34b05d98)
I/Metrics:BatchTransmitte(29801): QueuePusher.sendBatches - Drained batch queue.; Number of batches sent: 0
I/CalendarProvider2( 7419): Sending notification intent: Intent { act=android.intent.action.PROVIDER_CHANGED dat=content://com.android.calendar }
W/ContentResolver( 7419): Failed to get type for: content://com.android.calendar (Unknown URL content://com.android.calendar)
I/ActivityManager(  721): Start proc com.google.android.calendar for broadcast com.google.android.calendar/com.android.calendar.alerts.AlertReceiver: pid=7449 uid=10029 gids={50029, 9997, 3003, 1028, 1015} abi=armeabi-v7a
I/ActivityManager(  721): Killing 6732:com.google.android.gms.ui/u0a7 (adj 15): empty #17
W/libprocessgroup(  721): failed to open /acct/uid_10007/pid_6732/cgroup.procs: No such file or directory
E/SQLiteLog( 7449): (283) recovered 15 frames from WAL file /data/data/com.google.android.calendar/databases/timelydata.db-wal
I/art     (  721): Explicit concurrent mark sweep GC freed 50242(3MB) AllocSpace objects, 16(6MB) LOS objects, 24% free, 50MB/66MB, paused 1.059ms total 78.533ms
I/AnalyticsLogBase( 7449): PlayLogger.onLoggerConnected
I/AnalyticsLogBase( 7449): PlayLogger.onLoggerConnected
E/SQLiteLog( 2791): (284) automatic index on sqlite_sq_AF52EEC0(STAT_DATA_ID)
D/WifiService(  721): acquireWifiLockLocked: WifiLock{NlpWifiLock type=2 binder=android.os.BinderProxy@36c8fa7}
E/WifiStateMachine(  721): WifiStateMachine CMD_START_SCAN source 10007 txSuccessRate=0.38 rxSuccessRate=0.32 targetRoamBSSID=88:f7:c7:2f:88:ca RSSI=-24
I/wpa_supplicant(  863): wlan0: CTRL-EVENT-SCAN-STARTED 
I/GCoreUlr( 1777): BLE: ALARM_WAKEUP_LOCATOR: scannerActive=false, enoughTimeElapsed=false; scan not started.
I/AmazonVideo.util(32259): ConfigManager.updateFromServerIfNecessary: Requesting update for 2611136 millis from now
I/AmazonVideo.util(32259): ConfigTaskScheduler.schedule: Scheduling refresh after 2611136 millis
I/AmazonVideo.syncservice(32259): SyncDispatcher.sync: Skipping sync component: EventManager
D/WifiService(  721): releaseWifiLockLocked: WifiLock{NlpWifiLock type=2 binder=android.os.BinderProxy@36c8fa7}
D/LocationFilter( 1777): Forcing stable location. Original location:Location[fused 37.345345,-121.948549 acc=20 et=+20h1m54s558ms] because connected WiFi network is the same, bssid=88:f7:c7:2f:88:ca
I/GCoreUlr( 1777): Successfully inserted location
I/GCoreUlr( 1777): Not calling LocationReporter, hasMoved: false, elapsed millis: 2257974, request: Stationary(3600000)
D/HeadsetStateMachine( 2986): Disconnected process message: 10, size: 0
I/GAV2    ( 7449): Thread[GAThread,5,main]: No campaign data found.
I/ActivityManager(  721): Killing 5868:com.facebook.katana:dash/u0a97 (adj 15): empty #17
D/WifiService(  721): Client connection lost with reason: 4
W/libprocessgroup(  721): failed to open /acct/uid_10097/pid_5868/cgroup.procs: No such file or directory
E/WifiStateMachine(  721): WifiStateMachine CMD_START_SCAN source -2 txSuccessRate=0.29 rxSuccessRate=0.01 targetRoamBSSID=88:f7:c7:2f:88:ca RSSI=-25
E/WifiStateMachine(  721): WifiStateMachine starting scan for "SurrenderNowOrPrepareToFi"WPA_PSK with 2412
I/wpa_supplicant(  863): wlan0: CTRL-EVENT-SCAN-STARTED 
I/ActivityManager(  721): Start proc com.google.android.deskclock for broadcast com.google.android.deskclock/com.android.alarmclock.DigitalAppWidgetProvider: pid=7560 uid=10035 gids={50035, 9997, 1028} abi=armeabi-v7a
I/ActivityManager(  721): Killing 5908:com.google.android.partnersetup/u0a11 (adj 15): empty #17
W/libprocessgroup(  721): failed to open /acct/uid_10011/pid_5908/cgroup.procs: No such file or directory
I/com.amazon.venezia/com.amazon.identity.auth.device.framework.RemoteMapInfo( 3097): Querying the device type without querying the remote content provider.
E/com.amazon.venezia/com.amazon.identity.auth.device.utils.DeviceTypeHelpers( 3097): Device code is invalid. Device appears to be configured incorrectly.
I/com.amazon.venezia/com.amazon.identity.auth.device.framework.RemoteMapInfo( 3097): Override DSN is not supported on this platform. Returning null
I/com.amazon.venezia/com.amazon.identity.auth.accounts.AccountManagerLogic( 3097): registerChildApplication device type:A3GFS040JDOGQR
I/com.amazon.venezia/com.amazon.identity.auth.device.framework.RemoteMapInfo( 3097): Querying the device type without querying the remote content provider.
E/com.amazon.venezia/com.amazon.identity.auth.device.utils.DeviceTypeHelpers( 3097): Device code is invalid. Device appears to be configured incorrectly.
I/com.amazon.venezia/com.amazon.identity.auth.device.framework.RemoteMapInfo( 3097): Querying the device type without querying the remote content provider.
E/com.amazon.venezia/com.amazon.identity.auth.device.utils.DeviceTypeHelpers( 3097): Device code is invalid. Device appears to be configured incorrectly.
I/com.amazon.venezia/com.amazon.identity.auth.accounts.RegisterChildApplicationAction( 3097): Registering child application with device type A3GFS040JDOGQR, version 638000510, and component id com.amazon.venezia
I/com.amazon.venezia/com.amazon.identity.auth.accounts.DMSSubAuthenticator( 3097): Child Application device type A3GFS040JDOGQR is already registered
I/com.amazon.venezia/com.amazon.identity.auth.device.framework.RemoteMapInfo( 3097): Querying the device type without querying the remote content provider.
E/com.amazon.venezia/com.amazon.identity.auth.device.utils.DeviceTypeHelpers( 3097): Device code is invalid. Device appears to be configured incorrectly.
I/com.amazon.venezia/com.amazon.identity.auth.device.framework.RemoteMapInfo( 3097): Override DSN is not supported on this platform. Returning null
I/com.amazon.venezia/com.amazon.identity.auth.accounts.AccountManagerLogic( 3097): registerChildApplication device type:A3GFS040JDOGQR
I/com.amazon.venezia/com.amazon.identity.auth.device.framework.RemoteMapInfo( 3097): Querying the device type without querying the remote content provider.
E/com.amazon.venezia/com.amazon.identity.auth.device.utils.DeviceTypeHelpers( 3097): Device code is invalid. Device appears to be configured incorrectly.
I/com.amazon.venezia/com.amazon.identity.auth.device.framework.RemoteMapInfo( 3097): Querying the device type without querying the remote content provider.
E/com.amazon.venezia/com.amazon.identity.auth.device.utils.DeviceTypeHelpers( 3097): Device code is invalid. Device appears to be configured incorrectly.
I/com.amazon.venezia/com.amazon.identity.auth.accounts.RegisterChildApplicationAction( 3097): Registering child application with device type A3GFS040JDOGQR, version 638000510, and component id com.amazon.venezia
I/com.amazon.venezia/com.amazon.identity.auth.accounts.DMSSubAuthenticator( 3097): Child Application device type A3GFS040JDOGQR is already registered
I/com.amazon.venezia/com.amazon.identity.auth.device.framework.RemoteMapInfo( 3097): Querying the device type without querying the remote content provider.
E/com.amazon.venezia/com.amazon.identity.auth.device.utils.DeviceTypeHelpers( 3097): Device code is invalid. Device appears to be configured incorrectly.
I/com.amazon.venezia/com.amazon.identity.auth.device.framework.RemoteMapInfo( 3097): Override DSN is not supported on this platform. Returning null
I/com.amazon.venezia/com.amazon.identity.auth.accounts.AccountManagerLogic( 3097): registerChildApplication device type:A3GFS040JDOGQR
I/com.amazon.venezia/com.amazon.identity.auth.device.framework.RemoteMapInfo( 3097): Querying the device type without querying the remote content provider.
E/com.amazon.venezia/com.amazon.identity.auth.device.utils.DeviceTypeHelpers( 3097): Device code is invalid. Device appears to be configured incorrectly.
I/com.amazon.venezia/com.amazon.identity.auth.device.framework.RemoteMapInfo( 3097): Querying the device type without querying the remote content provider.
E/com.amazon.venezia/com.amazon.identity.auth.device.utils.DeviceTypeHelpers( 3097): Device code is invalid. Device appears to be configured incorrectly.
I/com.amazon.venezia/com.amazon.identity.auth.accounts.RegisterChildApplicationAction( 3097): Registering child application with device type A3GFS040JDOGQR, version 638000510, and component id com.amazon.venezia
I/com.amazon.venezia/com.amazon.identity.auth.accounts.DMSSubAuthenticator( 3097): Child Application device type A3GFS040JDOGQR is already registered
E/WifiStateMachine(  721): WifiStateMachine CMD_START_SCAN source -2 txSuccessRate=1.44 rxSuccessRate=0.00 targetRoamBSSID=88:f7:c7:2f:88:ca RSSI=-30
E/WifiStateMachine(  721): WifiStateMachine starting scan for "SurrenderNowOrPrepareToFi"WPA_PSK with 2412
I/wpa_supplicant(  863): wlan0: CTRL-EVENT-SCAN-STARTED 
I/AmazonAppstore.BackoffRetryHandler( 3097): Got a retry request
I/AmazonAppstore.BackoffRetryHandler( 3097): Backing off for: 50
I/AmazonAppstore.BackoffRetryHandler( 3097): Retrying request? true
I/com.amazon.venezia/com.amazon.identity.auth.device.framework.RemoteMapInfo( 3097): Querying the device type without querying the remote content provider.
E/com.amazon.venezia/com.amazon.identity.auth.device.utils.DeviceTypeHelpers( 3097): Device code is invalid. Device appears to be configured incorrectly.
I/com.amazon.venezia/com.amazon.identity.auth.device.framework.RemoteMapInfo( 3097): Override DSN is not supported on this platform. Returning null
I/com.amazon.venezia/com.amazon.identity.auth.accounts.AccountManagerLogic( 3097): registerChildApplication device type:A3GFS040JDOGQR
I/com.amazon.venezia/com.amazon.identity.auth.device.framework.RemoteMapInfo( 3097): Querying the device type without querying the remote content provider.
E/com.amazon.venezia/com.amazon.identity.auth.device.utils.DeviceTypeHelpers( 3097): Device code is invalid. Device appears to be configured incorrectly.
I/com.amazon.venezia/com.amazon.identity.auth.device.framework.RemoteMapInfo( 3097): Querying the device type without querying the remote content provider.
E/com.amazon.venezia/com.amazon.identity.auth.device.utils.DeviceTypeHelpers( 3097): Device code is invalid. Device appears to be configured incorrectly.
I/com.amazon.venezia/com.amazon.identity.auth.accounts.RegisterChildApplicationAction( 3097): Registering child application with device type A3GFS040JDOGQR, version 638000510, and component id com.amazon.venezia
I/com.amazon.venezia/com.amazon.identity.auth.accounts.DMSSubAuthenticator( 3097): Child Application device type A3GFS040JDOGQR is already registered
I/com.amazon.venezia/com.amazon.identity.auth.device.framework.RemoteMapInfo( 3097): Querying the device type without querying the remote content provider.
E/com.amazon.venezia/com.amazon.identity.auth.device.utils.DeviceTypeHelpers( 3097): Device code is invalid. Device appears to be configured incorrectly.
I/com.amazon.venezia/com.amazon.identity.auth.device.framework.RemoteMapInfo( 3097): Override DSN is not supported on this platform. Returning null
I/com.amazon.venezia/com.amazon.identity.auth.accounts.AccountManagerLogic( 3097): registerChildApplication device type:A3GFS040JDOGQR
I/com.amazon.venezia/com.amazon.identity.auth.device.framework.RemoteMapInfo( 3097): Querying the device type without querying the remote content provider.
E/com.amazon.venezia/com.amazon.identity.auth.device.utils.DeviceTypeHelpers( 3097): Device code is invalid. Device appears to be configured incorrectly.
I/com.amazon.venezia/com.amazon.identity.auth.device.framework.RemoteMapInfo( 3097): Querying the device type without querying the remote content provider.
E/com.amazon.venezia/com.amazon.identity.auth.device.utils.DeviceTypeHelpers( 3097): Device code is invalid. Device appears to be configured incorrectly.
I/com.amazon.venezia/com.amazon.identity.auth.accounts.RegisterChildApplicationAction( 3097): Registering child application with device type A3GFS040JDOGQR, version 638000510, and component id com.amazon.venezia
I/com.amazon.venezia/com.amazon.identity.auth.accounts.DMSSubAuthenticator( 3097): Child Application device type A3GFS040JDOGQR is already registered
I/com.amazon.venezia/com.amazon.identity.auth.device.framework.RemoteMapInfo( 3097): Querying the device type without querying the remote content provider.
E/com.amazon.venezia/com.amazon.identity.auth.device.utils.DeviceTypeHelpers( 3097): Device code is invalid. Device appears to be configured incorrectly.
I/com.amazon.venezia/com.amazon.identity.auth.device.framework.RemoteMapInfo( 3097): Override DSN is not supported on this platform. Returning null
I/com.amazon.venezia/com.amazon.identity.auth.accounts.AccountManagerLogic( 3097): registerChildApplication device type:A3GFS040JDOGQR
I/com.amazon.venezia/com.amazon.identity.auth.device.framework.RemoteMapInfo( 3097): Querying the device type without querying the remote content provider.
E/com.amazon.venezia/com.amazon.identity.auth.device.utils.DeviceTypeHelpers( 3097): Device code is invalid. Device appears to be configured incorrectly.
I/com.amazon.venezia/com.amazon.identity.auth.device.framework.RemoteMapInfo( 3097): Querying the device type without querying the remote content provider.
E/com.amazon.venezia/com.amazon.identity.auth.device.utils.DeviceTypeHelpers( 3097): Device code is invalid. Device appears to be configured incorrectly.
I/com.amazon.venezia/com.amazon.identity.auth.accounts.RegisterChildApplicationAction( 3097): Registering child application with device type A3GFS040JDOGQR, version 638000510, and component id com.amazon.venezia
I/com.amazon.venezia/com.amazon.identity.auth.accounts.DMSSubAuthenticator( 3097): Child Application device type A3GFS040JDOGQR is already registered
I/com.amazon.venezia/com.amazon.identity.auth.device.framework.RemoteMapInfo( 3097): Querying the device type without querying the remote content provider.
E/com.amazon.venezia/com.amazon.identity.auth.device.utils.DeviceTypeHelpers( 3097): Device code is invalid. Device appears to be configured incorrectly.
I/com.amazon.venezia/com.amazon.identity.auth.device.framework.RemoteMapInfo( 3097): Override DSN is not supported on this platform. Returning null
I/com.amazon.venezia/com.amazon.identity.auth.accounts.AccountManagerLogic( 3097): registerChildApplication device type:A3GFS040JDOGQR
I/com.amazon.venezia/com.amazon.identity.auth.device.framework.RemoteMapInfo( 3097): Querying the device type without querying the remote content provider.
E/com.amazon.venezia/com.amazon.identity.auth.device.utils.DeviceTypeHelpers( 3097): Device code is invalid. Device appears to be configured incorrectly.
I/com.amazon.venezia/com.amazon.identity.auth.device.framework.RemoteMapInfo( 3097): Querying the device type without querying the remote content provider.
E/com.amazon.venezia/com.amazon.identity.auth.device.utils.DeviceTypeHelpers( 3097): Device code is invalid. Device appears to be configured incorrectly.
I/com.amazon.venezia/com.amazon.identity.auth.accounts.RegisterChildApplicationAction( 3097): Registering child application with device type A3GFS040JDOGQR, version 638000510, and component id com.amazon.venezia
I/com.amazon.venezia/com.amazon.identity.auth.accounts.DMSSubAuthenticator( 3097): Child Application device type A3GFS040JDOGQR is already registered
I/com.amazon.venezia/com.amazon.identity.auth.device.framework.RemoteMapInfo( 3097): Querying the device type without querying the remote content provider.
E/com.amazon.venezia/com.amazon.identity.auth.device.utils.DeviceTypeHelpers( 3097): Device code is invalid. Device appears to be configured incorrectly.
I/com.amazon.venezia/com.amazon.identity.auth.device.framework.RemoteMapInfo( 3097): Override DSN is not supported on this platform. Returning null
I/com.amazon.venezia/com.amazon.identity.auth.accounts.AccountManagerLogic( 3097): registerChildApplication device type:A3GFS040JDOGQR
I/com.amazon.venezia/com.amazon.identity.auth.device.framework.RemoteMapInfo( 3097): Querying the device type without querying the remote content provider.
E/com.amazon.venezia/com.amazon.identity.auth.device.utils.DeviceTypeHelpers( 3097): Device code is invalid. Device appears to be configured incorrectly.
I/com.amazon.venezia/com.amazon.identity.auth.device.framework.RemoteMapInfo( 3097): Querying the device type without querying the remote content provider.
E/com.amazon.venezia/com.amazon.identity.auth.device.utils.DeviceTypeHelpers( 3097): Device code is invalid. Device appears to be configured incorrectly.
I/com.amazon.venezia/com.amazon.identity.auth.accounts.RegisterChildApplicationAction( 3097): Registering child application with device type A3GFS040JDOGQR, version 638000510, and component id com.amazon.venezia
I/com.amazon.venezia/com.amazon.identity.auth.accounts.DMSSubAuthenticator( 3097): Child Application device type A3GFS040JDOGQR is already registered
I/com.amazon.venezia/com.amazon.identity.auth.device.framework.RemoteMapInfo( 3097): Querying the device type without querying the remote content provider.
E/com.amazon.venezia/com.amazon.identity.auth.device.utils.DeviceTypeHelpers( 3097): Device code is invalid. Device appears to be configured incorrectly.
I/com.amazon.venezia/com.amazon.identity.auth.device.framework.RemoteMapInfo( 3097): Override DSN is not supported on this platform. Returning null
I/com.amazon.venezia/com.amazon.identity.auth.accounts.AccountManagerLogic( 3097): registerChildApplication device type:A3GFS040JDOGQR
I/com.amazon.venezia/com.amazon.identity.auth.device.framework.RemoteMapInfo( 3097): Querying the device type without querying the remote content provider.
E/com.amazon.venezia/com.amazon.identity.auth.device.utils.DeviceTypeHelpers( 3097): Device code is invalid. Device appears to be configured incorrectly.
I/com.amazon.venezia/com.amazon.identity.auth.device.framework.RemoteMapInfo( 3097): Querying the device type without querying the remote content provider.
E/com.amazon.venezia/com.amazon.identity.auth.device.utils.DeviceTypeHelpers( 3097): Device code is invalid. Device appears to be configured incorrectly.
I/com.amazon.venezia/com.amazon.identity.auth.accounts.RegisterChildApplicationAction( 3097): Registering child application with device type A3GFS040JDOGQR, version 638000510, and component id com.amazon.venezia
I/com.amazon.venezia/com.amazon.identity.auth.accounts.DMSSubAuthenticator( 3097): Child Application device type A3GFS040JDOGQR is already registered
I/AmazonAppstore.SchedulePeriodicWork( 3097): com.amazon.venezia/com.amazon.mas.client.malware.blockedapp.BlockedAppService-com.amazon.mas.client.malware.blockedapp.get_blocked_apps encountering first work complete, scheduling repeating alarm.
I/GCM     ( 1347): GCM message com.texty.sms 0:1424237440458176%a0bb592a00170842
V/GCMBroadcastReceiver(30809): onReceive: com.google.android.c2dm.intent.RECEIVE
V/GCMBroadcastReceiver(30809): GCM IntentService class: com.texty.sms.GCMIntentService
V/GCMBaseIntentService(30809): Intent service name: GCMIntentService-82288362851-4
E/WifiStateMachine(  721): WifiStateMachine CMD_START_SCAN source -2 txSuccessRate=11.67 rxSuccessRate=9.75 targetRoamBSSID=88:f7:c7:2f:88:ca RSSI=-28
E/WifiStateMachine(  721): WifiStateMachine starting scan for "SurrenderNowOrPrepareToFi"WPA_PSK with 2412
I/wpa_supplicant(  863): wlan0: CTRL-EVENT-SCAN-STARTED 
D/WifiService(  721): acquireWifiLockLocked: WifiLock{NlpWifiLock type=2 binder=android.os.BinderProxy@36c8fa7}
E/WifiStateMachine(  721): WifiStateMachine CMD_START_SCAN source 10007 txSuccessRate=11.67 rxSuccessRate=9.75 targetRoamBSSID=88:f7:c7:2f:88:ca RSSI=-28
I/wpa_supplicant(  863): wlan0: CTRL-EVENT-SCAN-STARTED 
I/GCoreUlr( 1777): BLE: ALARM_WAKEUP_LOCATOR: scannerActive=false, enoughTimeElapsed=false; scan not started.
D/LocationFilter( 1777): Forcing stable location. Original location:Location[fused 37.345364,-121.948549 acc=20 et=+20h2m54s562ms] because connected WiFi network is the same, bssid=88:f7:c7:2f:88:ca
D/WifiService(  721): releaseWifiLockLocked: WifiLock{NlpWifiLock type=2 binder=android.os.BinderProxy@36c8fa7}
I/GCoreUlr( 1777): Successfully inserted location
I/GCoreUlr( 1777): Not calling LocationReporter, hasMoved: false, elapsed millis: 2318023, request: Stationary(3600000)
E/WifiStateMachine(  721): WifiStateMachine CMD_START_SCAN source -2 txSuccessRate=0.85 rxSuccessRate=1.12 targetRoamBSSID=88:f7:c7:2f:88:ca RSSI=-26
E/WifiStateMachine(  721): WifiStateMachine starting scan for "SurrenderNowOrPrepareToFi"WPA_PSK with 2412
I/wpa_supplicant(  863): wlan0: CTRL-EVENT-SCAN-STARTED 
W/GAV4    ( 1337): Thread[Thread-117,5,main]: Exception sending hit: HttpHostConnectException
W/GAV4    ( 1337): Thread[Thread-117,5,main]: Connection to https://ssl.google-analytics.com refused
W/GAV4    ( 1337): Thread[Thread-117,5,main]: Empty hitIds passed to deleteHits.
I/art     ( 1221): Background sticky concurrent mark sweep GC freed 89171(7MB) AllocSpace objects, 0(0B) LOS objects, 30% free, 17MB/25MB, paused 844us total 105.295ms
I/MediaRouter( 1300): Found default route: MediaRouter.RouteInfo{ uniqueId=android/mr:DEFAULT_ROUTE, name=Phone, description=null, enabled=true, connecting=false, playbackType=0, playbackStream=3, volumeHandling=1, volume=13, volumeMax=15, presentationDisplayId=-1, extras=null, providerPackageName=android }
W/ActivityManager(  721): Permission Denial: Accessing service ComponentInfo{com.google.android.music/com.google.android.music.dial.DialMediaRouteProviderService} from pid=1300, uid=10023 that is not exported from uid 10061
I/ActivityManager(  721): Start proc com.google.android.youtube for service com.google.android.youtube/.app.remote.YouTubeTvRouteProviderService: pid=7749 uid=10073 gids={50073, 9997, 3003, 1028, 1015} abi=armeabi-v7a
E/WifiStateMachine(  721): WifiStateMachine CMD_START_SCAN source 10007 txSuccessRate=0.18 rxSuccessRate=0.13 targetRoamBSSID=88:f7:c7:2f:88:ca RSSI=-31
I/wpa_supplicant(  863): wlan0: CTRL-EVENT-SCAN-STARTED 
E/WifiStateMachine(  721): WifiStateMachine CMD_START_SCAN source 10007 txSuccessRate=0.18 rxSuccessRate=0.13 targetRoamBSSID=88:f7:c7:2f:88:ca RSSI=-31
W/ResourcesManager( 7749): Asset path '/system/framework/com.android.media.remotedisplay.jar' does not exist or contains no resources.
W/ResourcesManager( 7749): Asset path '/system/framework/com.android.location.provider.jar' does not exist or contains no resources.
I/art     (  721): Explicit concurrent mark sweep GC freed 87150(4MB) AllocSpace objects, 2(335KB) LOS objects, 24% free, 50MB/66MB, paused 1.155ms total 84.868ms
V/JNIHelp ( 7749): Registering com/google/android/gms/org/conscrypt/NativeCrypto's 235 native methods...
I/ProviderInstaller( 7749): Installed default security provider GmsCore_OpenSSL
I/art     ( 1347): Explicit concurrent mark sweep GC freed 14498(805KB) AllocSpace objects, 0(0B) LOS objects, 40% free, 18MB/31MB, paused 453us total 18.924ms
I/art     ( 1347): Explicit concurrent mark sweep GC freed 5202(223KB) AllocSpace objects, 0(0B) LOS objects, 39% free, 18MB/31MB, paused 706us total 21.845ms
I/art     ( 7749): Explicit concurrent mark sweep GC freed 46016(2MB) AllocSpace objects, 4(64KB) LOS objects, 24% free, 17MB/23MB, paused 368us total 32.913ms
W/System.err( 7749): YouTube MDX: Bogus value in shared preferences for key MdxServerSelection value , returning default value.
I/System.out( 7749): YouTube MDX: MDX video stage moved to NEW
I/System.out( 7749): YouTube MDX: MDX video player state moved to UNSTARTED
I/System.out( 7749): YouTube MDX: MDX ad player state moved to UNSTARTED
I/System.out( 7749): YouTube MDX: MDX video stage moved to NEW
I/System.out( 7749): YouTube MDX: MDX video player state moved to UNSTARTED
I/System.out( 7749): YouTube MDX: MDX ad player state moved to UNSTARTED
E/GoogleConversionReporter( 7749): Error sending ping
E/GoogleConversionReporter( 7749): org.apache.http.conn.HttpHostConnectException: Connection to https://www.googleadservices.com refused
E/GoogleConversionReporter( 7749): 	at org.apache.http.impl.conn.DefaultClientConnectionOperator.openConnection(DefaultClientConnectionOperator.java:183)
E/GoogleConversionReporter( 7749): 	at org.apache.http.impl.conn.AbstractPoolEntry.open(AbstractPoolEntry.java:164)
E/GoogleConversionReporter( 7749): 	at org.apache.http.impl.conn.AbstractPooledConnAdapter.open(AbstractPooledConnAdapter.java:119)
E/GoogleConversionReporter( 7749): 	at org.apache.http.impl.client.DefaultRequestDirector.execute(DefaultRequestDirector.java:360)
E/GoogleConversionReporter( 7749): 	at org.apache.http.impl.client.AbstractHttpClient.execute(AbstractHttpClient.java:555)
E/GoogleConversionReporter( 7749): 	at org.apache.http.impl.client.AbstractHttpClient.execute(AbstractHttpClient.java:487)
E/GoogleConversionReporter( 7749): 	at org.apache.http.impl.client.AbstractHttpClient.execute(AbstractHttpClient.java:465)
E/GoogleConversionReporter( 7749): 	at android.net.http.AndroidHttpClient.execute(AndroidHttpClient.java:252)
E/GoogleConversionReporter( 7749): 	at aey.a(SourceFile:217)
E/GoogleConversionReporter( 7749): 	at afb.run(SourceFile:173)
E/GoogleConversionReporter( 7749): 	at java.lang.Thread.run(Thread.java:818)
E/GoogleConversionReporter( 7749): Caused by: java.net.ConnectException: failed to connect to /127.0.0.1 (port 443) after 60000ms: isConnected failed: ECONNREFUSED (Connection refused)
E/GoogleConversionReporter( 7749): 	at libcore.io.IoBridge.isConnected(IoBridge.java:238)
E/GoogleConversionReporter( 7749): 	at libcore.io.IoBridge.connectErrno(IoBridge.java:171)
E/GoogleConversionReporter( 7749): 	at libcore.io.IoBridge.connect(IoBridge.java:122)
E/GoogleConversionReporter( 7749): 	at java.net.PlainSocketImpl.connect(PlainSocketImpl.java:183)
E/GoogleConversionReporter( 7749): 	at java.net.PlainSocketImpl.connect(PlainSocketImpl.java:456)
E/GoogleConversionReporter( 7749): 	at java.net.Socket.connect(Socket.java:882)
E/GoogleConversionReporter( 7749): 	at org.apache.http.conn.scheme.PlainSocketFactory.connectSocket(PlainSocketFactory.java:119)
E/GoogleConversionReporter( 7749): 	at org.apache.http.impl.conn.DefaultClientConnectionOperator.openConnection(DefaultClientConnectionOperator.java:144)
E/GoogleConversionReporter( 7749): 	... 10 more
E/GoogleConversionReporter( 7749): Caused by: android.system.ErrnoException: isConnected failed: ECONNREFUSED (Connection refused)
E/GoogleConversionReporter( 7749): 	at libcore.io.IoBridge.isConnected(IoBridge.java:223)
E/GoogleConversionReporter( 7749): 	... 17 more
W/GAV2    ( 1300): Thread[Background Non-Blocking-2,5,main]: dispatch call queued.  Need to call GAServiceManager.getInstance().initialize().
W/HandlerScheduledExecuto( 1300): Task does not implement UiTask. Consider using NamedUiRunnable for gce@332246ab
W/HandlerScheduledExecuto( 1300): Task does not implement UiTask. Consider using NamedUiRunnable for gce@332246ab
I/TrainingQuestionManagerImpl( 1300): updateFromServerResponse: no new training mode data and no pending answered questions to clear
W/GAV4    ( 1337): Thread[Thread-117,5,main]: Exception sending hit: HttpHostConnectException
W/GAV4    ( 1337): Thread[Thread-117,5,main]: Connection to https://ssl.google-analytics.com refused
W/GAV4    ( 1337): Thread[Thread-117,5,main]: Empty hitIds passed to deleteHits.
I/ActivityManager(  721): Killing 5772:com.google.android.apps.docs/u0a37 (adj 15): empty #17
W/libprocessgroup(  721): failed to open /acct/uid_10037/pid_5772/cgroup.procs: No such file or directory
E/WifiStateMachine(  721): WifiStateMachine CMD_START_SCAN source -2 txSuccessRate=7.29 rxSuccessRate=6.53 targetRoamBSSID=88:f7:c7:2f:88:ca RSSI=-30
E/WifiStateMachine(  721): WifiStateMachine starting scan for "SurrenderNowOrPrepareToFi"WPA_PSK with 2412
I/wpa_supplicant(  863): wlan0: CTRL-EVENT-SCAN-STARTED 
I/GCoreUlr( 1777): BLE: ALARM_WAKEUP_LOCATOR: scannerActive=false, enoughTimeElapsed=false; scan not started.
E/WifiStateMachine(  721): WifiStateMachine CMD_START_SCAN source -2 txSuccessRate=0.06 rxSuccessRate=0.03 targetRoamBSSID=88:f7:c7:2f:88:ca RSSI=-36
E/WifiStateMachine(  721): WifiStateMachine starting scan for "SurrenderNowOrPrepareToFi"WPA_PSK with 2412
I/wpa_supplicant(  863): wlan0: CTRL-EVENT-SCAN-STARTED 
D/WifiService(  721): acquireWifiLockLocked: WifiLock{NlpWifiLock type=2 binder=android.os.BinderProxy@2b6ba817}
E/WifiStateMachine(  721): WifiStateMachine CMD_START_SCAN source 10007 txSuccessRate=0.06 rxSuccessRate=0.03 targetRoamBSSID=88:f7:c7:2f:88:ca RSSI=-36
E/WifiStateMachine(  721): WifiStateMachine CMD_START_SCAN source 10007 txSuccessRate=0.06 rxSuccessRate=0.03 targetRoamBSSID=88:f7:c7:2f:88:ca RSSI=-36
I/wpa_supplicant(  863): wlan0: CTRL-EVENT-SCAN-STARTED 
D/LocationFilter( 1777): Forcing stable location. Original location:Location[fused 37.345370,-121.948562 acc=24 et=+20h3m55s826ms] because connected WiFi network is the same, bssid=88:f7:c7:2f:88:ca
D/WifiService(  721): releaseWifiLockLocked: WifiLock{NlpWifiLock type=2 binder=android.os.BinderProxy@2b6ba817}
I/GCoreUlr( 1777): Successfully inserted location
I/GCoreUlr( 1777): Not calling LocationReporter, hasMoved: false, elapsed millis: 2379233, request: Stationary(3600000)
E/WifiStateMachine(  721): WifiStateMachine CMD_START_SCAN source -2 txSuccessRate=0.63 rxSuccessRate=0.63 targetRoamBSSID=88:f7:c7:2f:88:ca RSSI=-49
E/WifiStateMachine(  721): WifiStateMachine starting scan for "SurrenderNowOrPrepareToFi"WPA_PSK with 2412
I/wpa_supplicant(  863): wlan0: CTRL-EVENT-SCAN-STARTED 
I/art     ( 1777): Explicit concurrent mark sweep GC freed 82763(5MB) AllocSpace objects, 0(0B) LOS objects, 40% free, 21MB/36MB, paused 799us total 56.354ms
I/Icing   ( 1337): Indexing C57870ABE5A338C473E8DF49FB48291C9602B581 from com.android.chrome
I/Icing   ( 1337): Indexing done C57870ABE5A338C473E8DF49FB48291C9602B581
I/art     (  721): Explicit concurrent mark sweep GC freed 52876(2MB) AllocSpace objects, 1(167KB) LOS objects, 24% free, 50MB/66MB, paused 1.180ms total 81.286ms
D/AndroidRuntime( 8004): 
D/AndroidRuntime( 8004): >>>>>> AndroidRuntime START com.android.internal.os.RuntimeInit <<<<<<
D/AndroidRuntime( 8004): CheckJNI is OFF
D/AndroidRuntime( 8004): Calling main entry com.android.commands.pm.Pm
D/Finsky  (17224): [1] PackageVerificationReceiver.onReceive: Verification requested, id = 10
D/Finsky  (17224): [1] WorkerTask.onPreExecute: Verification Requested for id = 10, data=file:///data/local/tmp/com.fireminder.podcastcatcher flags=114 fromVerificationActivity=false
D/Finsky  (17224): [1] 2.onResponse: Verification id=10 response=0
D/Finsky  (17224): [1] PackageVerificationReceiver.onReceive: Verification requested, id = 10
D/DefContainer(  917): Copying /data/local/tmp/com.fireminder.podcastcatcher to base.apk
D/PackageManager(  721): Renaming /data/app/vmdl277563866.tmp to /data/app/com.fireminder.podcastcatcher-1
I/ActivityManager(  721): Force stopping com.fireminder.podcastcatcher appid=10135 user=-1: uninstall pkg
I/ActivityManager(  721): Killing 7064:com.fireminder.podcastcatcher/u0a135 (adj 0): stop com.fireminder.podcastcatcher
I/WindowState(  721): WIN DEATH: Window{1e645a14 u0 com.fireminder.podcastcatcher/com.fireminder.podcastcatcher.ui.PodcastsActivity}
I/WindowState(  721): WIN DEATH: Window{10f6c63d u0 com.fireminder.podcastcatcher/com.fireminder.podcastcatcher.ui.PodcastsActivity}
W/ActivityManager(  721): Scheduling restart of crashed service com.fireminder.podcastcatcher/.services.SubscriptionService in 1000ms
W/ActivityManager(  721): Force removing ActivityRecord{198b720b u0 com.fireminder.podcastcatcher/.ui.PodcastsActivity t3851}: app died, no saved state
I/ActivityManager(  721):   Force finishing activity ActivityRecord{2eb8fd4a u0 com.fireminder.podcastcatcher/.ui.PodcastsActivity t3851}
I/PackageManager(  721): Package com.fireminder.podcastcatcher codePath changed from /data/app/com.fireminder.podcastcatcher-2 to /data/app/com.fireminder.podcastcatcher-1; Retaining data and using new
I/ActivityManager(  721):   Force stopping service ServiceRecord{18fb2b48 u0 com.fireminder.podcastcatcher/.services.SubscriptionService}
I/art     (  721): DexFile_isDexOptNeeded failed to open oat file '/data/dalvik-cache/arm/data@app@com.fireminder.podcastcatcher-1@base.apk@classes.dex' for file location '/data/app/com.fireminder.podcastcatcher-1/base.apk': Failed to open oat filename for reading: No such file or directory
I/art     (  721): DexFile_isDexOptNeeded failed to open oat file '/data/app/com.fireminder.podcastcatcher-1/arm/base.odex' for file location '/data/app/com.fireminder.podcastcatcher-1/base.apk': Failed to open oat filename for reading: No such file or directory
I/PackageManager(  721): Running dexopt on: /data/app/com.fireminder.podcastcatcher-1/base.apk pkg=com.fireminder.podcastcatcher isa=arm vmSafeMode=false
W/ActivityManager(  721): Spurious death for ProcessRecord{32ed9464 7064:com.fireminder.podcastcatcher/u0a135}, curProc for 7064: null
I/dex2oat ( 8025): /system/bin/dex2oat --zip-fd=6 --zip-location=/data/app/com.fireminder.podcastcatcher-1/base.apk --oat-fd=7 --oat-location=/data/dalvik-cache/arm/data@app@com.fireminder.podcastcatcher-1@base.apk@classes.dex --instruction-set=arm --instruction-set-features=div --runtime-arg -Xms64m --runtime-arg -Xmx512m
I/art     ( 1737): Explicit concurrent mark sweep GC freed 17203(926KB) AllocSpace objects, 0(0B) LOS objects, 39% free, 20MB/34MB, paused 731us total 19.732ms
W/art     ( 1737): Attempt to remove local handle scope entry from IRT, ignoring
W/InputMethodManagerService(  721): Got RemoteException sending setActive(false) notification to pid 7064 uid 10135
W/dex2oat ( 8025): Before Android 4.1, method int android.support.v7.internal.widget.ListViewCompat.lookForSelectablePosition(int, boolean) would have incorrectly overridden the package-private method in android.widget.ListView
I/art     (  721): Explicit concurrent mark sweep GC freed 49214(2MB) AllocSpace objects, 19(419KB) LOS objects, 24% free, 50MB/66MB, paused 1.133ms total 107.612ms
I/dex2oat ( 8025): dex2oat took 1.780s (threads: 4)
I/ActivityManager(  721): Force stopping com.fireminder.podcastcatcher appid=10135 user=-1: update pkg
W/PackageManager(  721): Code path for pkg : com.fireminder.podcastcatcher changing from /data/app/com.fireminder.podcastcatcher-2 to /data/app/com.fireminder.podcastcatcher-1
W/PackageManager(  721): Resource path for pkg : com.fireminder.podcastcatcher changing from /data/app/com.fireminder.podcastcatcher-2 to /data/app/com.fireminder.podcastcatcher-1
I/ActivityManager(  721): Force stopping com.fireminder.podcastcatcher appid=10135 user=0: pkg removed
I/art     ( 6382): Explicit concurrent mark sweep GC freed 2245(145KB) AllocSpace objects, 3(243KB) LOS objects, 24% free, 15MB/20MB, paused 220us total 9.938ms
I/art     ( 3652): Explicit concurrent mark sweep GC freed 61(2464B) AllocSpace objects, 0(0B) LOS objects, 24% free, 16MB/21MB, paused 264us total 17.564ms
I/art     (30809): Explicit concurrent mark sweep GC freed 5053(355KB) AllocSpace objects, 4(64KB) LOS objects, 25% free, 16MB/22MB, paused 281us total 21.190ms
D/BackupManagerService(  721): Received broadcast Intent { act=android.intent.action.PACKAGE_REMOVED dat=package:com.fireminder.podcastcatcher flg=0x4000010 (has extras) }
D/JobSchedulerService(  721): Receieved: android.intent.action.PACKAGE_REMOVED
E/com.amazon.venezia/com.amazon.identity.auth.device.framework.MAPApplicationInformationQueryer( 3097): Notified by action android.intent.action.PACKAGE_REMOVED to invalidate app cache
I/InputReader(  721): Reconfiguring input devices.  changes=0x00000010
I/art     (  896): Explicit concurrent mark sweep GC freed 18712(931KB) AllocSpace objects, 6(3MB) LOS objects, 30% free, 36MB/52MB, paused 7.304ms total 40.503ms
I/art     ( 1300): Explicit concurrent mark sweep GC freed 5022(311KB) AllocSpace objects, 1(29KB) LOS objects, 24% free, 20MB/27MB, paused 489us total 75.840ms
I/InputReader(  721): Reconfiguring input devices.  changes=0x00000010
E/com.amazon.venezia/com.amazon.identity.auth.device.framework.MAPApplicationInformationQueryer( 3097): Notified by action android.intent.action.PACKAGE_ADDED to invalidate app cache
I/art     ( 1257): Explicit concurrent mark sweep GC freed 22640(666KB) AllocSpace objects, 6(878KB) LOS objects, 12% free, 54MB/62MB, paused 432us total 80.275ms
W/Settings(  721): Setting install_non_market_apps has moved from android.provider.Settings.Global to android.provider.Settings.Secure, returning read-only value.
I/InputReader(  721): Reconfiguring input devices.  changes=0x00000010
E/com.amazon.venezia/com.amazon.identity.auth.device.framework.MAPApplicationInformationQueryer( 3097): Notified by action android.intent.action.PACKAGE_REPLACED to invalidate app cache
I/art     ( 1347): Explicit concurrent mark sweep GC freed 3695(199KB) AllocSpace objects, 0(0B) LOS objects, 39% free, 18MB/31MB, paused 983us total 21.326ms
I/art     (  195): Explicit concurrent mark sweep GC freed 709(30KB) AllocSpace objects, 0(0B) LOS objects, 40% free, 15MB/25MB, paused 196us total 7.998ms
I/ActivityManager(  721): Start proc com.android.keychain for broadcast com.android.keychain/.KeyChainBroadcastReceiver: pid=8076 uid=1000 gids={41000, 9997, 1028, 1015, 3002, 3001, 3003} abi=armeabi-v7a
I/art     (  195): Explicit concurrent mark sweep GC freed 5(160B) AllocSpace objects, 0(0B) LOS objects, 40% free, 15MB/25MB, paused 225us total 8.451ms
I/art     (  195): Explicit concurrent mark sweep GC freed 5(160B) AllocSpace objects, 0(0B) LOS objects, 40% free, 15MB/25MB, paused 170us total 7.674ms
W/InputMethodInfo(  721): Duplicated subtype definition found: , voice
D/BackupManagerService(  721): Received broadcast Intent { act=android.intent.action.PACKAGE_ADDED dat=package:com.fireminder.podcastcatcher flg=0x4000010 (has extras) }
W/BackupManagerService(  721): Removing schedule queue dupe of com.fireminder.podcastcatcher
